EESchema (2007-01-15)  >> Creation date: 22/8/2008-20:29:35

#Cmp ( order = Reference )
| C1         47nF        
| C10        100nF       
| C11        4700uF      
| C12        4700uF      
| C13        1000uF      
| C14        1000uF      
| C15        1000uF      
| C16        1000uF      
| C17        1000uF      
| C18        1000uF      
| C19        1000uF      
| C2         1uF         
| C20        1000uF      
| C21        1000uF      
| C22        1000uF      
| C23        1000uF      
| C24        1000uF      
| C25        100nF       
| C26        100nF       
| C27        220nF       
| C4         100uF       
| C5         22nF        
| C6         100uF       
| C7         220nF       
| C8         47nF        
| C9         100nF       
| D1         1N4148      
| D10        LED         
| D12        LED         
| D13        LED         
| D14        LED         
| D15        LED         
| D16        LED         
| D17        LED         
| D18        LED         
| D19        LED         
| D2         1N4148      
| D20        LED         
| D21        1N4148      
| D22        1N4001      
| D23        1N4148      
| D24        1N4148      
| D25        1N4148      
| D26        1N4148      
| D3         1N4148      
| D4         1N4148      
| D5         1N4148      
| D6         DIODE 4A    
| D7         DIODE 4A    
| D8         DIODE 4A    
| D9         DIODE 4A    
| F1         1.5AT       
| F2         1.5AT       
| J1         DB25 MALE   
| J2         DB9 FEMALE  
| J3         CONN_3      
| J4         CONN_2      
| J5         CONN_2      
| K1         FEME VMA00112
| O1         PC817       
| O10        PC817       
| O11        PC817       
| O12        PC817       
| O13        PC817       
| O2         PC817       
| O3         PC817       
| O4         PC817       
| O5         PC817       
| O6         PC817       
| O7         PC817       
| O8         PC817       
| O9         PC817       
| P1         CONN_6      
| P2         CONN_6      
| P3         CONN_6      
| P4         CONN_6      
| P5         CONN_2      
| P6         CONN_5      
| P7         CONN_5X2    
| P8         CONN_13X2   
| P9         CONN_3      
| Q1         BC327       
| Q2         BC327       
| Q3         BC337       
| Q4         BC337       
| Q5         BC337       
| Q6         TIP121      
| Q7         TIP126      
| R1         0R33        
| R10        10k         
| R11        4k7         
| R12        4k7         
| R13        4k7         
| R14        4k7         
| R15        33k         
| R16        10k         
| R17        22k         
| R18        22k         
| R19        1k          
| R2         0R33        
| R20        1k          
| R21        1k          
| R22        5k6         
| R23        100         
| R24        5k6         
| R25        1k          
| R26        1k          
| R27        1k          
| R28        10k         
| R29        2k2         
| R3         470R        
| R30        5k6         
| R31        1k          
| R32        10k         
| R33        10k         
| R34        5k6         
| R35        470R        
| R36        470R        
| R37        470R        
| R38        4k7         
| R39        1k          
| R4         470R        
| R40        1k          
| R41        1k          
| R42        330R        
| R43        330R        
| R44        330R        
| R45        330R        
| R46        1k          
| R47        33k         
| R48        100k        
| R49        390R        
| R5         470R        
| R50        390R        
| R51        39R         
| R52        5k6         
| R53        470k        
| R54        1k          
| R55        10k         
| R56        3k3         
| R58        2k2         
| R6         470R        
| R7         10k         
| R8         10k         
| R9         10k         
| U1         4011        
| U2         74HC244     
| U3         74HC244     
| U4         LM741       
| U5         LM7805      
| U6         LM7812      
| U7         ULN2803A    
| Z1         ZENER 15V   
#End Cmp

#Cmp ( order = Value )
| 0R33         R1        
| 0R33         R2        
| 1.5AT        F1        
| 1.5AT        F2        
| 100          R23       
| 1000uF       C13       
| 1000uF       C14       
| 1000uF       C15       
| 1000uF       C16       
| 1000uF       C17       
| 1000uF       C18       
| 1000uF       C19       
| 1000uF       C20       
| 1000uF       C21       
| 1000uF       C22       
| 1000uF       C23       
| 1000uF       C24       
| 100k         R48       
| 100nF        C10       
| 100nF        C25       
| 100nF        C26       
| 100nF        C9        
| 100uF        C4        
| 100uF        C6        
| 10k          R10       
| 10k          R16       
| 10k          R28       
| 10k          R32       
| 10k          R33       
| 10k          R55       
| 10k          R7        
| 10k          R8        
| 10k          R9        
| 1k           R19       
| 1k           R20       
| 1k           R21       
| 1k           R25       
| 1k           R26       
| 1k           R27       
| 1k           R31       
| 1k           R39       
| 1k           R40       
| 1k           R41       
| 1k           R46       
| 1k           R54       
| 1N4001       D22       
| 1N4148       D1        
| 1N4148       D2        
| 1N4148       D21       
| 1N4148       D23       
| 1N4148       D24       
| 1N4148       D25       
| 1N4148       D26       
| 1N4148       D3        
| 1N4148       D4        
| 1N4148       D5        
| 1uF          C2        
| 220nF        C27       
| 220nF        C7        
| 22k          R17       
| 22k          R18       
| 22nF         C5        
| 2k2          R29       
| 2k2          R58       
| 330R         R42       
| 330R         R43       
| 330R         R44       
| 330R         R45       
| 33k          R15       
| 33k          R47       
| 390R         R49       
| 390R         R50       
| 39R          R51       
| 3k3          R56       
| 4011         U1        
| 4700uF       C11       
| 4700uF       C12       
| 470k         R53       
| 470R         R3        
| 470R         R35       
| 470R         R36       
| 470R         R37       
| 470R         R4        
| 470R         R5        
| 470R         R6        
| 47nF         C1        
| 47nF         C8        
| 4k7          R11       
| 4k7          R12       
| 4k7          R13       
| 4k7          R14       
| 4k7          R38       
| 5k6          R22       
| 5k6          R24       
| 5k6          R30       
| 5k6          R34       
| 5k6          R52       
| 74HC244      U2        
| 74HC244      U3        
| BC327        Q1        
| BC327        Q2        
| BC337        Q3        
| BC337        Q4        
| BC337        Q5        
| CONN_13X2    P8        
| CONN_2       J4        
| CONN_2       J5        
| CONN_2       P5        
| CONN_3       J3        
| CONN_3       P9        
| CONN_5       P6        
| CONN_5X2     P7        
| CONN_6       P1        
| CONN_6       P2        
| CONN_6       P3        
| CONN_6       P4        
| DB25 MALE    J1        
| DB9 FEMALE   J2        
| DIODE 4A     D6        
| DIODE 4A     D7        
| DIODE 4A     D8        
| DIODE 4A     D9        
| FEME VMA00112 K1        
| LED          D10       
| LED          D12       
| LED          D13       
| LED          D14       
| LED          D15       
| LED          D16       
| LED          D17       
| LED          D18       
| LED          D19       
| LED          D20       
| LM741        U4        
| LM7805       U5        
| LM7812       U6        
| PC817        O1        
| PC817        O10       
| PC817        O11       
| PC817        O12       
| PC817        O13       
| PC817        O2        
| PC817        O3        
| PC817        O4        
| PC817        O5        
| PC817        O6        
| PC817        O7        
| PC817        O8        
| PC817        O9        
| TIP121       Q6        
| TIP126       Q7        
| ULN2803A     U7        
| ZENER 15V    Z1        
#End Cmp

#End List
