MPLINK 4.37, Linker
Linker Map File - Created Sun Jul 17 19:23:03 2011

                                 Section Info
                  Section       Type    Address   Location Size(Bytes)
                ---------  ---------  ---------  ---------  ---------
                   .org_0       code   0x000000    program   0x000004
                   .org_1       code   0x000008    program   0x000004
                   .org_2       code   0x000018    program   0x000004
                   .org_3       code   0x000020    program   0x0001dc
               _entry_scn       code   0x000800    program   0x000008
              high_vector       code   0x000808    program   0x00000e
                   .cinit    romdata   0x000816    program   0x000002
               low_vector       code   0x000818    program   0x000006
           .code___init.o       code   0x00081e    program   0x000002
               parameters    romdata   0x000820    program   0x000007
      .idata_commands.o_i    romdata   0x000827    program   0x000000
      .romdata_commands.o    romdata   0x000827    program   0x000000
      .idata_isr_high.o_i    romdata   0x000827    program   0x000000
      .romdata_isr_high.o    romdata   0x000827    program   0x000000
       .idata_isr_low.o_i    romdata   0x000827    program   0x000000
       .romdata_isr_low.o    romdata   0x000827    program   0x000000
     .idata_mode_cmds.o_i    romdata   0x000827    program   0x000000
     .romdata_mode_cmds.o    romdata   0x000827    program   0x000000
    .idata_packet_gen.o_i    romdata   0x000827    program   0x000000
    .romdata_packet_gen.o    romdata   0x000827    program   0x000000
    .idata_power_cmds.o_i    romdata   0x000827    program   0x000000
    .romdata_power_cmds.o    romdata   0x000827    program   0x000000
        .romdata___init.o    romdata   0x000827    program   0x000000
  .idata_program_cmds.o_i    romdata   0x000827    program   0x000000
  .romdata_program_cmds.o    romdata   0x000827    program   0x000000
        .idata___init.o_i    romdata   0x000827    program   0x000000
          .idata_c018.o_i    romdata   0x000827    program   0x000000
          .romdata_c018.o    romdata   0x000827    program   0x000000
      .idata_can_send.o_i    romdata   0x000827    program   0x000000
      .romdata_can_send.o    romdata   0x000827    program   0x000000
        .idata_cancmd.o_i    romdata   0x000827    program   0x000000
        .romdata_cancmd.o    romdata   0x000827    program   0x000000
   .romdata_cbus_common.o    romdata   0x000827    program   0x000000
   .idata_cbus_common.o_i    romdata   0x000827    program   0x000000
      .code_cbus_common.o       code   0x000828    program   0x000000
             .code_c018.o       code   0x000828    program   0x000000
         .code_can_send.o       code   0x000828    program   0x000000
     .code_program_cmds.o       code   0x000828    program   0x000000
           .code_cancmd.o       code   0x000828    program   0x000000
       .code_power_cmds.o       code   0x000828    program   0x000000
       .code_packet_gen.o       code   0x000828    program   0x000000
         .code_commands.o       code   0x000828    program   0x000000
         .code_isr_high.o       code   0x000828    program   0x000000
          .code_isr_low.o       code   0x000828    program   0x000000
        .code_mode_cmds.o       code   0x000828    program   0x000000
                    .code       code   0x000840    program   0x000020
                      APP       code   0x000860    program   0x0030f4
  .config_300001_cancmd.o    romdata   0x300001    program   0x000001
  .config_300002_cancmd.o    romdata   0x300002    program   0x000001
  .config_300003_cancmd.o    romdata   0x300003    program   0x000001
  .config_300005_cancmd.o    romdata   0x300005    program   0x000001
  .config_300006_cancmd.o    romdata   0x300006    program   0x000001
  .config_300008_cancmd.o    romdata   0x300008    program   0x000001
  .config_300009_cancmd.o    romdata   0x300009    program   0x000001
  .config_30000a_cancmd.o    romdata   0x30000a    program   0x000001
  .config_30000b_cancmd.o    romdata   0x30000b    program   0x000001
  .config_30000c_cancmd.o    romdata   0x30000c    program   0x000001
  .config_30000d_cancmd.o    romdata   0x30000d    program   0x000001
                   EEPROM    romdata   0xf00000    program   0x000004
                 BOOTFLAG    romdata   0xf000ff    program   0x000001
                     VARS      udata   0x000000       data   0x00004d
                 .tmpdata      udata   0x00004d       data   0x000004
             isr_high_tmp      udata   0x000051       data   0x000002
                MATH_DATA      udata   0x000053       data   0x000002
                 ISR_VARS      udata   0x000060       data   0x000008
                  Q_QUEUE      udata   0x000100       data   0x000100
                   .stack      udata   0x000200       data   0x000060
                  S_QUEUE      udata   0x000260       data   0x000080
     .udata_cbus_common.o      udata   0x0002e0       data   0x000002
          .idata___init.o      idata   0x0002e2       data   0x000000
          .udata___init.o      udata   0x0002e2       data   0x000000
    .idata_program_cmds.o      idata   0x0002e2       data   0x000000
    .udata_program_cmds.o      udata   0x0002e2       data   0x000000
      .idata_power_cmds.o      idata   0x0002e2       data   0x000000
      .udata_power_cmds.o      udata   0x0002e2       data   0x000000
            .udata_c018.o      udata   0x0002e2       data   0x000000
      .idata_packet_gen.o      idata   0x0002e2       data   0x000000
      .udata_packet_gen.o      udata   0x0002e2       data   0x000000
       .idata_mode_cmds.o      idata   0x0002e2       data   0x000000
          .udata_cancmd.o      udata   0x0002e2       data   0x000000
          .idata_cancmd.o      idata   0x0002e2       data   0x000000
        .idata_can_send.o      idata   0x0002e2       data   0x000000
     .idata_cbus_common.o      idata   0x0002e2       data   0x000000
        .udata_commands.o      udata   0x0002e2       data   0x000000
        .idata_commands.o      idata   0x0002e2       data   0x000000
       .udata_mode_cmds.o      udata   0x0002e2       data   0x000000
         .idata_isr_low.o      idata   0x0002e2       data   0x000000
         .udata_isr_low.o      udata   0x0002e2       data   0x000000
        .udata_isr_high.o      udata   0x0002e2       data   0x000000
        .idata_isr_high.o      idata   0x0002e2       data   0x000000
        .udata_can_send.o      udata   0x0002e2       data   0x000000
            .idata_c018.o      idata   0x0002e2       data   0x000000
              SFR_BANKED0      udata   0x000d60       data   0x00000c
              SFR_BANKED1      udata   0x000d70       data   0x00000c
              SFR_BANKED2      udata   0x000d80       data   0x00000c
              SFR_BANKED3      udata   0x000d90       data   0x000004
              SFR_BANKED4      udata   0x000dd4       data   0x000002
              SFR_BANKED5      udata   0x000dd8       data   0x000001
              SFR_BANKED6      udata   0x000de0       data   0x000008
              SFR_BANKED7      udata   0x000df0       data   0x000004
              SFR_BANKED8      udata   0x000df8       data   0x000001
              SFR_BANKED9      udata   0x000dfa       data   0x000001
             SFR_BANKED10      udata   0x000dfc       data   0x000001
             SFR_BANKED11      udata   0x000e20       data   0x000060
             SFR_BANKED12      udata   0x000f00       data   0x000060
            SFR_UNBANKED0      udata   0x000f60       data   0x000018
            SFR_UNBANKED1      udata   0x000f80       data   0x000080



                              Program Memory Usage 
                               Start         End      
                           ---------   ---------      
                            0x000000    0x000003      
                            0x000008    0x00000b      
                            0x000018    0x00001b      
                            0x000020    0x0001fb      
                            0x000800    0x000826      
                            0x000840    0x003953      
                            0x300001    0x300003      
                            0x300005    0x300006      
                            0x300008    0x30000d      
                            0xf00000    0xf00003      
                            0xf000ff    0xf000ff      
            13107 out of 16662 program addresses used, program memory utilization is 78%



                              Symbols - Sorted by Name
                     Name    Address   Location    Storage File                     
                ---------  ---------  ---------  --------- ---------                
            HIGH_INT_VECT   0x000808    program     extern D:\Work\mr\merg\cbus\mplabprj\cancmd3d\cancmd.c
             LOW_INT_VECT   0x000818    program     extern D:\Work\mr\merg\cbus\mplabprj\cancmd3d\cancmd.c
               RESET_VECT   0x000800    program     extern D:\Work\mr\merg\cbus\mplabprj\cancmd3d\c018.c
             _.org_3_0034   0x000034    program     static D:\Work\mr\merg\cbus\mplabprj\cancmd3d\Boot3.asm
             _.org_3_009C   0x00009c    program     static D:\Work\mr\merg\cbus\mplabprj\cancmd3d\Boot3.asm
             _.org_3_01C6   0x0001c6    program     static D:\Work\mr\merg\cbus\mplabprj\cancmd3d\Boot3.asm
                 _CANInit   0x000040    program     static D:\Work\mr\merg\cbus\mplabprj\cancmd3d\Boot3.asm
                 _CANMain   0x000096    program     static D:\Work\mr\merg\cbus\mplabprj\cancmd3d\Boot3.asm
              _CANMainJp1   0x00009e    program     static D:\Work\mr\merg\cbus\mplabprj\cancmd3d\Boot3.asm
              _CANMainJp2   0x0000ac    program     static D:\Work\mr\merg\cbus\mplabprj\cancmd3d\Boot3.asm
             _CANSendBoot   0x0001f2    program     static D:\Work\mr\merg\cbus\mplabprj\cancmd3d\Boot3.asm
          _CANSendMessage   0x0001c4    program     static D:\Work\mr\merg\cbus\mplabprj\cancmd3d\Boot3.asm
              _CANSendNOK   0x0001ea    program     static D:\Work\mr\merg\cbus\mplabprj\cancmd3d\Boot3.asm
               _CANSendOK   0x0001e2    program     static D:\Work\mr\merg\cbus\mplabprj\cancmd3d\Boot3.asm
                _CFGWrite   0x00018c    program     static D:\Work\mr\merg\cbus\mplabprj\cancmd3d\Boot3.asm
              _ControlReg   0x0000b0    program     static D:\Work\mr\merg\cbus\mplabprj\cancmd3d\Boot3.asm
           _ControlRegLp1   0x0000b4    program     static D:\Work\mr\merg\cbus\mplabprj\cancmd3d\Boot3.asm
                 _DataReg   0x000106    program     static D:\Work\mr\merg\cbus\mplabprj\cancmd3d\Boot3.asm
                  _Decode   0x000128    program     static D:\Work\mr\merg\cbus\mplabprj\cancmd3d\Boot3.asm
               _DecodeJp1   0x000130    program     static D:\Work\mr\merg\cbus\mplabprj\cancmd3d\Boot3.asm
               _DecodeJp2   0x000138    program     static D:\Work\mr\merg\cbus\mplabprj\cancmd3d\Boot3.asm
                 _EEWrite   0x0001a4    program     static D:\Work\mr\merg\cbus\mplabprj\cancmd3d\Boot3.asm
                 _PMErase   0x000144    program     static D:\Work\mr\merg\cbus\mplabprj\cancmd3d\Boot3.asm
              _PMEraseJp1   0x00014a    program     static D:\Work\mr\merg\cbus\mplabprj\cancmd3d\Boot3.asm
            _PMEraseWrite   0x000140    program     static D:\Work\mr\merg\cbus\mplabprj\cancmd3d\Boot3.asm
           _PMReadBackLp1   0x00017c    program     static D:\Work\mr\merg\cbus\mplabprj\cancmd3d\Boot3.asm
                 _PMWrite   0x00014e    program     static D:\Work\mr\merg\cbus\mplabprj\cancmd3d\Boot3.asm
              _PMWriteLp1   0x00015c    program     static D:\Work\mr\merg\cbus\mplabprj\cancmd3d\Boot3.asm
              _PMWriteLp2   0x00016c    program     static D:\Work\mr\merg\cbus\mplabprj\cancmd3d\Boot3.asm
         _ReadWriteMemory   0x0000ac    program     static D:\Work\mr\merg\cbus\mplabprj\cancmd3d\Boot3.asm
             _SetPointers   0x000106    program     static D:\Work\mr\merg\cbus\mplabprj\cancmd3d\Boot3.asm
          _SetPointersJp1   0x000128    program     static D:\Work\mr\merg\cbus\mplabprj\cancmd3d\Boot3.asm
           _SpecialCmdJp1   0x0000e4    program     static D:\Work\mr\merg\cbus\mplabprj\cancmd3d\Boot3.asm
           _SpecialCmdJp2   0x0000fc    program     static D:\Work\mr\merg\cbus\mplabprj\cancmd3d\Boot3.asm
           _SpecialCmdJp3   0x0000fe    program     static D:\Work\mr\merg\cbus\mplabprj\cancmd3d\Boot3.asm
           _SpecialCmdJp4   0x0000d4    program     static D:\Work\mr\merg\cbus\mplabprj\cancmd3d\Boot3.asm
              _StartWrite   0x000020    program     static D:\Work\mr\merg\cbus\mplabprj\cancmd3d\Boot3.asm
            _UpdateChksum   0x000038    program     static D:\Work\mr\merg\cbus\mplabprj\cancmd3d\Boot3.asm
      ___case_10_lbl00019   0x0010ec    program     static                          
     ___case_115_lbl00025   0x001144    program     static                          
     ___case_128_lbl00016   0x0010e0    program     static                          
     ___case_130_lbl00006   0x0010c2    program     static                          
     ___case_131_lbl00005   0x0010c2    program     static                          
     ___case_132_lbl00008   0x0010c2    program     static                          
     ___case_160_lbl00015   0x0010e0    program     static                          
     ___case_162_lbl00007   0x0010c2    program     static                          
     ___case_192_lbl00014   0x0010e0    program     static                          
     ___case_224_lbl00013   0x0010e0    program     static                          
      ___case_33_lbl00011   0x0010d4    program     static                          
      ___case_34_lbl00012   0x0010da    program     static                          
      ___case_35_lbl00004   0x0010bc    program     static                          
      ___case_64_lbl00009   0x0010c8    program     static                          
      ___case_65_lbl00020   0x001100    program     static                          
      ___case_68_lbl00010   0x0010ce    program     static                          
      ___case_69_lbl00021   0x001118    program     static                          
      ___case_71_lbl00003   0x0010b6    program     static                          
       ___case_8_lbl00018   0x0010e6    program     static                          
      ___case_92_lbl00023   0x00111e    program     static                          
      ___case_96_lbl00002   0x0010b6    program     static                          
       ___case_9_lbl00017   0x0010e6    program     static                          
      ___default_lbl00026   0x001170    program     static                          
         ___else_lbl00029   0x001190    program     static                          
           ___if_lbl00022   0x001142    program     static                          
           ___if_lbl00024   0x00116e    program     static                          
           ___if_lbl00027   0x00118e    program     static                          
           ___if_lbl00028   0x001190    program     static                          
       ___return_lbl00000   0x001190    program     static                          
       ___return_lbl00000   0x000806    program     static                          
       ___return_lbl00000   0x00080c    program     static                          
       ___return_lbl00001   0x000814    program     static                          
       ___return_lbl00001   0x000886    program     static                          
       ___return_lbl00002   0x00081c    program     static                          
       ___return_lbl00004   0x000eb0    program     static                          
   ___switchexit_lbl00001   0x001172    program     static                          
        ___while_lbl00005   0x000ea8    program     static                          
        ___while_lbl00006   0x000eac    program     static                          
               __config_0   0x300001    program     static D:\Work\mr\merg\cbus\mplabprj\cancmd3d\cancmd.c
               __config_1   0x300002    program     static D:\Work\mr\merg\cbus\mplabprj\cancmd3d\cancmd.c
              __config_10   0x30000d    program     static D:\Work\mr\merg\cbus\mplabprj\cancmd3d\cancmd.c
               __config_2   0x300003    program     static D:\Work\mr\merg\cbus\mplabprj\cancmd3d\cancmd.c
               __config_3   0x300005    program     static D:\Work\mr\merg\cbus\mplabprj\cancmd3d\cancmd.c
               __config_4   0x300006    program     static D:\Work\mr\merg\cbus\mplabprj\cancmd3d\cancmd.c
               __config_5   0x300008    program     static D:\Work\mr\merg\cbus\mplabprj\cancmd3d\cancmd.c
               __config_6   0x300009    program     static D:\Work\mr\merg\cbus\mplabprj\cancmd3d\cancmd.c
               __config_7   0x30000a    program     static D:\Work\mr\merg\cbus\mplabprj\cancmd3d\cancmd.c
               __config_8   0x30000b    program     static D:\Work\mr\merg\cbus\mplabprj\cancmd3d\cancmd.c
               __config_9   0x30000c    program     static D:\Work\mr\merg\cbus\mplabprj\cancmd3d\cancmd.c
                   __init   0x00081e    program     extern C:\Program Files\Microchip\mplabc18\v3.37\src\traditional\stdclib\__init.c
               __tmplbl_6   0x00253c    program     static                          
               __tmplbl_7   0x002538    program     static                          
            __zero_memory   0x000840    program     extern D:\Work\mr\merg\cbus\mplabprj\cancmd3d\p18F2480.asm
                 _startup   0x000860    program     extern D:\Work\mr\merg\cbus\mplabprj\cancmd3d\c018.c
                 bootflag   0xf000ff    program     extern D:\Work\mr\merg\cbus\mplabprj\cancmd3d\cbus_common.c
           broadcast_stop   0x0018c2    program     extern D:\Work\mr\merg\cbus\mplabprj\cancmd3d\packet_gen.c
               can_bus_on   0x0008ce    program     extern D:\Work\mr\merg\cbus\mplabprj\cancmd3d\can_send.c
               can_debug1   0x000900    program     extern D:\Work\mr\merg\cbus\mplabprj\cancmd3d\can_send.c
            can_debug_dcc   0x000922    program     extern D:\Work\mr\merg\cbus\mplabprj\cancmd3d\can_send.c
                  can_opc   0x000888    program     extern D:\Work\mr\merg\cbus\mplabprj\cancmd3d\can_send.c
                   can_tx   0x0008dc    program     extern D:\Work\mr\merg\cbus\mplabprj\cancmd3d\can_send.c
                can_tx_nn   0x0008a6    program     extern D:\Work\mr\merg\cbus\mplabprj\cancmd3d\can_send.c
               cbus_setup   0x000de4    program     extern D:\Work\mr\merg\cbus\mplabprj\cancmd3d\cbus_common.c
                   cmd_cv   0x003390    program     extern D:\Work\mr\merg\cbus\mplabprj\cancmd3d\program_cmds.c
                cmd_rmode   0x00176a    program     extern D:\Work\mr\merg\cbus\mplabprj\cancmd3d\mode_cmds.c
                cmd_wmode   0x001784    program     extern D:\Work\mr\merg\cbus\mplabprj\cancmd3d\mode_cmds.c
                compare_l   0x000856    program     static D:\Work\mr\merg\cbus\mplabprj\cancmd3d\p18F2480.asm
              consist_add   0x0029ae    program     extern D:\Work\mr\merg\cbus\mplabprj\cancmd3d\packet_gen.c
                    cv_sm   0x0034b0    program     extern D:\Work\mr\merg\cbus\mplabprj\cancmd3d\program_cmds.c
               dcc_packet   0x0027fe    program     extern D:\Work\mr\merg\cbus\mplabprj\cancmd3d\packet_gen.c
                defaultID   0xf00000    program     extern D:\Work\mr\merg\cbus\mplabprj\cancmd3d\cbus_common.c
                     dely   0x000f8a    program     extern D:\Work\mr\merg\cbus\mplabprj\cancmd3d\cbus_common.c
                  doError   0x0011fa    program     extern D:\Work\mr\merg\cbus\mplabprj\cancmd3d\commands.c
                  doRqnpn   0x001192    program     extern D:\Work\mr\merg\cbus\mplabprj\cancmd3d\commands.c
          ecan_fifo_empty   0x000ff6    program     extern D:\Work\mr\merg\cbus\mplabprj\cancmd3d\cbus_common.c
                  ee_read   0x000e5c    program     extern D:\Work\mr\merg\cbus\mplabprj\cancmd3d\cbus_common.c
            ee_read_short   0x000eb8    program     extern D:\Work\mr\merg\cbus\mplabprj\cancmd3d\cbus_common.c
                 ee_write   0x000e7c    program     extern D:\Work\mr\merg\cbus\mplabprj\cancmd3d\cbus_common.c
           ee_write_short   0x000f3e    program     extern D:\Work\mr\merg\cbus\mplabprj\cancmd3d\cbus_common.c
                  em_stop   0x00185a    program     extern D:\Work\mr\merg\cbus\mplabprj\cancmd3d\packet_gen.c
                        f   0x000140    program     static D:\Work\mr\merg\cbus\mplabprj\cancmd3d\Boot3.asm
                fill_loop   0x00086a    program     static                          
             get_page_reg   0x00348e    program     extern D:\Work\mr\merg\cbus\mplabprj\cancmd3d\program_cmds.c
      high_irq_errata_fix   0x00080e    program     extern D:\Work\mr\merg\cbus\mplabprj\cancmd3d\cancmd.c
                 isr_high   0x001268    program     extern D:\Work\mr\merg\cbus\mplabprj\cancmd3d\isr_high.c
                  isr_low   0x0016fe    program     extern D:\Work\mr\merg\cbus\mplabprj\cancmd3d\isr_low.c
               keep_alive   0x0027d2    program     extern D:\Work\mr\merg\cbus\mplabprj\cancmd3d\packet_gen.c
                    ldely   0x000fd4    program     extern D:\Work\mr\merg\cbus\mplabprj\cancmd3d\cbus_common.c
                     loop   0x00087c    program     static                          
                   loop_h   0x00084e    program     static D:\Work\mr\merg\cbus\mplabprj\cancmd3d\p18F2480.asm
                   loop_l   0x000858    program     static D:\Work\mr\merg\cbus\mplabprj\cancmd3d\p18F2480.asm
                     main   0x0009f2    program     extern D:\Work\mr\merg\cbus\mplabprj\cancmd3d\cancmd.c
                   nodeID   0xf00002    program     extern D:\Work\mr\merg\cbus\mplabprj\cancmd3d\cbus_common.c
                ops_write   0x0029c6    program     extern D:\Work\mr\merg\cbus\mplabprj\cancmd3d\packet_gen.c
               packet_gen   0x0018d6    program     extern D:\Work\mr\merg\cbus\mplabprj\cancmd3d\packet_gen.c
              packet_idle   0x003366    program     extern D:\Work\mr\merg\cbus\mplabprj\cancmd3d\power_cmds.c
             packet_reset   0x00333a    program     extern D:\Work\mr\merg\cbus\mplabprj\cancmd3d\power_cmds.c
                   params   0x000820    program     extern D:\Work\mr\merg\cbus\mplabprj\cancmd3d\cancmd.c
                parse_cmd   0x00104e    program     extern D:\Work\mr\merg\cbus\mplabprj\cancmd3d\commands.c
            power_control   0x003310    program     extern D:\Work\mr\merg\cbus\mplabprj\cancmd3d\power_cmds.c
                print_ack   0x0038f0    program     extern D:\Work\mr\merg\cbus\mplabprj\cancmd3d\program_cmds.c
           program_packet   0x003890    program     extern D:\Work\mr\merg\cbus\mplabprj\cancmd3d\program_cmds.c
            purge_session   0x0026aa    program     extern D:\Work\mr\merg\cbus\mplabprj\cancmd3d\packet_gen.c
            query_session   0x002550    program     extern D:\Work\mr\merg\cbus\mplabprj\cancmd3d\packet_gen.c
                queue_add   0x001910    program     extern D:\Work\mr\merg\cbus\mplabprj\cancmd3d\packet_gen.c
             queue_update   0x001b6c    program     extern D:\Work\mr\merg\cbus\mplabprj\cancmd3d\packet_gen.c
                  sendTX1   0x000944    program     extern D:\Work\mr\merg\cbus\mplabprj\cancmd3d\can_send.c
                send_idle   0x0032fc    program     extern D:\Work\mr\merg\cbus\mplabprj\cancmd3d\packet_gen.c
                   send_q   0x002fd8    program     extern D:\Work\mr\merg\cbus\mplabprj\cancmd3d\packet_gen.c
                   send_s   0x002ed0    program     extern D:\Work\mr\merg\cbus\mplabprj\cancmd3d\packet_gen.c
                    setup   0x000b06    program     extern D:\Work\mr\merg\cbus\mplabprj\cancmd3d\cancmd.c
                   status   0xf00001    program     extern D:\Work\mr\merg\cbus\mplabprj\cancmd3d\cbus_common.c
                   step14   0x00180c    program     extern D:\Work\mr\merg\cbus\mplabprj\cancmd3d\packet_gen.c
                   step28   0x0017b4    program     extern D:\Work\mr\merg\cbus\mplabprj\cancmd3d\packet_gen.c
                   thisNN   0x00121e    program     extern D:\Work\mr\merg\cbus\mplabprj\cancmd3d\commands.c
            throttle_mode   0x001b00    program     extern D:\Work\mr\merg\cbus\mplabprj\cancmd3d\packet_gen.c
               zero_block   0x00084e    program     static D:\Work\mr\merg\cbus\mplabprj\cancmd3d\p18F2480.asm
                   ADCON0   0x000fc2       data     extern D:\Work\mr\merg\cbus\mplabprj\cancmd3d\p18F2480.asm
               ADCON0bits   0x000fc2       data     extern D:\Work\mr\merg\cbus\mplabprj\cancmd3d\p18F2480.asm
                   ADCON1   0x000fc1       data     extern D:\Work\mr\merg\cbus\mplabprj\cancmd3d\p18F2480.asm
               ADCON1bits   0x000fc1       data     extern D:\Work\mr\merg\cbus\mplabprj\cancmd3d\p18F2480.asm
                   ADCON2   0x000fc0       data     extern D:\Work\mr\merg\cbus\mplabprj\cancmd3d\p18F2480.asm
               ADCON2bits   0x000fc0       data     extern D:\Work\mr\merg\cbus\mplabprj\cancmd3d\p18F2480.asm
                    ADRES   0x000fc3       data     extern D:\Work\mr\merg\cbus\mplabprj\cancmd3d\p18F2480.asm
                   ADRESH   0x000fc4       data     extern D:\Work\mr\merg\cbus\mplabprj\cancmd3d\p18F2480.asm
                   ADRESL   0x000fc3       data     extern D:\Work\mr\merg\cbus\mplabprj\cancmd3d\p18F2480.asm
                    B0CON   0x000e20       data     extern D:\Work\mr\merg\cbus\mplabprj\cancmd3d\p18F2480.asm
                B0CONbits   0x000e20       data     extern D:\Work\mr\merg\cbus\mplabprj\cancmd3d\p18F2480.asm
                     B0D0   0x000e26       data     extern D:\Work\mr\merg\cbus\mplabprj\cancmd3d\p18F2480.asm
                 B0D0bits   0x000e26       data     extern D:\Work\mr\merg\cbus\mplabprj\cancmd3d\p18F2480.asm
                     B0D1   0x000e27       data     extern D:\Work\mr\merg\cbus\mplabprj\cancmd3d\p18F2480.asm
                 B0D1bits   0x000e27       data     extern D:\Work\mr\merg\cbus\mplabprj\cancmd3d\p18F2480.asm
                     B0D2   0x000e28       data     extern D:\Work\mr\merg\cbus\mplabprj\cancmd3d\p18F2480.asm
                 B0D2bits   0x000e28       data     extern D:\Work\mr\merg\cbus\mplabprj\cancmd3d\p18F2480.asm
                     B0D3   0x000e29       data     extern D:\Work\mr\merg\cbus\mplabprj\cancmd3d\p18F2480.asm
                 B0D3bits   0x000e29       data     extern D:\Work\mr\merg\cbus\mplabprj\cancmd3d\p18F2480.asm
                     B0D4   0x000e2a       data     extern D:\Work\mr\merg\cbus\mplabprj\cancmd3d\p18F2480.asm
                 B0D4bits   0x000e2a       data     extern D:\Work\mr\merg\cbus\mplabprj\cancmd3d\p18F2480.asm
                     B0D5   0x000e2b       data     extern D:\Work\mr\merg\cbus\mplabprj\cancmd3d\p18F2480.asm
                 B0D5bits   0x000e2b       data     extern D:\Work\mr\merg\cbus\mplabprj\cancmd3d\p18F2480.asm
                     B0D6   0x000e2c       data     extern D:\Work\mr\merg\cbus\mplabprj\cancmd3d\p18F2480.asm
                 B0D6bits   0x000e2c       data     extern D:\Work\mr\merg\cbus\mplabprj\cancmd3d\p18F2480.asm
                     B0D7   0x000e2d       data     extern D:\Work\mr\merg\cbus\mplabprj\cancmd3d\p18F2480.asm
                 B0D7bits   0x000e2d       data     extern D:\Work\mr\merg\cbus\mplabprj\cancmd3d\p18F2480.asm
                    B0DLC   0x000e25       data     extern D:\Work\mr\merg\cbus\mplabprj\cancmd3d\p18F2480.asm
                B0DLCbits   0x000e25       data     extern D:\Work\mr\merg\cbus\mplabprj\cancmd3d\p18F2480.asm
                   B0EIDH   0x000e23       data     extern D:\Work\mr\merg\cbus\mplabprj\cancmd3d\p18F2480.asm
               B0EIDHbits   0x000e23       data     extern D:\Work\mr\merg\cbus\mplabprj\cancmd3d\p18F2480.asm
                   B0EIDL   0x000e24       data     extern D:\Work\mr\merg\cbus\mplabprj\cancmd3d\p18F2480.asm
               B0EIDLbits   0x000e24       data     extern D:\Work\mr\merg\cbus\mplabprj\cancmd3d\p18F2480.asm
                   B0SIDH   0x000e21       data     extern D:\Work\mr\merg\cbus\mplabprj\cancmd3d\p18F2480.asm
               B0SIDHbits   0x000e21       data     extern D:\Work\mr\merg\cbus\mplabprj\cancmd3d\p18F2480.asm
                   B0SIDL   0x000e22       data     extern D:\Work\mr\merg\cbus\mplabprj\cancmd3d\p18F2480.asm
               B0SIDLbits   0x000e22       data     extern D:\Work\mr\merg\cbus\mplabprj\cancmd3d\p18F2480.asm
                    B1CON   0x000e30       data     extern D:\Work\mr\merg\cbus\mplabprj\cancmd3d\p18F2480.asm
                B1CONbits   0x000e30       data     extern D:\Work\mr\merg\cbus\mplabprj\cancmd3d\p18F2480.asm
                     B1D0   0x000e36       data     extern D:\Work\mr\merg\cbus\mplabprj\cancmd3d\p18F2480.asm
                 B1D0bits   0x000e36       data     extern D:\Work\mr\merg\cbus\mplabprj\cancmd3d\p18F2480.asm
                     B1D1   0x000e37       data     extern D:\Work\mr\merg\cbus\mplabprj\cancmd3d\p18F2480.asm
                 B1D1bits   0x000e37       data     extern D:\Work\mr\merg\cbus\mplabprj\cancmd3d\p18F2480.asm
                     B1D2   0x000e38       data     extern D:\Work\mr\merg\cbus\mplabprj\cancmd3d\p18F2480.asm
                 B1D2bits   0x000e38       data     extern D:\Work\mr\merg\cbus\mplabprj\cancmd3d\p18F2480.asm
                     B1D3   0x000e39       data     extern D:\Work\mr\merg\cbus\mplabprj\cancmd3d\p18F2480.asm
                 B1D3bits   0x000e39       data     extern D:\Work\mr\merg\cbus\mplabprj\cancmd3d\p18F2480.asm
                     B1D4   0x000e3a       data     extern D:\Work\mr\merg\cbus\mplabprj\cancmd3d\p18F2480.asm
                 B1D4bits   0x000e3a       data     extern D:\Work\mr\merg\cbus\mplabprj\cancmd3d\p18F2480.asm
                     B1D5   0x000e3b       data     extern D:\Work\mr\merg\cbus\mplabprj\cancmd3d\p18F2480.asm
                 B1D5bits   0x000e3b       data     extern D:\Work\mr\merg\cbus\mplabprj\cancmd3d\p18F2480.asm
                     B1D6   0x000e3c       data     extern D:\Work\mr\merg\cbus\mplabprj\cancmd3d\p18F2480.asm
                 B1D6bits   0x000e3c       data     extern D:\Work\mr\merg\cbus\mplabprj\cancmd3d\p18F2480.asm
                     B1D7   0x000e3d       data     extern D:\Work\mr\merg\cbus\mplabprj\cancmd3d\p18F2480.asm
                 B1D7bits   0x000e3d       data     extern D:\Work\mr\merg\cbus\mplabprj\cancmd3d\p18F2480.asm
                    B1DLC   0x000e35       data     extern D:\Work\mr\merg\cbus\mplabprj\cancmd3d\p18F2480.asm
                B1DLCbits   0x000e35       data     extern D:\Work\mr\merg\cbus\mplabprj\cancmd3d\p18F2480.asm
                   B1EIDH   0x000e33       data     extern D:\Work\mr\merg\cbus\mplabprj\cancmd3d\p18F2480.asm
               B1EIDHbits   0x000e33       data     extern D:\Work\mr\merg\cbus\mplabprj\cancmd3d\p18F2480.asm
                   B1EIDL   0x000e34       data     extern D:\Work\mr\merg\cbus\mplabprj\cancmd3d\p18F2480.asm
               B1EIDLbits   0x000e34       data     extern D:\Work\mr\merg\cbus\mplabprj\cancmd3d\p18F2480.asm
                   B1SIDH   0x000e31       data     extern D:\Work\mr\merg\cbus\mplabprj\cancmd3d\p18F2480.asm
               B1SIDHbits   0x000e31       data     extern D:\Work\mr\merg\cbus\mplabprj\cancmd3d\p18F2480.asm
                   B1SIDL   0x000e32       data     extern D:\Work\mr\merg\cbus\mplabprj\cancmd3d\p18F2480.asm
               B1SIDLbits   0x000e32       data     extern D:\Work\mr\merg\cbus\mplabprj\cancmd3d\p18F2480.asm
                    B2CON   0x000e40       data     extern D:\Work\mr\merg\cbus\mplabprj\cancmd3d\p18F2480.asm
                B2CONbits   0x000e40       data     extern D:\Work\mr\merg\cbus\mplabprj\cancmd3d\p18F2480.asm
                     B2D0   0x000e46       data     extern D:\Work\mr\merg\cbus\mplabprj\cancmd3d\p18F2480.asm
                 B2D0bits   0x000e46       data     extern D:\Work\mr\merg\cbus\mplabprj\cancmd3d\p18F2480.asm
                     B2D1   0x000e47       data     extern D:\Work\mr\merg\cbus\mplabprj\cancmd3d\p18F2480.asm
                 B2D1bits   0x000e47       data     extern D:\Work\mr\merg\cbus\mplabprj\cancmd3d\p18F2480.asm
                     B2D2   0x000e48       data     extern D:\Work\mr\merg\cbus\mplabprj\cancmd3d\p18F2480.asm
                 B2D2bits   0x000e48       data     extern D:\Work\mr\merg\cbus\mplabprj\cancmd3d\p18F2480.asm
                     B2D3   0x000e49       data     extern D:\Work\mr\merg\cbus\mplabprj\cancmd3d\p18F2480.asm
                 B2D3bits   0x000e49       data     extern D:\Work\mr\merg\cbus\mplabprj\cancmd3d\p18F2480.asm
                     B2D4   0x000e4a       data     extern D:\Work\mr\merg\cbus\mplabprj\cancmd3d\p18F2480.asm
                 B2D4bits   0x000e4a       data     extern D:\Work\mr\merg\cbus\mplabprj\cancmd3d\p18F2480.asm
                     B2D5   0x000e4b       data     extern D:\Work\mr\merg\cbus\mplabprj\cancmd3d\p18F2480.asm
                 B2D5bits   0x000e4b       data     extern D:\Work\mr\merg\cbus\mplabprj\cancmd3d\p18F2480.asm
                     B2D6   0x000e4c       data     extern D:\Work\mr\merg\cbus\mplabprj\cancmd3d\p18F2480.asm
                 B2D6bits   0x000e4c       data     extern D:\Work\mr\merg\cbus\mplabprj\cancmd3d\p18F2480.asm
                     B2D7   0x000e4d       data     extern D:\Work\mr\merg\cbus\mplabprj\cancmd3d\p18F2480.asm
                 B2D7bits   0x000e4d       data     extern D:\Work\mr\merg\cbus\mplabprj\cancmd3d\p18F2480.asm
                    B2DLC   0x000e45       data     extern D:\Work\mr\merg\cbus\mplabprj\cancmd3d\p18F2480.asm
                B2DLCbits   0x000e45       data     extern D:\Work\mr\merg\cbus\mplabprj\cancmd3d\p18F2480.asm
                   B2EIDH   0x000e43       data     extern D:\Work\mr\merg\cbus\mplabprj\cancmd3d\p18F2480.asm
               B2EIDHbits   0x000e43       data     extern D:\Work\mr\merg\cbus\mplabprj\cancmd3d\p18F2480.asm
                   B2EIDL   0x000e44       data     extern D:\Work\mr\merg\cbus\mplabprj\cancmd3d\p18F2480.asm
               B2EIDLbits   0x000e44       data     extern D:\Work\mr\merg\cbus\mplabprj\cancmd3d\p18F2480.asm
                   B2SIDH   0x000e41       data     extern D:\Work\mr\merg\cbus\mplabprj\cancmd3d\p18F2480.asm
               B2SIDHbits   0x000e41       data     extern D:\Work\mr\merg\cbus\mplabprj\cancmd3d\p18F2480.asm
                   B2SIDL   0x000e42       data     extern D:\Work\mr\merg\cbus\mplabprj\cancmd3d\p18F2480.asm
               B2SIDLbits   0x000e42       data     extern D:\Work\mr\merg\cbus\mplabprj\cancmd3d\p18F2480.asm
                    B3CON   0x000e50       data     extern D:\Work\mr\merg\cbus\mplabprj\cancmd3d\p18F2480.asm
                B3CONbits   0x000e50       data     extern D:\Work\mr\merg\cbus\mplabprj\cancmd3d\p18F2480.asm
                     B3D0   0x000e56       data     extern D:\Work\mr\merg\cbus\mplabprj\cancmd3d\p18F2480.asm
                 B3D0bits   0x000e56       data     extern D:\Work\mr\merg\cbus\mplabprj\cancmd3d\p18F2480.asm
                     B3D1   0x000e57       data     extern D:\Work\mr\merg\cbus\mplabprj\cancmd3d\p18F2480.asm
                 B3D1bits   0x000e57       data     extern D:\Work\mr\merg\cbus\mplabprj\cancmd3d\p18F2480.asm
                     B3D2   0x000e58       data     extern D:\Work\mr\merg\cbus\mplabprj\cancmd3d\p18F2480.asm
                 B3D2bits   0x000e58       data     extern D:\Work\mr\merg\cbus\mplabprj\cancmd3d\p18F2480.asm
                     B3D3   0x000e59       data     extern D:\Work\mr\merg\cbus\mplabprj\cancmd3d\p18F2480.asm
                 B3D3bits   0x000e59       data     extern D:\Work\mr\merg\cbus\mplabprj\cancmd3d\p18F2480.asm
                     B3D4   0x000e5a       data     extern D:\Work\mr\merg\cbus\mplabprj\cancmd3d\p18F2480.asm
                 B3D4bits   0x000e5a       data     extern D:\Work\mr\merg\cbus\mplabprj\cancmd3d\p18F2480.asm
                     B3D5   0x000e5b       data     extern D:\Work\mr\merg\cbus\mplabprj\cancmd3d\p18F2480.asm
                 B3D5bits   0x000e5b       data     extern D:\Work\mr\merg\cbus\mplabprj\cancmd3d\p18F2480.asm
                     B3D6   0x000e5c       data     extern D:\Work\mr\merg\cbus\mplabprj\cancmd3d\p18F2480.asm
                 B3D6bits   0x000e5c       data     extern D:\Work\mr\merg\cbus\mplabprj\cancmd3d\p18F2480.asm
                     B3D7   0x000e5d       data     extern D:\Work\mr\merg\cbus\mplabprj\cancmd3d\p18F2480.asm
                 B3D7bits   0x000e5d       data     extern D:\Work\mr\merg\cbus\mplabprj\cancmd3d\p18F2480.asm
                    B3DLC   0x000e55       data     extern D:\Work\mr\merg\cbus\mplabprj\cancmd3d\p18F2480.asm
                B3DLCbits   0x000e55       data     extern D:\Work\mr\merg\cbus\mplabprj\cancmd3d\p18F2480.asm
                   B3EIDH   0x000e53       data     extern D:\Work\mr\merg\cbus\mplabprj\cancmd3d\p18F2480.asm
               B3EIDHbits   0x000e53       data     extern D:\Work\mr\merg\cbus\mplabprj\cancmd3d\p18F2480.asm
                   B3EIDL   0x000e54       data     extern D:\Work\mr\merg\cbus\mplabprj\cancmd3d\p18F2480.asm
               B3EIDLbits   0x000e54       data     extern D:\Work\mr\merg\cbus\mplabprj\cancmd3d\p18F2480.asm
                   B3SIDH   0x000e51       data     extern D:\Work\mr\merg\cbus\mplabprj\cancmd3d\p18F2480.asm
               B3SIDHbits   0x000e51       data     extern D:\Work\mr\merg\cbus\mplabprj\cancmd3d\p18F2480.asm
                   B3SIDL   0x000e52       data     extern D:\Work\mr\merg\cbus\mplabprj\cancmd3d\p18F2480.asm
               B3SIDLbits   0x000e52       data     extern D:\Work\mr\merg\cbus\mplabprj\cancmd3d\p18F2480.asm
                    B4CON   0x000e60       data     extern D:\Work\mr\merg\cbus\mplabprj\cancmd3d\p18F2480.asm
                B4CONbits   0x000e60       data     extern D:\Work\mr\merg\cbus\mplabprj\cancmd3d\p18F2480.asm
                     B4D0   0x000e66       data     extern D:\Work\mr\merg\cbus\mplabprj\cancmd3d\p18F2480.asm
                 B4D0bits   0x000e66       data     extern D:\Work\mr\merg\cbus\mplabprj\cancmd3d\p18F2480.asm
                     B4D1   0x000e67       data     extern D:\Work\mr\merg\cbus\mplabprj\cancmd3d\p18F2480.asm
                 B4D1bits   0x000e67       data     extern D:\Work\mr\merg\cbus\mplabprj\cancmd3d\p18F2480.asm
                     B4D2   0x000e68       data     extern D:\Work\mr\merg\cbus\mplabprj\cancmd3d\p18F2480.asm
                 B4D2bits   0x000e68       data     extern D:\Work\mr\merg\cbus\mplabprj\cancmd3d\p18F2480.asm
                     B4D3   0x000e69       data     extern D:\Work\mr\merg\cbus\mplabprj\cancmd3d\p18F2480.asm
                 B4D3bits   0x000e69       data     extern D:\Work\mr\merg\cbus\mplabprj\cancmd3d\p18F2480.asm
                     B4D4   0x000e6a       data     extern D:\Work\mr\merg\cbus\mplabprj\cancmd3d\p18F2480.asm
                 B4D4bits   0x000e6a       data     extern D:\Work\mr\merg\cbus\mplabprj\cancmd3d\p18F2480.asm
                     B4D5   0x000e6b       data     extern D:\Work\mr\merg\cbus\mplabprj\cancmd3d\p18F2480.asm
                 B4D5bits   0x000e6b       data     extern D:\Work\mr\merg\cbus\mplabprj\cancmd3d\p18F2480.asm
                     B4D6   0x000e6c       data     extern D:\Work\mr\merg\cbus\mplabprj\cancmd3d\p18F2480.asm
                 B4D6bits   0x000e6c       data     extern D:\Work\mr\merg\cbus\mplabprj\cancmd3d\p18F2480.asm
                     B4D7   0x000e6d       data     extern D:\Work\mr\merg\cbus\mplabprj\cancmd3d\p18F2480.asm
                 B4D7bits   0x000e6d       data     extern D:\Work\mr\merg\cbus\mplabprj\cancmd3d\p18F2480.asm
                    B4DLC   0x000e65       data     extern D:\Work\mr\merg\cbus\mplabprj\cancmd3d\p18F2480.asm
                B4DLCbits   0x000e65       data     extern D:\Work\mr\merg\cbus\mplabprj\cancmd3d\p18F2480.asm
                   B4EIDH   0x000e63       data     extern D:\Work\mr\merg\cbus\mplabprj\cancmd3d\p18F2480.asm
               B4EIDHbits   0x000e63       data     extern D:\Work\mr\merg\cbus\mplabprj\cancmd3d\p18F2480.asm
                   B4EIDL   0x000e64       data     extern D:\Work\mr\merg\cbus\mplabprj\cancmd3d\p18F2480.asm
               B4EIDLbits   0x000e64       data     extern D:\Work\mr\merg\cbus\mplabprj\cancmd3d\p18F2480.asm
                   B4SIDH   0x000e61       data     extern D:\Work\mr\merg\cbus\mplabprj\cancmd3d\p18F2480.asm
               B4SIDHbits   0x000e61       data     extern D:\Work\mr\merg\cbus\mplabprj\cancmd3d\p18F2480.asm
                   B4SIDL   0x000e62       data     extern D:\Work\mr\merg\cbus\mplabprj\cancmd3d\p18F2480.asm
               B4SIDLbits   0x000e62       data     extern D:\Work\mr\merg\cbus\mplabprj\cancmd3d\p18F2480.asm
                    B5CON   0x000e70       data     extern D:\Work\mr\merg\cbus\mplabprj\cancmd3d\p18F2480.asm
                B5CONbits   0x000e70       data     extern D:\Work\mr\merg\cbus\mplabprj\cancmd3d\p18F2480.asm
                     B5D0   0x000e76       data     extern D:\Work\mr\merg\cbus\mplabprj\cancmd3d\p18F2480.asm
                 B5D0bits   0x000e76       data     extern D:\Work\mr\merg\cbus\mplabprj\cancmd3d\p18F2480.asm
                     B5D1   0x000e77       data     extern D:\Work\mr\merg\cbus\mplabprj\cancmd3d\p18F2480.asm
                 B5D1bits   0x000e77       data     extern D:\Work\mr\merg\cbus\mplabprj\cancmd3d\p18F2480.asm
                     B5D2   0x000e78       data     extern D:\Work\mr\merg\cbus\mplabprj\cancmd3d\p18F2480.asm
                 B5D2bits   0x000e78       data     extern D:\Work\mr\merg\cbus\mplabprj\cancmd3d\p18F2480.asm
                     B5D3   0x000e79       data     extern D:\Work\mr\merg\cbus\mplabprj\cancmd3d\p18F2480.asm
                 B5D3bits   0x000e79       data     extern D:\Work\mr\merg\cbus\mplabprj\cancmd3d\p18F2480.asm
                     B5D4   0x000e7a       data     extern D:\Work\mr\merg\cbus\mplabprj\cancmd3d\p18F2480.asm
                 B5D4bits   0x000e7a       data     extern D:\Work\mr\merg\cbus\mplabprj\cancmd3d\p18F2480.asm
                     B5D5   0x000e7b       data     extern D:\Work\mr\merg\cbus\mplabprj\cancmd3d\p18F2480.asm
                 B5D5bits   0x000e7b       data     extern D:\Work\mr\merg\cbus\mplabprj\cancmd3d\p18F2480.asm
                     B5D6   0x000e7c       data     extern D:\Work\mr\merg\cbus\mplabprj\cancmd3d\p18F2480.asm
                 B5D6bits   0x000e7c       data     extern D:\Work\mr\merg\cbus\mplabprj\cancmd3d\p18F2480.asm
                     B5D7   0x000e7d       data     extern D:\Work\mr\merg\cbus\mplabprj\cancmd3d\p18F2480.asm
                 B5D7bits   0x000e7d       data     extern D:\Work\mr\merg\cbus\mplabprj\cancmd3d\p18F2480.asm
                    B5DLC   0x000e75       data     extern D:\Work\mr\merg\cbus\mplabprj\cancmd3d\p18F2480.asm
                B5DLCbits   0x000e75       data     extern D:\Work\mr\merg\cbus\mplabprj\cancmd3d\p18F2480.asm
                   B5EIDH   0x000e73       data     extern D:\Work\mr\merg\cbus\mplabprj\cancmd3d\p18F2480.asm
               B5EIDHbits   0x000e73       data     extern D:\Work\mr\merg\cbus\mplabprj\cancmd3d\p18F2480.asm
                   B5EIDL   0x000e74       data     extern D:\Work\mr\merg\cbus\mplabprj\cancmd3d\p18F2480.asm
               B5EIDLbits   0x000e74       data     extern D:\Work\mr\merg\cbus\mplabprj\cancmd3d\p18F2480.asm
                   B5SIDH   0x000e71       data     extern D:\Work\mr\merg\cbus\mplabprj\cancmd3d\p18F2480.asm
               B5SIDHbits   0x000e71       data     extern D:\Work\mr\merg\cbus\mplabprj\cancmd3d\p18F2480.asm
                   B5SIDL   0x000e72       data     extern D:\Work\mr\merg\cbus\mplabprj\cancmd3d\p18F2480.asm
               B5SIDLbits   0x000e72       data     extern D:\Work\mr\merg\cbus\mplabprj\cancmd3d\p18F2480.asm
                  BAUDCON   0x000fb8       data     extern D:\Work\mr\merg\cbus\mplabprj\cancmd3d\p18F2480.asm
              BAUDCONbits   0x000fb8       data     extern D:\Work\mr\merg\cbus\mplabprj\cancmd3d\p18F2480.asm
                  BAUDCTL   0x000fb8       data     extern D:\Work\mr\merg\cbus\mplabprj\cancmd3d\p18F2480.asm
              BAUDCTLbits   0x000fb8       data     extern D:\Work\mr\merg\cbus\mplabprj\cancmd3d\p18F2480.asm
                     BIE0   0x000dfa       data     extern D:\Work\mr\merg\cbus\mplabprj\cancmd3d\p18F2480.asm
                 BIE0bits   0x000dfa       data     extern D:\Work\mr\merg\cbus\mplabprj\cancmd3d\p18F2480.asm
                  BRGCON1   0x000f70       data     extern D:\Work\mr\merg\cbus\mplabprj\cancmd3d\p18F2480.asm
              BRGCON1bits   0x000f70       data     extern D:\Work\mr\merg\cbus\mplabprj\cancmd3d\p18F2480.asm
                  BRGCON2   0x000f71       data     extern D:\Work\mr\merg\cbus\mplabprj\cancmd3d\p18F2480.asm
              BRGCON2bits   0x000f71       data     extern D:\Work\mr\merg\cbus\mplabprj\cancmd3d\p18F2480.asm
                  BRGCON3   0x000f72       data     extern D:\Work\mr\merg\cbus\mplabprj\cancmd3d\p18F2480.asm
              BRGCON3bits   0x000f72       data     extern D:\Work\mr\merg\cbus\mplabprj\cancmd3d\p18F2480.asm
                    BSEL0   0x000df8       data     extern D:\Work\mr\merg\cbus\mplabprj\cancmd3d\p18F2480.asm
                BSEL0bits   0x000df8       data     extern D:\Work\mr\merg\cbus\mplabprj\cancmd3d\p18F2480.asm
                      BSR   0x000fe0       data     extern D:\Work\mr\merg\cbus\mplabprj\cancmd3d\p18F2480.asm
                BeepCount   0x00000a       data     extern D:\Work\mr\merg\cbus\mplabprj\cancmd3d\cancmd.c
                   CANCON   0x000f6f       data     extern D:\Work\mr\merg\cbus\mplabprj\cancmd3d\p18F2480.asm
               CANCON_RO0   0x000f5f       data     extern D:\Work\mr\merg\cbus\mplabprj\cancmd3d\p18F2480.asm
           CANCON_RO0bits   0x000f5f       data     extern D:\Work\mr\merg\cbus\mplabprj\cancmd3d\p18F2480.asm
               CANCON_RO1   0x000f4f       data     extern D:\Work\mr\merg\cbus\mplabprj\cancmd3d\p18F2480.asm
           CANCON_RO1bits   0x000f4f       data     extern D:\Work\mr\merg\cbus\mplabprj\cancmd3d\p18F2480.asm
               CANCON_RO2   0x000f3f       data     extern D:\Work\mr\merg\cbus\mplabprj\cancmd3d\p18F2480.asm
           CANCON_RO2bits   0x000f3f       data     extern D:\Work\mr\merg\cbus\mplabprj\cancmd3d\p18F2480.asm
               CANCON_RO3   0x000f2f       data     extern D:\Work\mr\merg\cbus\mplabprj\cancmd3d\p18F2480.asm
           CANCON_RO3bits   0x000f2f       data     extern D:\Work\mr\merg\cbus\mplabprj\cancmd3d\p18F2480.asm
               CANCON_RO4   0x000e7f       data     extern D:\Work\mr\merg\cbus\mplabprj\cancmd3d\p18F2480.asm
           CANCON_RO4bits   0x000e7f       data     extern D:\Work\mr\merg\cbus\mplabprj\cancmd3d\p18F2480.asm
               CANCON_RO5   0x000e6f       data     extern D:\Work\mr\merg\cbus\mplabprj\cancmd3d\p18F2480.asm
           CANCON_RO5bits   0x000e6f       data     extern D:\Work\mr\merg\cbus\mplabprj\cancmd3d\p18F2480.asm
               CANCON_RO6   0x000e5f       data     extern D:\Work\mr\merg\cbus\mplabprj\cancmd3d\p18F2480.asm
           CANCON_RO6bits   0x000e5f       data     extern D:\Work\mr\merg\cbus\mplabprj\cancmd3d\p18F2480.asm
               CANCON_RO7   0x000e4f       data     extern D:\Work\mr\merg\cbus\mplabprj\cancmd3d\p18F2480.asm
           CANCON_RO7bits   0x000e4f       data     extern D:\Work\mr\merg\cbus\mplabprj\cancmd3d\p18F2480.asm
               CANCON_RO8   0x000e3f       data     extern D:\Work\mr\merg\cbus\mplabprj\cancmd3d\p18F2480.asm
           CANCON_RO8bits   0x000e3f       data     extern D:\Work\mr\merg\cbus\mplabprj\cancmd3d\p18F2480.asm
               CANCON_RO9   0x000e2f       data     extern D:\Work\mr\merg\cbus\mplabprj\cancmd3d\p18F2480.asm
           CANCON_RO9bits   0x000e2f       data     extern D:\Work\mr\merg\cbus\mplabprj\cancmd3d\p18F2480.asm
               CANCONbits   0x000f6f       data     extern D:\Work\mr\merg\cbus\mplabprj\cancmd3d\p18F2480.asm
                  CANSTAT   0x000f6e       data     extern D:\Work\mr\merg\cbus\mplabprj\cancmd3d\p18F2480.asm
              CANSTAT_RO0   0x000f5e       data     extern D:\Work\mr\merg\cbus\mplabprj\cancmd3d\p18F2480.asm
          CANSTAT_RO0bits   0x000f5e       data     extern D:\Work\mr\merg\cbus\mplabprj\cancmd3d\p18F2480.asm
              CANSTAT_RO1   0x000f4e       data     extern D:\Work\mr\merg\cbus\mplabprj\cancmd3d\p18F2480.asm
          CANSTAT_RO1bits   0x000f4e       data     extern D:\Work\mr\merg\cbus\mplabprj\cancmd3d\p18F2480.asm
              CANSTAT_RO2   0x000f3e       data     extern D:\Work\mr\merg\cbus\mplabprj\cancmd3d\p18F2480.asm
          CANSTAT_RO2bits   0x000f3e       data     extern D:\Work\mr\merg\cbus\mplabprj\cancmd3d\p18F2480.asm
              CANSTAT_RO3   0x000f2e       data     extern D:\Work\mr\merg\cbus\mplabprj\cancmd3d\p18F2480.asm
          CANSTAT_RO3bits   0x000f2e       data     extern D:\Work\mr\merg\cbus\mplabprj\cancmd3d\p18F2480.asm
              CANSTAT_RO4   0x000e7e       data     extern D:\Work\mr\merg\cbus\mplabprj\cancmd3d\p18F2480.asm
          CANSTAT_RO4bits   0x000e7e       data     extern D:\Work\mr\merg\cbus\mplabprj\cancmd3d\p18F2480.asm
              CANSTAT_RO5   0x000e6e       data     extern D:\Work\mr\merg\cbus\mplabprj\cancmd3d\p18F2480.asm
          CANSTAT_RO5bits   0x000e6e       data     extern D:\Work\mr\merg\cbus\mplabprj\cancmd3d\p18F2480.asm
              CANSTAT_RO6   0x000e5e       data     extern D:\Work\mr\merg\cbus\mplabprj\cancmd3d\p18F2480.asm
          CANSTAT_RO6bits   0x000e5e       data     extern D:\Work\mr\merg\cbus\mplabprj\cancmd3d\p18F2480.asm
              CANSTAT_RO7   0x000e4e       data     extern D:\Work\mr\merg\cbus\mplabprj\cancmd3d\p18F2480.asm
          CANSTAT_RO7bits   0x000e4e       data     extern D:\Work\mr\merg\cbus\mplabprj\cancmd3d\p18F2480.asm
              CANSTAT_RO8   0x000e3e       data     extern D:\Work\mr\merg\cbus\mplabprj\cancmd3d\p18F2480.asm
          CANSTAT_RO8bits   0x000e3e       data     extern D:\Work\mr\merg\cbus\mplabprj\cancmd3d\p18F2480.asm
              CANSTAT_RO9   0x000e2e       data     extern D:\Work\mr\merg\cbus\mplabprj\cancmd3d\p18F2480.asm
          CANSTAT_RO9bits   0x000e2e       data     extern D:\Work\mr\merg\cbus\mplabprj\cancmd3d\p18F2480.asm
              CANSTATbits   0x000f6e       data     extern D:\Work\mr\merg\cbus\mplabprj\cancmd3d\p18F2480.asm
                  CCP1CON   0x000fbd       data     extern D:\Work\mr\merg\cbus\mplabprj\cancmd3d\p18F2480.asm
              CCP1CONbits   0x000fbd       data     extern D:\Work\mr\merg\cbus\mplabprj\cancmd3d\p18F2480.asm
                    CCPR1   0x000fbe       data     extern D:\Work\mr\merg\cbus\mplabprj\cancmd3d\p18F2480.asm
                   CCPR1H   0x000fbf       data     extern D:\Work\mr\merg\cbus\mplabprj\cancmd3d\p18F2480.asm
                   CCPR1L   0x000fbe       data     extern D:\Work\mr\merg\cbus\mplabprj\cancmd3d\p18F2480.asm
                   CIOCON   0x000f73       data     extern D:\Work\mr\merg\cbus\mplabprj\cancmd3d\p18F2480.asm
               CIOCONbits   0x000f73       data     extern D:\Work\mr\merg\cbus\mplabprj\cancmd3d\p18F2480.asm
                  COMSTAT   0x000f74       data     extern D:\Work\mr\merg\cbus\mplabprj\cancmd3d\p18F2480.asm
              COMSTATbits   0x000f74       data     extern D:\Work\mr\merg\cbus\mplabprj\cancmd3d\p18F2480.asm
                     DDRA   0x000f92       data     extern D:\Work\mr\merg\cbus\mplabprj\cancmd3d\p18F2480.asm
                 DDRAbits   0x000f92       data     extern D:\Work\mr\merg\cbus\mplabprj\cancmd3d\p18F2480.asm
                     DDRB   0x000f93       data     extern D:\Work\mr\merg\cbus\mplabprj\cancmd3d\p18F2480.asm
                 DDRBbits   0x000f93       data     extern D:\Work\mr\merg\cbus\mplabprj\cancmd3d\p18F2480.asm
                     DDRC   0x000f94       data     extern D:\Work\mr\merg\cbus\mplabprj\cancmd3d\p18F2480.asm
                 DDRCbits   0x000f94       data     extern D:\Work\mr\merg\cbus\mplabprj\cancmd3d\p18F2480.asm
                  ECANCON   0x000f77       data     extern D:\Work\mr\merg\cbus\mplabprj\cancmd3d\p18F2480.asm
              ECANCONbits   0x000f77       data     extern D:\Work\mr\merg\cbus\mplabprj\cancmd3d\p18F2480.asm
                 ECCP1DEL   0x000fb7       data     extern D:\Work\mr\merg\cbus\mplabprj\cancmd3d\p18F2480.asm
             ECCP1DELbits   0x000fb7       data     extern D:\Work\mr\merg\cbus\mplabprj\cancmd3d\p18F2480.asm
                    EEADR   0x000fa9       data     extern D:\Work\mr\merg\cbus\mplabprj\cancmd3d\p18F2480.asm
                   EECON1   0x000fa6       data     extern D:\Work\mr\merg\cbus\mplabprj\cancmd3d\p18F2480.asm
               EECON1bits   0x000fa6       data     extern D:\Work\mr\merg\cbus\mplabprj\cancmd3d\p18F2480.asm
                   EECON2   0x000fa7       data     extern D:\Work\mr\merg\cbus\mplabprj\cancmd3d\p18F2480.asm
                   EEDATA   0x000fa8       data     extern D:\Work\mr\merg\cbus\mplabprj\cancmd3d\p18F2480.asm
                     FSR0   0x000fe9       data     extern D:\Work\mr\merg\cbus\mplabprj\cancmd3d\p18F2480.asm
                    FSR0H   0x000fea       data     extern D:\Work\mr\merg\cbus\mplabprj\cancmd3d\p18F2480.asm
                    FSR0L   0x000fe9       data     extern D:\Work\mr\merg\cbus\mplabprj\cancmd3d\p18F2480.asm
                     FSR1   0x000fe1       data     extern D:\Work\mr\merg\cbus\mplabprj\cancmd3d\p18F2480.asm
                    FSR1H   0x000fe2       data     extern D:\Work\mr\merg\cbus\mplabprj\cancmd3d\p18F2480.asm
                    FSR1L   0x000fe1       data     extern D:\Work\mr\merg\cbus\mplabprj\cancmd3d\p18F2480.asm
                     FSR2   0x000fd9       data     extern D:\Work\mr\merg\cbus\mplabprj\cancmd3d\p18F2480.asm
                    FSR2H   0x000fda       data     extern D:\Work\mr\merg\cbus\mplabprj\cancmd3d\p18F2480.asm
                    FSR2L   0x000fd9       data     extern D:\Work\mr\merg\cbus\mplabprj\cancmd3d\p18F2480.asm
                  HLVDCON   0x000fd2       data     extern D:\Work\mr\merg\cbus\mplabprj\cancmd3d\p18F2480.asm
              HLVDCONbits   0x000fd2       data     extern D:\Work\mr\merg\cbus\mplabprj\cancmd3d\p18F2480.asm
                    INDF0   0x000fef       data     extern D:\Work\mr\merg\cbus\mplabprj\cancmd3d\p18F2480.asm
                    INDF1   0x000fe7       data     extern D:\Work\mr\merg\cbus\mplabprj\cancmd3d\p18F2480.asm
                    INDF2   0x000fdf       data     extern D:\Work\mr\merg\cbus\mplabprj\cancmd3d\p18F2480.asm
                   INTCON   0x000ff2       data     extern D:\Work\mr\merg\cbus\mplabprj\cancmd3d\p18F2480.asm
                  INTCON2   0x000ff1       data     extern D:\Work\mr\merg\cbus\mplabprj\cancmd3d\p18F2480.asm
              INTCON2bits   0x000ff1       data     extern D:\Work\mr\merg\cbus\mplabprj\cancmd3d\p18F2480.asm
                  INTCON3   0x000ff0       data     extern D:\Work\mr\merg\cbus\mplabprj\cancmd3d\p18F2480.asm
              INTCON3bits   0x000ff0       data     extern D:\Work\mr\merg\cbus\mplabprj\cancmd3d\p18F2480.asm
               INTCONbits   0x000ff2       data     extern D:\Work\mr\merg\cbus\mplabprj\cancmd3d\p18F2480.asm
                     IPR1   0x000f9f       data     extern D:\Work\mr\merg\cbus\mplabprj\cancmd3d\p18F2480.asm
                 IPR1bits   0x000f9f       data     extern D:\Work\mr\merg\cbus\mplabprj\cancmd3d\p18F2480.asm
                     IPR2   0x000fa2       data     extern D:\Work\mr\merg\cbus\mplabprj\cancmd3d\p18F2480.asm
                 IPR2bits   0x000fa2       data     extern D:\Work\mr\merg\cbus\mplabprj\cancmd3d\p18F2480.asm
                     IPR3   0x000fa5       data     extern D:\Work\mr\merg\cbus\mplabprj\cancmd3d\p18F2480.asm
                 IPR3bits   0x000fa5       data     extern D:\Work\mr\merg\cbus\mplabprj\cancmd3d\p18F2480.asm
                     LATA   0x000f89       data     extern D:\Work\mr\merg\cbus\mplabprj\cancmd3d\p18F2480.asm
                 LATAbits   0x000f89       data     extern D:\Work\mr\merg\cbus\mplabprj\cancmd3d\p18F2480.asm
                     LATB   0x000f8a       data     extern D:\Work\mr\merg\cbus\mplabprj\cancmd3d\p18F2480.asm
                 LATBbits   0x000f8a       data     extern D:\Work\mr\merg\cbus\mplabprj\cancmd3d\p18F2480.asm
                     LATC   0x000f8b       data     extern D:\Work\mr\merg\cbus\mplabprj\cancmd3d\p18F2480.asm
                 LATCbits   0x000f8b       data     extern D:\Work\mr\merg\cbus\mplabprj\cancmd3d\p18F2480.asm
                   LVDCON   0x000fd2       data     extern D:\Work\mr\merg\cbus\mplabprj\cancmd3d\p18F2480.asm
               LVDCONbits   0x000fd2       data     extern D:\Work\mr\merg\cbus\mplabprj\cancmd3d\p18F2480.asm
                 Latcount   0x000009       data     extern D:\Work\mr\merg\cbus\mplabprj\cancmd3d\cancmd.c
                    MSEL0   0x000df0       data     extern D:\Work\mr\merg\cbus\mplabprj\cancmd3d\p18F2480.asm
                MSEL0bits   0x000df0       data     extern D:\Work\mr\merg\cbus\mplabprj\cancmd3d\p18F2480.asm
                    MSEL1   0x000df1       data     extern D:\Work\mr\merg\cbus\mplabprj\cancmd3d\p18F2480.asm
                MSEL1bits   0x000df1       data     extern D:\Work\mr\merg\cbus\mplabprj\cancmd3d\p18F2480.asm
                    MSEL2   0x000df2       data     extern D:\Work\mr\merg\cbus\mplabprj\cancmd3d\p18F2480.asm
                MSEL2bits   0x000df2       data     extern D:\Work\mr\merg\cbus\mplabprj\cancmd3d\p18F2480.asm
                    MSEL3   0x000df3       data     extern D:\Work\mr\merg\cbus\mplabprj\cancmd3d\p18F2480.asm
                MSEL3bits   0x000df3       data     extern D:\Work\mr\merg\cbus\mplabprj\cancmd3d\p18F2480.asm
                  NN_temp   0x00000c       data     extern D:\Work\mr\merg\cbus\mplabprj\cancmd3d\cancmd.c
                   OSCCON   0x000fd3       data     extern D:\Work\mr\merg\cbus\mplabprj\cancmd3d\p18F2480.asm
               OSCCONbits   0x000fd3       data     extern D:\Work\mr\merg\cbus\mplabprj\cancmd3d\p18F2480.asm
                  OSCTUNE   0x000f9b       data     extern D:\Work\mr\merg\cbus\mplabprj\cancmd3d\p18F2480.asm
              OSCTUNEbits   0x000f9b       data     extern D:\Work\mr\merg\cbus\mplabprj\cancmd3d\p18F2480.asm
                       PC   0x000ff9       data     extern D:\Work\mr\merg\cbus\mplabprj\cancmd3d\p18F2480.asm
                      PCL   0x000ff9       data     extern D:\Work\mr\merg\cbus\mplabprj\cancmd3d\p18F2480.asm
                   PCLATH   0x000ffa       data     extern D:\Work\mr\merg\cbus\mplabprj\cancmd3d\p18F2480.asm
                   PCLATU   0x000ffb       data     extern D:\Work\mr\merg\cbus\mplabprj\cancmd3d\p18F2480.asm
                     PIE1   0x000f9d       data     extern D:\Work\mr\merg\cbus\mplabprj\cancmd3d\p18F2480.asm
                 PIE1bits   0x000f9d       data     extern D:\Work\mr\merg\cbus\mplabprj\cancmd3d\p18F2480.asm
                     PIE2   0x000fa0       data     extern D:\Work\mr\merg\cbus\mplabprj\cancmd3d\p18F2480.asm
                 PIE2bits   0x000fa0       data     extern D:\Work\mr\merg\cbus\mplabprj\cancmd3d\p18F2480.asm
                     PIE3   0x000fa3       data     extern D:\Work\mr\merg\cbus\mplabprj\cancmd3d\p18F2480.asm
                 PIE3bits   0x000fa3       data     extern D:\Work\mr\merg\cbus\mplabprj\cancmd3d\p18F2480.asm
                     PIR1   0x000f9e       data     extern D:\Work\mr\merg\cbus\mplabprj\cancmd3d\p18F2480.asm
                 PIR1bits   0x000f9e       data     extern D:\Work\mr\merg\cbus\mplabprj\cancmd3d\p18F2480.asm
                     PIR2   0x000fa1       data     extern D:\Work\mr\merg\cbus\mplabprj\cancmd3d\p18F2480.asm
                 PIR2bits   0x000fa1       data     extern D:\Work\mr\merg\cbus\mplabprj\cancmd3d\p18F2480.asm
                     PIR3   0x000fa4       data     extern D:\Work\mr\merg\cbus\mplabprj\cancmd3d\p18F2480.asm
                 PIR3bits   0x000fa4       data     extern D:\Work\mr\merg\cbus\mplabprj\cancmd3d\p18F2480.asm
                   PLUSW0   0x000feb       data     extern D:\Work\mr\merg\cbus\mplabprj\cancmd3d\p18F2480.asm
                   PLUSW1   0x000fe3       data     extern D:\Work\mr\merg\cbus\mplabprj\cancmd3d\p18F2480.asm
                   PLUSW2   0x000fdb       data     extern D:\Work\mr\merg\cbus\mplabprj\cancmd3d\p18F2480.asm
                    PORTA   0x000f80       data     extern D:\Work\mr\merg\cbus\mplabprj\cancmd3d\p18F2480.asm
                PORTAbits   0x000f80       data     extern D:\Work\mr\merg\cbus\mplabprj\cancmd3d\p18F2480.asm
                    PORTB   0x000f81       data     extern D:\Work\mr\merg\cbus\mplabprj\cancmd3d\p18F2480.asm
                PORTBbits   0x000f81       data     extern D:\Work\mr\merg\cbus\mplabprj\cancmd3d\p18F2480.asm
                    PORTC   0x000f82       data     extern D:\Work\mr\merg\cbus\mplabprj\cancmd3d\p18F2480.asm
                PORTCbits   0x000f82       data     extern D:\Work\mr\merg\cbus\mplabprj\cancmd3d\p18F2480.asm
                    PORTE   0x000f84       data     extern D:\Work\mr\merg\cbus\mplabprj\cancmd3d\p18F2480.asm
                PORTEbits   0x000f84       data     extern D:\Work\mr\merg\cbus\mplabprj\cancmd3d\p18F2480.asm
                 POSTDEC0   0x000fed       data     extern D:\Work\mr\merg\cbus\mplabprj\cancmd3d\p18F2480.asm
                 POSTDEC1   0x000fe5       data     extern D:\Work\mr\merg\cbus\mplabprj\cancmd3d\p18F2480.asm
                 POSTDEC2   0x000fdd       data     extern D:\Work\mr\merg\cbus\mplabprj\cancmd3d\p18F2480.asm
                 POSTINC0   0x000fee       data     extern D:\Work\mr\merg\cbus\mplabprj\cancmd3d\p18F2480.asm
                 POSTINC1   0x000fe6       data     extern D:\Work\mr\merg\cbus\mplabprj\cancmd3d\p18F2480.asm
                 POSTINC2   0x000fde       data     extern D:\Work\mr\merg\cbus\mplabprj\cancmd3d\p18F2480.asm
                      PR2   0x000fcb       data     extern D:\Work\mr\merg\cbus\mplabprj\cancmd3d\p18F2480.asm
                  PREINC0   0x000fec       data     extern D:\Work\mr\merg\cbus\mplabprj\cancmd3d\p18F2480.asm
                  PREINC1   0x000fe4       data     extern D:\Work\mr\merg\cbus\mplabprj\cancmd3d\p18F2480.asm
                  PREINC2   0x000fdc       data     extern D:\Work\mr\merg\cbus\mplabprj\cancmd3d\p18F2480.asm
                     PROD   0x000ff3       data     extern D:\Work\mr\merg\cbus\mplabprj\cancmd3d\p18F2480.asm
                    PRODH   0x000ff4       data     extern D:\Work\mr\merg\cbus\mplabprj\cancmd3d\p18F2480.asm
                    PRODL   0x000ff3       data     extern D:\Work\mr\merg\cbus\mplabprj\cancmd3d\p18F2480.asm
                     RCON   0x000fd0       data     extern D:\Work\mr\merg\cbus\mplabprj\cancmd3d\p18F2480.asm
                 RCONbits   0x000fd0       data     extern D:\Work\mr\merg\cbus\mplabprj\cancmd3d\p18F2480.asm
                    RCREG   0x000fae       data     extern D:\Work\mr\merg\cbus\mplabprj\cancmd3d\p18F2480.asm
                    RCSTA   0x000fab       data     extern D:\Work\mr\merg\cbus\mplabprj\cancmd3d\p18F2480.asm
                RCSTAbits   0x000fab       data     extern D:\Work\mr\merg\cbus\mplabprj\cancmd3d\p18F2480.asm
                  RXB0CON   0x000f60       data     extern D:\Work\mr\merg\cbus\mplabprj\cancmd3d\p18F2480.asm
              RXB0CONbits   0x000f60       data     extern D:\Work\mr\merg\cbus\mplabprj\cancmd3d\p18F2480.asm
                   RXB0D0   0x000f66       data     extern D:\Work\mr\merg\cbus\mplabprj\cancmd3d\p18F2480.asm
               RXB0D0bits   0x000f66       data     extern D:\Work\mr\merg\cbus\mplabprj\cancmd3d\p18F2480.asm
                   RXB0D1   0x000f67       data     extern D:\Work\mr\merg\cbus\mplabprj\cancmd3d\p18F2480.asm
               RXB0D1bits   0x000f67       data     extern D:\Work\mr\merg\cbus\mplabprj\cancmd3d\p18F2480.asm
                   RXB0D2   0x000f68       data     extern D:\Work\mr\merg\cbus\mplabprj\cancmd3d\p18F2480.asm
               RXB0D2bits   0x000f68       data     extern D:\Work\mr\merg\cbus\mplabprj\cancmd3d\p18F2480.asm
                   RXB0D3   0x000f69       data     extern D:\Work\mr\merg\cbus\mplabprj\cancmd3d\p18F2480.asm
               RXB0D3bits   0x000f69       data     extern D:\Work\mr\merg\cbus\mplabprj\cancmd3d\p18F2480.asm
                   RXB0D4   0x000f6a       data     extern D:\Work\mr\merg\cbus\mplabprj\cancmd3d\p18F2480.asm
               RXB0D4bits   0x000f6a       data     extern D:\Work\mr\merg\cbus\mplabprj\cancmd3d\p18F2480.asm
                   RXB0D5   0x000f6b       data     extern D:\Work\mr\merg\cbus\mplabprj\cancmd3d\p18F2480.asm
               RXB0D5bits   0x000f6b       data     extern D:\Work\mr\merg\cbus\mplabprj\cancmd3d\p18F2480.asm
                   RXB0D6   0x000f6c       data     extern D:\Work\mr\merg\cbus\mplabprj\cancmd3d\p18F2480.asm
               RXB0D6bits   0x000f6c       data     extern D:\Work\mr\merg\cbus\mplabprj\cancmd3d\p18F2480.asm
                   RXB0D7   0x000f6d       data     extern D:\Work\mr\merg\cbus\mplabprj\cancmd3d\p18F2480.asm
               RXB0D7bits   0x000f6d       data     extern D:\Work\mr\merg\cbus\mplabprj\cancmd3d\p18F2480.asm
                  RXB0DLC   0x000f65       data     extern D:\Work\mr\merg\cbus\mplabprj\cancmd3d\p18F2480.asm
              RXB0DLCbits   0x000f65       data     extern D:\Work\mr\merg\cbus\mplabprj\cancmd3d\p18F2480.asm
                 RXB0EIDH   0x000f63       data     extern D:\Work\mr\merg\cbus\mplabprj\cancmd3d\p18F2480.asm
             RXB0EIDHbits   0x000f63       data     extern D:\Work\mr\merg\cbus\mplabprj\cancmd3d\p18F2480.asm
                 RXB0EIDL   0x000f64       data     extern D:\Work\mr\merg\cbus\mplabprj\cancmd3d\p18F2480.asm
             RXB0EIDLbits   0x000f64       data     extern D:\Work\mr\merg\cbus\mplabprj\cancmd3d\p18F2480.asm
                 RXB0SIDH   0x000f61       data     extern D:\Work\mr\merg\cbus\mplabprj\cancmd3d\p18F2480.asm
             RXB0SIDHbits   0x000f61       data     extern D:\Work\mr\merg\cbus\mplabprj\cancmd3d\p18F2480.asm
                 RXB0SIDL   0x000f62       data     extern D:\Work\mr\merg\cbus\mplabprj\cancmd3d\p18F2480.asm
             RXB0SIDLbits   0x000f62       data     extern D:\Work\mr\merg\cbus\mplabprj\cancmd3d\p18F2480.asm
                  RXB1CON   0x000f50       data     extern D:\Work\mr\merg\cbus\mplabprj\cancmd3d\p18F2480.asm
              RXB1CONbits   0x000f50       data     extern D:\Work\mr\merg\cbus\mplabprj\cancmd3d\p18F2480.asm
                   RXB1D0   0x000f56       data     extern D:\Work\mr\merg\cbus\mplabprj\cancmd3d\p18F2480.asm
               RXB1D0bits   0x000f56       data     extern D:\Work\mr\merg\cbus\mplabprj\cancmd3d\p18F2480.asm
                   RXB1D1   0x000f57       data     extern D:\Work\mr\merg\cbus\mplabprj\cancmd3d\p18F2480.asm
               RXB1D1bits   0x000f57       data     extern D:\Work\mr\merg\cbus\mplabprj\cancmd3d\p18F2480.asm
                   RXB1D2   0x000f58       data     extern D:\Work\mr\merg\cbus\mplabprj\cancmd3d\p18F2480.asm
               RXB1D2bits   0x000f58       data     extern D:\Work\mr\merg\cbus\mplabprj\cancmd3d\p18F2480.asm
                   RXB1D3   0x000f59       data     extern D:\Work\mr\merg\cbus\mplabprj\cancmd3d\p18F2480.asm
               RXB1D3bits   0x000f59       data     extern D:\Work\mr\merg\cbus\mplabprj\cancmd3d\p18F2480.asm
                   RXB1D4   0x000f5a       data     extern D:\Work\mr\merg\cbus\mplabprj\cancmd3d\p18F2480.asm
               RXB1D4bits   0x000f5a       data     extern D:\Work\mr\merg\cbus\mplabprj\cancmd3d\p18F2480.asm
                   RXB1D5   0x000f5b       data     extern D:\Work\mr\merg\cbus\mplabprj\cancmd3d\p18F2480.asm
               RXB1D5bits   0x000f5b       data     extern D:\Work\mr\merg\cbus\mplabprj\cancmd3d\p18F2480.asm
                   RXB1D6   0x000f5c       data     extern D:\Work\mr\merg\cbus\mplabprj\cancmd3d\p18F2480.asm
               RXB1D6bits   0x000f5c       data     extern D:\Work\mr\merg\cbus\mplabprj\cancmd3d\p18F2480.asm
                   RXB1D7   0x000f5d       data     extern D:\Work\mr\merg\cbus\mplabprj\cancmd3d\p18F2480.asm
               RXB1D7bits   0x000f5d       data     extern D:\Work\mr\merg\cbus\mplabprj\cancmd3d\p18F2480.asm
                  RXB1DLC   0x000f55       data     extern D:\Work\mr\merg\cbus\mplabprj\cancmd3d\p18F2480.asm
              RXB1DLCbits   0x000f55       data     extern D:\Work\mr\merg\cbus\mplabprj\cancmd3d\p18F2480.asm
                 RXB1EIDH   0x000f53       data     extern D:\Work\mr\merg\cbus\mplabprj\cancmd3d\p18F2480.asm
             RXB1EIDHbits   0x000f53       data     extern D:\Work\mr\merg\cbus\mplabprj\cancmd3d\p18F2480.asm
                 RXB1EIDL   0x000f54       data     extern D:\Work\mr\merg\cbus\mplabprj\cancmd3d\p18F2480.asm
             RXB1EIDLbits   0x000f54       data     extern D:\Work\mr\merg\cbus\mplabprj\cancmd3d\p18F2480.asm
                 RXB1SIDH   0x000f51       data     extern D:\Work\mr\merg\cbus\mplabprj\cancmd3d\p18F2480.asm
             RXB1SIDHbits   0x000f51       data     extern D:\Work\mr\merg\cbus\mplabprj\cancmd3d\p18F2480.asm
                 RXB1SIDL   0x000f52       data     extern D:\Work\mr\merg\cbus\mplabprj\cancmd3d\p18F2480.asm
             RXB1SIDLbits   0x000f52       data     extern D:\Work\mr\merg\cbus\mplabprj\cancmd3d\p18F2480.asm
                 RXERRCNT   0x000f75       data     extern D:\Work\mr\merg\cbus\mplabprj\cancmd3d\p18F2480.asm
             RXERRCNTbits   0x000f75       data     extern D:\Work\mr\merg\cbus\mplabprj\cancmd3d\p18F2480.asm
                 RXF0EIDH   0x000f02       data     extern D:\Work\mr\merg\cbus\mplabprj\cancmd3d\p18F2480.asm
             RXF0EIDHbits   0x000f02       data     extern D:\Work\mr\merg\cbus\mplabprj\cancmd3d\p18F2480.asm
                 RXF0EIDL   0x000f03       data     extern D:\Work\mr\merg\cbus\mplabprj\cancmd3d\p18F2480.asm
             RXF0EIDLbits   0x000f03       data     extern D:\Work\mr\merg\cbus\mplabprj\cancmd3d\p18F2480.asm
                 RXF0SIDH   0x000f00       data     extern D:\Work\mr\merg\cbus\mplabprj\cancmd3d\p18F2480.asm
             RXF0SIDHbits   0x000f00       data     extern D:\Work\mr\merg\cbus\mplabprj\cancmd3d\p18F2480.asm
                 RXF0SIDL   0x000f01       data     extern D:\Work\mr\merg\cbus\mplabprj\cancmd3d\p18F2480.asm
             RXF0SIDLbits   0x000f01       data     extern D:\Work\mr\merg\cbus\mplabprj\cancmd3d\p18F2480.asm
                RXF10EIDH   0x000d76       data     extern D:\Work\mr\merg\cbus\mplabprj\cancmd3d\p18F2480.asm
            RXF10EIDHbits   0x000d76       data     extern D:\Work\mr\merg\cbus\mplabprj\cancmd3d\p18F2480.asm
                RXF10EIDL   0x000d77       data     extern D:\Work\mr\merg\cbus\mplabprj\cancmd3d\p18F2480.asm
            RXF10EIDLbits   0x000d77       data     extern D:\Work\mr\merg\cbus\mplabprj\cancmd3d\p18F2480.asm
                RXF10SIDH   0x000d74       data     extern D:\Work\mr\merg\cbus\mplabprj\cancmd3d\p18F2480.asm
            RXF10SIDHbits   0x000d74       data     extern D:\Work\mr\merg\cbus\mplabprj\cancmd3d\p18F2480.asm
                RXF10SIDL   0x000d75       data     extern D:\Work\mr\merg\cbus\mplabprj\cancmd3d\p18F2480.asm
            RXF10SIDLbits   0x000d75       data     extern D:\Work\mr\merg\cbus\mplabprj\cancmd3d\p18F2480.asm
                RXF11EIDH   0x000d7a       data     extern D:\Work\mr\merg\cbus\mplabprj\cancmd3d\p18F2480.asm
            RXF11EIDHbits   0x000d7a       data     extern D:\Work\mr\merg\cbus\mplabprj\cancmd3d\p18F2480.asm
                RXF11EIDL   0x000d7b       data     extern D:\Work\mr\merg\cbus\mplabprj\cancmd3d\p18F2480.asm
            RXF11EIDLbits   0x000d7b       data     extern D:\Work\mr\merg\cbus\mplabprj\cancmd3d\p18F2480.asm
                RXF11SIDH   0x000d78       data     extern D:\Work\mr\merg\cbus\mplabprj\cancmd3d\p18F2480.asm
            RXF11SIDHbits   0x000d78       data     extern D:\Work\mr\merg\cbus\mplabprj\cancmd3d\p18F2480.asm
                RXF11SIDL   0x000d79       data     extern D:\Work\mr\merg\cbus\mplabprj\cancmd3d\p18F2480.asm
            RXF11SIDLbits   0x000d79       data     extern D:\Work\mr\merg\cbus\mplabprj\cancmd3d\p18F2480.asm
                RXF12EIDH   0x000d82       data     extern D:\Work\mr\merg\cbus\mplabprj\cancmd3d\p18F2480.asm
            RXF12EIDHbits   0x000d82       data     extern D:\Work\mr\merg\cbus\mplabprj\cancmd3d\p18F2480.asm
                RXF12EIDL   0x000d83       data     extern D:\Work\mr\merg\cbus\mplabprj\cancmd3d\p18F2480.asm
            RXF12EIDLbits   0x000d83       data     extern D:\Work\mr\merg\cbus\mplabprj\cancmd3d\p18F2480.asm
                RXF12SIDH   0x000d80       data     extern D:\Work\mr\merg\cbus\mplabprj\cancmd3d\p18F2480.asm
            RXF12SIDHbits   0x000d80       data     extern D:\Work\mr\merg\cbus\mplabprj\cancmd3d\p18F2480.asm
                RXF12SIDL   0x000d81       data     extern D:\Work\mr\merg\cbus\mplabprj\cancmd3d\p18F2480.asm
            RXF12SIDLbits   0x000d81       data     extern D:\Work\mr\merg\cbus\mplabprj\cancmd3d\p18F2480.asm
                RXF13EIDH   0x000d86       data     extern D:\Work\mr\merg\cbus\mplabprj\cancmd3d\p18F2480.asm
            RXF13EIDHbits   0x000d86       data     extern D:\Work\mr\merg\cbus\mplabprj\cancmd3d\p18F2480.asm
                RXF13EIDL   0x000d87       data     extern D:\Work\mr\merg\cbus\mplabprj\cancmd3d\p18F2480.asm
            RXF13EIDLbits   0x000d87       data     extern D:\Work\mr\merg\cbus\mplabprj\cancmd3d\p18F2480.asm
                RXF13SIDH   0x000d84       data     extern D:\Work\mr\merg\cbus\mplabprj\cancmd3d\p18F2480.asm
            RXF13SIDHbits   0x000d84       data     extern D:\Work\mr\merg\cbus\mplabprj\cancmd3d\p18F2480.asm
                RXF13SIDL   0x000d85       data     extern D:\Work\mr\merg\cbus\mplabprj\cancmd3d\p18F2480.asm
            RXF13SIDLbits   0x000d85       data     extern D:\Work\mr\merg\cbus\mplabprj\cancmd3d\p18F2480.asm
                RXF14EIDH   0x000d8a       data     extern D:\Work\mr\merg\cbus\mplabprj\cancmd3d\p18F2480.asm
            RXF14EIDHbits   0x000d8a       data     extern D:\Work\mr\merg\cbus\mplabprj\cancmd3d\p18F2480.asm
                RXF14EIDL   0x000d8b       data     extern D:\Work\mr\merg\cbus\mplabprj\cancmd3d\p18F2480.asm
            RXF14EIDLbits   0x000d8b       data     extern D:\Work\mr\merg\cbus\mplabprj\cancmd3d\p18F2480.asm
                RXF14SIDH   0x000d88       data     extern D:\Work\mr\merg\cbus\mplabprj\cancmd3d\p18F2480.asm
            RXF14SIDHbits   0x000d88       data     extern D:\Work\mr\merg\cbus\mplabprj\cancmd3d\p18F2480.asm
                RXF14SIDL   0x000d89       data     extern D:\Work\mr\merg\cbus\mplabprj\cancmd3d\p18F2480.asm
            RXF14SIDLbits   0x000d89       data     extern D:\Work\mr\merg\cbus\mplabprj\cancmd3d\p18F2480.asm
                RXF15EIDH   0x000d92       data     extern D:\Work\mr\merg\cbus\mplabprj\cancmd3d\p18F2480.asm
            RXF15EIDHbits   0x000d92       data     extern D:\Work\mr\merg\cbus\mplabprj\cancmd3d\p18F2480.asm
                RXF15EIDL   0x000d93       data     extern D:\Work\mr\merg\cbus\mplabprj\cancmd3d\p18F2480.asm
            RXF15EIDLbits   0x000d93       data     extern D:\Work\mr\merg\cbus\mplabprj\cancmd3d\p18F2480.asm
                RXF15SIDH   0x000d90       data     extern D:\Work\mr\merg\cbus\mplabprj\cancmd3d\p18F2480.asm
            RXF15SIDHbits   0x000d90       data     extern D:\Work\mr\merg\cbus\mplabprj\cancmd3d\p18F2480.asm
                RXF15SIDL   0x000d91       data     extern D:\Work\mr\merg\cbus\mplabprj\cancmd3d\p18F2480.asm
            RXF15SIDLbits   0x000d91       data     extern D:\Work\mr\merg\cbus\mplabprj\cancmd3d\p18F2480.asm
                 RXF1EIDH   0x000f06       data     extern D:\Work\mr\merg\cbus\mplabprj\cancmd3d\p18F2480.asm
             RXF1EIDHbits   0x000f06       data     extern D:\Work\mr\merg\cbus\mplabprj\cancmd3d\p18F2480.asm
                 RXF1EIDL   0x000f07       data     extern D:\Work\mr\merg\cbus\mplabprj\cancmd3d\p18F2480.asm
             RXF1EIDLbits   0x000f07       data     extern D:\Work\mr\merg\cbus\mplabprj\cancmd3d\p18F2480.asm
                 RXF1SIDH   0x000f04       data     extern D:\Work\mr\merg\cbus\mplabprj\cancmd3d\p18F2480.asm
             RXF1SIDHbits   0x000f04       data     extern D:\Work\mr\merg\cbus\mplabprj\cancmd3d\p18F2480.asm
                 RXF1SIDL   0x000f05       data     extern D:\Work\mr\merg\cbus\mplabprj\cancmd3d\p18F2480.asm
             RXF1SIDLbits   0x000f05       data     extern D:\Work\mr\merg\cbus\mplabprj\cancmd3d\p18F2480.asm
                 RXF2EIDH   0x000f0a       data     extern D:\Work\mr\merg\cbus\mplabprj\cancmd3d\p18F2480.asm
             RXF2EIDHbits   0x000f0a       data     extern D:\Work\mr\merg\cbus\mplabprj\cancmd3d\p18F2480.asm
                 RXF2EIDL   0x000f0b       data     extern D:\Work\mr\merg\cbus\mplabprj\cancmd3d\p18F2480.asm
             RXF2EIDLbits   0x000f0b       data     extern D:\Work\mr\merg\cbus\mplabprj\cancmd3d\p18F2480.asm
                 RXF2SIDH   0x000f08       data     extern D:\Work\mr\merg\cbus\mplabprj\cancmd3d\p18F2480.asm
             RXF2SIDHbits   0x000f08       data     extern D:\Work\mr\merg\cbus\mplabprj\cancmd3d\p18F2480.asm
                 RXF2SIDL   0x000f09       data     extern D:\Work\mr\merg\cbus\mplabprj\cancmd3d\p18F2480.asm
             RXF2SIDLbits   0x000f09       data     extern D:\Work\mr\merg\cbus\mplabprj\cancmd3d\p18F2480.asm
                 RXF3EIDH   0x000f0e       data     extern D:\Work\mr\merg\cbus\mplabprj\cancmd3d\p18F2480.asm
             RXF3EIDHbits   0x000f0e       data     extern D:\Work\mr\merg\cbus\mplabprj\cancmd3d\p18F2480.asm
                 RXF3EIDL   0x000f0f       data     extern D:\Work\mr\merg\cbus\mplabprj\cancmd3d\p18F2480.asm
             RXF3EIDLbits   0x000f0f       data     extern D:\Work\mr\merg\cbus\mplabprj\cancmd3d\p18F2480.asm
                 RXF3SIDH   0x000f0c       data     extern D:\Work\mr\merg\cbus\mplabprj\cancmd3d\p18F2480.asm
             RXF3SIDHbits   0x000f0c       data     extern D:\Work\mr\merg\cbus\mplabprj\cancmd3d\p18F2480.asm
[...]
              BRGCON2bits   0x000f71       data     extern D:\Work\mr\merg\cbus\mplabprj\cancmd3d\p18F2480.asm
              BRGCON3bits   0x000f72       data     extern D:\Work\mr\merg\cbus\mplabprj\cancmd3d\p18F2480.asm
                  BRGCON3   0x000f72       data     extern D:\Work\mr\merg\cbus\mplabprj\cancmd3d\p18F2480.asm
                   CIOCON   0x000f73       data     extern D:\Work\mr\merg\cbus\mplabprj\cancmd3d\p18F2480.asm
               CIOCONbits   0x000f73       data     extern D:\Work\mr\merg\cbus\mplabprj\cancmd3d\p18F2480.asm
                  COMSTAT   0x000f74       data     extern D:\Work\mr\merg\cbus\mplabprj\cancmd3d\p18F2480.asm
              COMSTATbits   0x000f74       data     extern D:\Work\mr\merg\cbus\mplabprj\cancmd3d\p18F2480.asm
             RXERRCNTbits   0x000f75       data     extern D:\Work\mr\merg\cbus\mplabprj\cancmd3d\p18F2480.asm
                 RXERRCNT   0x000f75       data     extern D:\Work\mr\merg\cbus\mplabprj\cancmd3d\p18F2480.asm
                 TXERRCNT   0x000f76       data     extern D:\Work\mr\merg\cbus\mplabprj\cancmd3d\p18F2480.asm
             TXERRCNTbits   0x000f76       data     extern D:\Work\mr\merg\cbus\mplabprj\cancmd3d\p18F2480.asm
              ECANCONbits   0x000f77       data     extern D:\Work\mr\merg\cbus\mplabprj\cancmd3d\p18F2480.asm
                  ECANCON   0x000f77       data     extern D:\Work\mr\merg\cbus\mplabprj\cancmd3d\p18F2480.asm
                    PORTA   0x000f80       data     extern D:\Work\mr\merg\cbus\mplabprj\cancmd3d\p18F2480.asm
                PORTAbits   0x000f80       data     extern D:\Work\mr\merg\cbus\mplabprj\cancmd3d\p18F2480.asm
                    PORTB   0x000f81       data     extern D:\Work\mr\merg\cbus\mplabprj\cancmd3d\p18F2480.asm
                PORTBbits   0x000f81       data     extern D:\Work\mr\merg\cbus\mplabprj\cancmd3d\p18F2480.asm
                    PORTC   0x000f82       data     extern D:\Work\mr\merg\cbus\mplabprj\cancmd3d\p18F2480.asm
                PORTCbits   0x000f82       data     extern D:\Work\mr\merg\cbus\mplabprj\cancmd3d\p18F2480.asm
                PORTEbits   0x000f84       data     extern D:\Work\mr\merg\cbus\mplabprj\cancmd3d\p18F2480.asm
                    PORTE   0x000f84       data     extern D:\Work\mr\merg\cbus\mplabprj\cancmd3d\p18F2480.asm
                 LATAbits   0x000f89       data     extern D:\Work\mr\merg\cbus\mplabprj\cancmd3d\p18F2480.asm
                     LATA   0x000f89       data     extern D:\Work\mr\merg\cbus\mplabprj\cancmd3d\p18F2480.asm
                 LATBbits   0x000f8a       data     extern D:\Work\mr\merg\cbus\mplabprj\cancmd3d\p18F2480.asm
                     LATB   0x000f8a       data     extern D:\Work\mr\merg\cbus\mplabprj\cancmd3d\p18F2480.asm
                 LATCbits   0x000f8b       data     extern D:\Work\mr\merg\cbus\mplabprj\cancmd3d\p18F2480.asm
                     LATC   0x000f8b       data     extern D:\Work\mr\merg\cbus\mplabprj\cancmd3d\p18F2480.asm
                 DDRAbits   0x000f92       data     extern D:\Work\mr\merg\cbus\mplabprj\cancmd3d\p18F2480.asm
                    TRISA   0x000f92       data     extern D:\Work\mr\merg\cbus\mplabprj\cancmd3d\p18F2480.asm
                TRISAbits   0x000f92       data     extern D:\Work\mr\merg\cbus\mplabprj\cancmd3d\p18F2480.asm
                     DDRA   0x000f92       data     extern D:\Work\mr\merg\cbus\mplabprj\cancmd3d\p18F2480.asm
                     DDRB   0x000f93       data     extern D:\Work\mr\merg\cbus\mplabprj\cancmd3d\p18F2480.asm
                 DDRBbits   0x000f93       data     extern D:\Work\mr\merg\cbus\mplabprj\cancmd3d\p18F2480.asm
                TRISBbits   0x000f93       data     extern D:\Work\mr\merg\cbus\mplabprj\cancmd3d\p18F2480.asm
                    TRISB   0x000f93       data     extern D:\Work\mr\merg\cbus\mplabprj\cancmd3d\p18F2480.asm
                TRISCbits   0x000f94       data     extern D:\Work\mr\merg\cbus\mplabprj\cancmd3d\p18F2480.asm
                    TRISC   0x000f94       data     extern D:\Work\mr\merg\cbus\mplabprj\cancmd3d\p18F2480.asm
                     DDRC   0x000f94       data     extern D:\Work\mr\merg\cbus\mplabprj\cancmd3d\p18F2480.asm
                 DDRCbits   0x000f94       data     extern D:\Work\mr\merg\cbus\mplabprj\cancmd3d\p18F2480.asm
                  OSCTUNE   0x000f9b       data     extern D:\Work\mr\merg\cbus\mplabprj\cancmd3d\p18F2480.asm
              OSCTUNEbits   0x000f9b       data     extern D:\Work\mr\merg\cbus\mplabprj\cancmd3d\p18F2480.asm
                 PIE1bits   0x000f9d       data     extern D:\Work\mr\merg\cbus\mplabprj\cancmd3d\p18F2480.asm
                     PIE1   0x000f9d       data     extern D:\Work\mr\merg\cbus\mplabprj\cancmd3d\p18F2480.asm
                 PIR1bits   0x000f9e       data     extern D:\Work\mr\merg\cbus\mplabprj\cancmd3d\p18F2480.asm
                     PIR1   0x000f9e       data     extern D:\Work\mr\merg\cbus\mplabprj\cancmd3d\p18F2480.asm
                     IPR1   0x000f9f       data     extern D:\Work\mr\merg\cbus\mplabprj\cancmd3d\p18F2480.asm
                 IPR1bits   0x000f9f       data     extern D:\Work\mr\merg\cbus\mplabprj\cancmd3d\p18F2480.asm
                     PIE2   0x000fa0       data     extern D:\Work\mr\merg\cbus\mplabprj\cancmd3d\p18F2480.asm
                 PIE2bits   0x000fa0       data     extern D:\Work\mr\merg\cbus\mplabprj\cancmd3d\p18F2480.asm
                     PIR2   0x000fa1       data     extern D:\Work\mr\merg\cbus\mplabprj\cancmd3d\p18F2480.asm
                 PIR2bits   0x000fa1       data     extern D:\Work\mr\merg\cbus\mplabprj\cancmd3d\p18F2480.asm
                     IPR2   0x000fa2       data     extern D:\Work\mr\merg\cbus\mplabprj\cancmd3d\p18F2480.asm
                 IPR2bits   0x000fa2       data     extern D:\Work\mr\merg\cbus\mplabprj\cancmd3d\p18F2480.asm
                     PIE3   0x000fa3       data     extern D:\Work\mr\merg\cbus\mplabprj\cancmd3d\p18F2480.asm
                 PIE3bits   0x000fa3       data     extern D:\Work\mr\merg\cbus\mplabprj\cancmd3d\p18F2480.asm
                     PIR3   0x000fa4       data     extern D:\Work\mr\merg\cbus\mplabprj\cancmd3d\p18F2480.asm
                 PIR3bits   0x000fa4       data     extern D:\Work\mr\merg\cbus\mplabprj\cancmd3d\p18F2480.asm
                     IPR3   0x000fa5       data     extern D:\Work\mr\merg\cbus\mplabprj\cancmd3d\p18F2480.asm
                 IPR3bits   0x000fa5       data     extern D:\Work\mr\merg\cbus\mplabprj\cancmd3d\p18F2480.asm
                   EECON1   0x000fa6       data     extern D:\Work\mr\merg\cbus\mplabprj\cancmd3d\p18F2480.asm
               EECON1bits   0x000fa6       data     extern D:\Work\mr\merg\cbus\mplabprj\cancmd3d\p18F2480.asm
                   EECON2   0x000fa7       data     extern D:\Work\mr\merg\cbus\mplabprj\cancmd3d\p18F2480.asm
                   EEDATA   0x000fa8       data     extern D:\Work\mr\merg\cbus\mplabprj\cancmd3d\p18F2480.asm
                    EEADR   0x000fa9       data     extern D:\Work\mr\merg\cbus\mplabprj\cancmd3d\p18F2480.asm
                RCSTAbits   0x000fab       data     extern D:\Work\mr\merg\cbus\mplabprj\cancmd3d\p18F2480.asm
                    RCSTA   0x000fab       data     extern D:\Work\mr\merg\cbus\mplabprj\cancmd3d\p18F2480.asm
                TXSTAbits   0x000fac       data     extern D:\Work\mr\merg\cbus\mplabprj\cancmd3d\p18F2480.asm
                    TXSTA   0x000fac       data     extern D:\Work\mr\merg\cbus\mplabprj\cancmd3d\p18F2480.asm
                    TXREG   0x000fad       data     extern D:\Work\mr\merg\cbus\mplabprj\cancmd3d\p18F2480.asm
                    RCREG   0x000fae       data     extern D:\Work\mr\merg\cbus\mplabprj\cancmd3d\p18F2480.asm
                    SPBRG   0x000faf       data     extern D:\Work\mr\merg\cbus\mplabprj\cancmd3d\p18F2480.asm
                   SPBRGH   0x000fb0       data     extern D:\Work\mr\merg\cbus\mplabprj\cancmd3d\p18F2480.asm
                T3CONbits   0x000fb1       data     extern D:\Work\mr\merg\cbus\mplabprj\cancmd3d\p18F2480.asm
                    T3CON   0x000fb1       data     extern D:\Work\mr\merg\cbus\mplabprj\cancmd3d\p18F2480.asm
                    TMR3L   0x000fb2       data     extern D:\Work\mr\merg\cbus\mplabprj\cancmd3d\p18F2480.asm
                    TMR3H   0x000fb3       data     extern D:\Work\mr\merg\cbus\mplabprj\cancmd3d\p18F2480.asm
             ECCP1DELbits   0x000fb7       data     extern D:\Work\mr\merg\cbus\mplabprj\cancmd3d\p18F2480.asm
                 ECCP1DEL   0x000fb7       data     extern D:\Work\mr\merg\cbus\mplabprj\cancmd3d\p18F2480.asm
              BAUDCONbits   0x000fb8       data     extern D:\Work\mr\merg\cbus\mplabprj\cancmd3d\p18F2480.asm
                  BAUDCON   0x000fb8       data     extern D:\Work\mr\merg\cbus\mplabprj\cancmd3d\p18F2480.asm
                  BAUDCTL   0x000fb8       data     extern D:\Work\mr\merg\cbus\mplabprj\cancmd3d\p18F2480.asm
              BAUDCTLbits   0x000fb8       data     extern D:\Work\mr\merg\cbus\mplabprj\cancmd3d\p18F2480.asm
                  CCP1CON   0x000fbd       data     extern D:\Work\mr\merg\cbus\mplabprj\cancmd3d\p18F2480.asm
              CCP1CONbits   0x000fbd       data     extern D:\Work\mr\merg\cbus\mplabprj\cancmd3d\p18F2480.asm
                    CCPR1   0x000fbe       data     extern D:\Work\mr\merg\cbus\mplabprj\cancmd3d\p18F2480.asm
                   CCPR1L   0x000fbe       data     extern D:\Work\mr\merg\cbus\mplabprj\cancmd3d\p18F2480.asm
                   CCPR1H   0x000fbf       data     extern D:\Work\mr\merg\cbus\mplabprj\cancmd3d\p18F2480.asm
                   ADCON2   0x000fc0       data     extern D:\Work\mr\merg\cbus\mplabprj\cancmd3d\p18F2480.asm
               ADCON2bits   0x000fc0       data     extern D:\Work\mr\merg\cbus\mplabprj\cancmd3d\p18F2480.asm
               ADCON1bits   0x000fc1       data     extern D:\Work\mr\merg\cbus\mplabprj\cancmd3d\p18F2480.asm
                   ADCON1   0x000fc1       data     extern D:\Work\mr\merg\cbus\mplabprj\cancmd3d\p18F2480.asm
               ADCON0bits   0x000fc2       data     extern D:\Work\mr\merg\cbus\mplabprj\cancmd3d\p18F2480.asm
                   ADCON0   0x000fc2       data     extern D:\Work\mr\merg\cbus\mplabprj\cancmd3d\p18F2480.asm
                    ADRES   0x000fc3       data     extern D:\Work\mr\merg\cbus\mplabprj\cancmd3d\p18F2480.asm
                   ADRESL   0x000fc3       data     extern D:\Work\mr\merg\cbus\mplabprj\cancmd3d\p18F2480.asm
                   ADRESH   0x000fc4       data     extern D:\Work\mr\merg\cbus\mplabprj\cancmd3d\p18F2480.asm
                  SSPCON2   0x000fc5       data     extern D:\Work\mr\merg\cbus\mplabprj\cancmd3d\p18F2480.asm
              SSPCON2bits   0x000fc5       data     extern D:\Work\mr\merg\cbus\mplabprj\cancmd3d\p18F2480.asm
                  SSPCON1   0x000fc6       data     extern D:\Work\mr\merg\cbus\mplabprj\cancmd3d\p18F2480.asm
              SSPCON1bits   0x000fc6       data     extern D:\Work\mr\merg\cbus\mplabprj\cancmd3d\p18F2480.asm
                  SSPSTAT   0x000fc7       data     extern D:\Work\mr\merg\cbus\mplabprj\cancmd3d\p18F2480.asm
              SSPSTATbits   0x000fc7       data     extern D:\Work\mr\merg\cbus\mplabprj\cancmd3d\p18F2480.asm
                   SSPADD   0x000fc8       data     extern D:\Work\mr\merg\cbus\mplabprj\cancmd3d\p18F2480.asm
                   SSPBUF   0x000fc9       data     extern D:\Work\mr\merg\cbus\mplabprj\cancmd3d\p18F2480.asm
                    T2CON   0x000fca       data     extern D:\Work\mr\merg\cbus\mplabprj\cancmd3d\p18F2480.asm
                T2CONbits   0x000fca       data     extern D:\Work\mr\merg\cbus\mplabprj\cancmd3d\p18F2480.asm
                      PR2   0x000fcb       data     extern D:\Work\mr\merg\cbus\mplabprj\cancmd3d\p18F2480.asm
                     TMR2   0x000fcc       data     extern D:\Work\mr\merg\cbus\mplabprj\cancmd3d\p18F2480.asm
                T1CONbits   0x000fcd       data     extern D:\Work\mr\merg\cbus\mplabprj\cancmd3d\p18F2480.asm
                    T1CON   0x000fcd       data     extern D:\Work\mr\merg\cbus\mplabprj\cancmd3d\p18F2480.asm
                    TMR1L   0x000fce       data     extern D:\Work\mr\merg\cbus\mplabprj\cancmd3d\p18F2480.asm
                    TMR1H   0x000fcf       data     extern D:\Work\mr\merg\cbus\mplabprj\cancmd3d\p18F2480.asm
                 RCONbits   0x000fd0       data     extern D:\Work\mr\merg\cbus\mplabprj\cancmd3d\p18F2480.asm
                     RCON   0x000fd0       data     extern D:\Work\mr\merg\cbus\mplabprj\cancmd3d\p18F2480.asm
               WDTCONbits   0x000fd1       data     extern D:\Work\mr\merg\cbus\mplabprj\cancmd3d\p18F2480.asm
                   WDTCON   0x000fd1       data     extern D:\Work\mr\merg\cbus\mplabprj\cancmd3d\p18F2480.asm
                   LVDCON   0x000fd2       data     extern D:\Work\mr\merg\cbus\mplabprj\cancmd3d\p18F2480.asm
               LVDCONbits   0x000fd2       data     extern D:\Work\mr\merg\cbus\mplabprj\cancmd3d\p18F2480.asm
              HLVDCONbits   0x000fd2       data     extern D:\Work\mr\merg\cbus\mplabprj\cancmd3d\p18F2480.asm
                  HLVDCON   0x000fd2       data     extern D:\Work\mr\merg\cbus\mplabprj\cancmd3d\p18F2480.asm
                   OSCCON   0x000fd3       data     extern D:\Work\mr\merg\cbus\mplabprj\cancmd3d\p18F2480.asm
               OSCCONbits   0x000fd3       data     extern D:\Work\mr\merg\cbus\mplabprj\cancmd3d\p18F2480.asm
                    T0CON   0x000fd5       data     extern D:\Work\mr\merg\cbus\mplabprj\cancmd3d\p18F2480.asm
                T0CONbits   0x000fd5       data     extern D:\Work\mr\merg\cbus\mplabprj\cancmd3d\p18F2480.asm
                    TMR0L   0x000fd6       data     extern D:\Work\mr\merg\cbus\mplabprj\cancmd3d\p18F2480.asm
                    TMR0H   0x000fd7       data     extern D:\Work\mr\merg\cbus\mplabprj\cancmd3d\p18F2480.asm
                   STATUS   0x000fd8       data     extern D:\Work\mr\merg\cbus\mplabprj\cancmd3d\p18F2480.asm
               STATUSbits   0x000fd8       data     extern D:\Work\mr\merg\cbus\mplabprj\cancmd3d\p18F2480.asm
                    FSR2L   0x000fd9       data     extern D:\Work\mr\merg\cbus\mplabprj\cancmd3d\p18F2480.asm
                     FSR2   0x000fd9       data     extern D:\Work\mr\merg\cbus\mplabprj\cancmd3d\p18F2480.asm
                    FSR2H   0x000fda       data     extern D:\Work\mr\merg\cbus\mplabprj\cancmd3d\p18F2480.asm
                   PLUSW2   0x000fdb       data     extern D:\Work\mr\merg\cbus\mplabprj\cancmd3d\p18F2480.asm
                  PREINC2   0x000fdc       data     extern D:\Work\mr\merg\cbus\mplabprj\cancmd3d\p18F2480.asm
                 POSTDEC2   0x000fdd       data     extern D:\Work\mr\merg\cbus\mplabprj\cancmd3d\p18F2480.asm
                 POSTINC2   0x000fde       data     extern D:\Work\mr\merg\cbus\mplabprj\cancmd3d\p18F2480.asm
                    INDF2   0x000fdf       data     extern D:\Work\mr\merg\cbus\mplabprj\cancmd3d\p18F2480.asm
                      BSR   0x000fe0       data     extern D:\Work\mr\merg\cbus\mplabprj\cancmd3d\p18F2480.asm
                     FSR1   0x000fe1       data     extern D:\Work\mr\merg\cbus\mplabprj\cancmd3d\p18F2480.asm
                    FSR1L   0x000fe1       data     extern D:\Work\mr\merg\cbus\mplabprj\cancmd3d\p18F2480.asm
                    FSR1H   0x000fe2       data     extern D:\Work\mr\merg\cbus\mplabprj\cancmd3d\p18F2480.asm
                   PLUSW1   0x000fe3       data     extern D:\Work\mr\merg\cbus\mplabprj\cancmd3d\p18F2480.asm
                  PREINC1   0x000fe4       data     extern D:\Work\mr\merg\cbus\mplabprj\cancmd3d\p18F2480.asm
                 POSTDEC1   0x000fe5       data     extern D:\Work\mr\merg\cbus\mplabprj\cancmd3d\p18F2480.asm
                 POSTINC1   0x000fe6       data     extern D:\Work\mr\merg\cbus\mplabprj\cancmd3d\p18F2480.asm
                    INDF1   0x000fe7       data     extern D:\Work\mr\merg\cbus\mplabprj\cancmd3d\p18F2480.asm
                     WREG   0x000fe8       data     extern D:\Work\mr\merg\cbus\mplabprj\cancmd3d\p18F2480.asm
                    FSR0L   0x000fe9       data     extern D:\Work\mr\merg\cbus\mplabprj\cancmd3d\p18F2480.asm
                     FSR0   0x000fe9       data     extern D:\Work\mr\merg\cbus\mplabprj\cancmd3d\p18F2480.asm
                    FSR0H   0x000fea       data     extern D:\Work\mr\merg\cbus\mplabprj\cancmd3d\p18F2480.asm
                   PLUSW0   0x000feb       data     extern D:\Work\mr\merg\cbus\mplabprj\cancmd3d\p18F2480.asm
                  PREINC0   0x000fec       data     extern D:\Work\mr\merg\cbus\mplabprj\cancmd3d\p18F2480.asm
                 POSTDEC0   0x000fed       data     extern D:\Work\mr\merg\cbus\mplabprj\cancmd3d\p18F2480.asm
                 POSTINC0   0x000fee       data     extern D:\Work\mr\merg\cbus\mplabprj\cancmd3d\p18F2480.asm
                    INDF0   0x000fef       data     extern D:\Work\mr\merg\cbus\mplabprj\cancmd3d\p18F2480.asm
              INTCON3bits   0x000ff0       data     extern D:\Work\mr\merg\cbus\mplabprj\cancmd3d\p18F2480.asm
                  INTCON3   0x000ff0       data     extern D:\Work\mr\merg\cbus\mplabprj\cancmd3d\p18F2480.asm
                  INTCON2   0x000ff1       data     extern D:\Work\mr\merg\cbus\mplabprj\cancmd3d\p18F2480.asm
              INTCON2bits   0x000ff1       data     extern D:\Work\mr\merg\cbus\mplabprj\cancmd3d\p18F2480.asm
                   INTCON   0x000ff2       data     extern D:\Work\mr\merg\cbus\mplabprj\cancmd3d\p18F2480.asm
               INTCONbits   0x000ff2       data     extern D:\Work\mr\merg\cbus\mplabprj\cancmd3d\p18F2480.asm
                     PROD   0x000ff3       data     extern D:\Work\mr\merg\cbus\mplabprj\cancmd3d\p18F2480.asm
                    PRODL   0x000ff3       data     extern D:\Work\mr\merg\cbus\mplabprj\cancmd3d\p18F2480.asm
                    PRODH   0x000ff4       data     extern D:\Work\mr\merg\cbus\mplabprj\cancmd3d\p18F2480.asm
                   TABLAT   0x000ff5       data     extern D:\Work\mr\merg\cbus\mplabprj\cancmd3d\p18F2480.asm
                   TBLPTR   0x000ff6       data     extern D:\Work\mr\merg\cbus\mplabprj\cancmd3d\p18F2480.asm
                  TBLPTRL   0x000ff6       data     extern D:\Work\mr\merg\cbus\mplabprj\cancmd3d\p18F2480.asm
                  TBLPTRH   0x000ff7       data     extern D:\Work\mr\merg\cbus\mplabprj\cancmd3d\p18F2480.asm
                  TBLPTRU   0x000ff8       data     extern D:\Work\mr\merg\cbus\mplabprj\cancmd3d\p18F2480.asm
                       PC   0x000ff9       data     extern D:\Work\mr\merg\cbus\mplabprj\cancmd3d\p18F2480.asm
                      PCL   0x000ff9       data     extern D:\Work\mr\merg\cbus\mplabprj\cancmd3d\p18F2480.asm
                   PCLATH   0x000ffa       data     extern D:\Work\mr\merg\cbus\mplabprj\cancmd3d\p18F2480.asm
                   PCLATU   0x000ffb       data     extern D:\Work\mr\merg\cbus\mplabprj\cancmd3d\p18F2480.asm
               STKPTRbits   0x000ffc       data     extern D:\Work\mr\merg\cbus\mplabprj\cancmd3d\p18F2480.asm
                   STKPTR   0x000ffc       data     extern D:\Work\mr\merg\cbus\mplabprj\cancmd3d\p18F2480.asm
                      TOS   0x000ffd       data     extern D:\Work\mr\merg\cbus\mplabprj\cancmd3d\p18F2480.asm
                     TOSL   0x000ffd       data     extern D:\Work\mr\merg\cbus\mplabprj\cancmd3d\p18F2480.asm
                     TOSH   0x000ffe       data     extern D:\Work\mr\merg\cbus\mplabprj\cancmd3d\p18F2480.asm
                     TOSU   0x000fff       data     extern D:\Work\mr\merg\cbus\mplabprj\cancmd3d\p18F2480.asm


