MPLINK 4.40, Linker
Linker Map File - Created Mon Oct  1 11:09:05 2012

                                 Section Info
                  Section       Type    Address   Location Size(Bytes)
                ---------  ---------  ---------  ---------  ---------
                   .org_0       code   0x000000    program   0x000004
                   .org_1       code   0x000008    program   0x000004
                   .org_2       code   0x000018    program   0x000004
                   .org_3       code   0x000020    program   0x0001da
               _entry_scn       code   0x000200    program   0x000008
              high_vector       code   0x000208    program   0x000006
               low_vector       code   0x000218    program   0x000006
                      APP       code   0x00022a    program   0x000c42
                   .cinit    romdata   0x000e6c    program   0x000092
              .code_TCP.o       code   0x000efe    program   0x003f06
         .code_ENC28J60.o       code   0x004e04    program   0x000ff4
          .code_Helpers.o       code   0x005df8    program   0x000cd0
              .code_UDP.o       code   0x006ac8    program   0x000c86
           .code_gcaeth.o       code   0x00774e    program   0x000864
             .code_DHCP.o       code   0x007fb2    program   0x000816
              .code_ARP.o       code   0x0087c8    program   0x0004e0
           .code_canbus.o       code   0x008ca8    program   0x0003e2
             .code_ICMP.o       code   0x00908a    program   0x000352
               .code_IP.o       code   0x0093dc    program   0x000310
         .code_StackTsk.o       code   0x0096ec    program   0x000274
                   STRING       code   0x009960    program   0x0001bc
              .code_isr.o       code   0x009b1c    program   0x000148
              .code_eth.o       code   0x009c64    program   0x000134
               .code_io.o       code   0x009d98    program   0x000116
             .code_Tick.o       code   0x009eae    program   0x000114
               _cinit_scn       code   0x009fc2    program   0x00009e
         .code_fxd3232u.o       code   0x00a060    program   0x000048
                     PROG       code   0x00a0a8    program   0x00003c
         .code_fxd1616u.o       code   0x00a0e4    program   0x00002c
               parameters    romdata   0x00a110    program   0x000020
              D1KTCYXCODE       code   0x00a130    program   0x000020
                    .code       code   0x00a150    program   0x000020
           .romdata_TCP.o    romdata   0x00a170    program   0x000018
           .code___init.o       code   0x00a188    program   0x000002
      .romdata_fxd3232u.o    romdata   0x00a18a    program   0x000000
      .romdata_StackTsk.o    romdata   0x00a18a    program   0x000000
           .romdata_eth.o    romdata   0x00a18a    program   0x000000
       .romdata_Helpers.o    romdata   0x00a18a    program   0x000000
            .romdata_IP.o    romdata   0x00a18a    program   0x000000
        .romdata___init.o    romdata   0x00a18a    program   0x000000
        .romdata_canbus.o    romdata   0x00a18a    program   0x000000
        .romdata_gcaeth.o    romdata   0x00a18a    program   0x000000
       .romdata_cangc1e.o    romdata   0x00a18a    program   0x000000
           .romdata_UDP.o    romdata   0x00a18a    program   0x000000
           .romdata_isr.o    romdata   0x00a18a    program   0x000000
           .idata_isr.o_i    romdata   0x00a18a    program   0x000000
         .idata_utils.o_i    romdata   0x00a18a    program   0x000000
         .romdata_utils.o    romdata   0x00a18a    program   0x000000
            .romdata_io.o    romdata   0x00a18a    program   0x000000
            .idata_io.o_i    romdata   0x00a18a    program   0x000001
           .romdata_ARP.o    romdata   0x00a18a    program   0x000000
      .romdata_commands.o    romdata   0x00a18a    program   0x000000
      .romdata_ENC28J60.o    romdata   0x00a18a    program   0x000000
         .romdata_c018i.o    romdata   0x00a18a    program   0x000000
          .romdata_ICMP.o    romdata   0x00a18a    program   0x000000
      .romdata_fxd1616u.o    romdata   0x00a18a    program   0x000000
          .romdata_DHCP.o    romdata   0x00a18a    program   0x000000
          .romdata_Tick.o    romdata   0x00a18a    program   0x000000
        .idata_gcaeth.o_i    romdata   0x00a18b    program   0x000028
           .idata_eth.o_i    romdata   0x00a1b3    program   0x000000
      .idata_fxd1616u.o_i    romdata   0x00a1b3    program   0x000000
      .idata_fxd3232u.o_i    romdata   0x00a1b3    program   0x000000
       .idata_cangc1e.o_i    romdata   0x00a1b3    program   0x000000
        .idata_canbus.o_i    romdata   0x00a1b3    program   0x000004
      .idata_commands.o_i    romdata   0x00a1b3    program   0x000000
        .idata___init.o_i    romdata   0x00a1b7    program   0x000000
         .idata_c018i.o_i    romdata   0x00a1b7    program   0x000000
           .idata_UDP.o_i    romdata   0x00a1b7    program   0x000002
          .idata_Tick.o_i    romdata   0x00a1b9    program   0x000004
           .idata_TCP.o_i    romdata   0x00a1bd    program   0x000002
      .idata_StackTsk.o_i    romdata   0x00a1bf    program   0x000002
            .idata_IP.o_i    romdata   0x00a1c1    program   0x000002
          .idata_ICMP.o_i    romdata   0x00a1c3    program   0x000001
       .idata_Helpers.o_i    romdata   0x00a1c4    program   0x000004
          .idata_DHCP.o_i    romdata   0x00a1c8    program   0x000001
      .idata_ENC28J60.o_i    romdata   0x00a1c8    program   0x000000
           .idata_ARP.o_i    romdata   0x00a1c9    program   0x000001
         .code_commands.o       code   0x00a1ca    program   0x000000
            .code_utils.o       code   0x00a1ca    program   0x000000
          .code_cangc1e.o       code   0x00a1ca    program   0x000000
            .code_c018i.o       code   0x00a1ca    program   0x000000
 .config_300001_cangc1e.o    romdata   0x300001    program   0x000001
 .config_300002_cangc1e.o    romdata   0x300002    program   0x000001
 .config_300003_cangc1e.o    romdata   0x300003    program   0x000001
 .config_300005_cangc1e.o    romdata   0x300005    program   0x000001
 .config_300006_cangc1e.o    romdata   0x300006    program   0x000001
 .config_300008_cangc1e.o    romdata   0x300008    program   0x000001
 .config_300009_cangc1e.o    romdata   0x300009    program   0x000001
 .config_30000a_cangc1e.o    romdata   0x30000a    program   0x000001
 .config_30000b_cangc1e.o    romdata   0x30000b    program   0x000001
 .config_30000c_cangc1e.o    romdata   0x30000c    program   0x000001
 .config_30000d_cangc1e.o    romdata   0x30000d    program   0x000001
                 BOOTFLAG    romdata   0xf003ff    program   0x000001
                MATH_DATA      udata   0x000000       data   0x000014
                 .tmpdata      udata   0x000014       data   0x00000e
             isr_high_tmp      udata   0x000022       data   0x000002
                DELAYDAT1      udata   0x000024       data   0x000001
                 TCB_uRAM      udata   0x000060       data   0x000070
          .idata_gcaeth.o      idata   0x0000d0       data   0x000028
          .udata_gcaeth.o      udata   0x0000f8       data   0x000008
              VARS_FIFO_1      udata   0x000100       data   0x0000fc
         .udata_Helpers.o      udata   0x0001fc       data   0x000004
              VARS_FIFO_0      udata   0x000200       data   0x0000fc
          .idata_canbus.o      idata   0x0002fc       data   0x000004
             .udata_UDP.o      udata   0x000300       data   0x0000c4
       SYN_QUEUE_RAM_SECT      udata   0x0003c4       data   0x00003c
             .udata_TCP.o      udata   0x000400       data   0x000035
             .udata_eth.o      udata   0x000435       data   0x000033
            .udata_DHCP.o      udata   0x000468       data   0x00001c
             .udata_ARP.o      udata   0x000484       data   0x000014
            .udata_ICMP.o      udata   0x000498       data   0x000011
         .udata_cangc1e.o      udata   0x0004a9       data   0x00000f
        .udata_StackTsk.o      udata   0x0004b8       data   0x00000b
           .udata_c018i.o      udata   0x0004c3       data   0x00000a
             .udata_isr.o      udata   0x0004cd       data   0x000007
            .udata_Tick.o      udata   0x0004d4       data   0x000006
        .udata_ENC28J60.o      udata   0x0004da       data   0x000006
            .idata_Tick.o      idata   0x0004e0       data   0x000004
         .idata_Helpers.o      idata   0x0004e4       data   0x000004
             .idata_UDP.o      idata   0x0004e8       data   0x000002
             .idata_TCP.o      idata   0x0004ea       data   0x000002
        .idata_StackTsk.o      idata   0x0004ec       data   0x000002
              .idata_IP.o      idata   0x0004ee       data   0x000002
              .udata_IP.o      udata   0x0004f0       data   0x000001
              .idata_io.o      idata   0x0004f1       data   0x000001
            .idata_ICMP.o      idata   0x0004f2       data   0x000001
            .idata_DHCP.o      idata   0x0004f3       data   0x000001
             .idata_ARP.o      idata   0x0004f4       data   0x000001
             .idata_isr.o      idata   0x0004f5       data   0x000000
        .udata_fxd1616u.o      udata   0x0004f5       data   0x000000
        .idata_fxd1616u.o      idata   0x0004f5       data   0x000000
        .udata_fxd3232u.o      udata   0x0004f5       data   0x000000
        .idata_fxd3232u.o      idata   0x0004f5       data   0x000000
          .udata___init.o      udata   0x0004f5       data   0x000000
          .idata___init.o      idata   0x0004f5       data   0x000000
           .idata_c018i.o      idata   0x0004f5       data   0x000000
           .udata_utils.o      udata   0x0004f5       data   0x000000
             .idata_eth.o      idata   0x0004f5       data   0x000000
           .idata_utils.o      idata   0x0004f5       data   0x000000
        .idata_ENC28J60.o      idata   0x0004f5       data   0x000000
         .idata_cangc1e.o      idata   0x0004f5       data   0x000000
        .udata_commands.o      udata   0x0004f5       data   0x000000
        .idata_commands.o      idata   0x0004f5       data   0x000000
          .udata_canbus.o      udata   0x0004f5       data   0x000000
              .udata_io.o      udata   0x0004f5       data   0x000000
                   .stack      udata   0x000c00       data   0x000100
              SFR_BANKED0      udata   0x000d60       data   0x00000c
              SFR_BANKED1      udata   0x000d70       data   0x00000c
              SFR_BANKED2      udata   0x000d80       data   0x00000c
              SFR_BANKED3      udata   0x000d90       data   0x000004
              SFR_BANKED4      udata   0x000dd4       data   0x000002
              SFR_BANKED5      udata   0x000dd8       data   0x000001
              SFR_BANKED6      udata   0x000de0       data   0x000008
              SFR_BANKED7      udata   0x000df0       data   0x000004
              SFR_BANKED8      udata   0x000df8       data   0x000001
              SFR_BANKED9      udata   0x000dfa       data   0x000001
             SFR_BANKED10      udata   0x000dfc       data   0x000001
             SFR_BANKED11      udata   0x000e20       data   0x000060
             SFR_BANKED12      udata   0x000f00       data   0x000060
            SFR_UNBANKED0      udata   0x000f60       data   0x000018
            SFR_UNBANKED1      udata   0x000f80       data   0x000080



                              Program Memory Usage 
                               Start         End      
                           ---------   ---------      
                            0x000000    0x000003      
                            0x000008    0x00000b      
                            0x000018    0x00001b      
                            0x000020    0x0001f9      
                            0x000200    0x00020d      
                            0x000218    0x00021d      
                            0x00022a    0x00a1c9      
                            0x300001    0x300003      
                            0x300005    0x300006      
                            0x300008    0x30000d      
                            0xf003ff    0xf003ff      
            41382 out of 50200 program addresses used, program memory utilization is 82%



                              Symbols - Sorted by Name
                     Name    Address   Location    Storage File                     
                ---------  ---------  ---------  --------- ---------                
                  ARPInit   0x0088f0    program     extern /home/achim/proj/rocrail/rocrail-hardware/cbus/cangc1e/TCPIP Stack/ARP.c
            ARPIsResolved   0x008b1c    program     extern /home/achim/proj/rocrail/rocrail-hardware/cbus/cangc1e/TCPIP Stack/ARP.c
               ARPProcess   0x008908    program     extern /home/achim/proj/rocrail/rocrail-hardware/cbus/cangc1e/TCPIP Stack/ARP.c
                   ARPPut   0x008838    program     static /home/achim/proj/rocrail/rocrail-hardware/cbus/cangc1e/TCPIP Stack/ARP.c
               ARPResolve   0x008a92    program     extern /home/achim/proj/rocrail/rocrail-hardware/cbus/cangc1e/TCPIP Stack/ARP.c
               ARPSendPkt   0x0087c8    program     extern /home/achim/proj/rocrail/rocrail-hardware/cbus/cangc1e/TCPIP Stack/ARP.c
                ASCII2Msg   0x007882    program     static /home/achim/proj/rocrail/rocrail-hardware/cbus/cangc1e/gcaeth.c
                   BFCReg   0x005a00    program     static /home/achim/proj/rocrail/rocrail-hardware/cbus/cangc1e/TCPIP Stack/ENC28J60.c
                   BFSReg   0x005a12    program     static /home/achim/proj/rocrail/rocrail-hardware/cbus/cangc1e/TCPIP Stack/ENC28J60.c
                  BankSel   0x005a4c    program     static /home/achim/proj/rocrail/rocrail-hardware/cbus/cangc1e/TCPIP Stack/ENC28J60.c
         CBusEthBroadcast   0x007c76    program     extern /home/achim/proj/rocrail/rocrail-hardware/cbus/cangc1e/gcaeth.c
              CBusEthInit   0x007a3a    program     extern /home/achim/proj/rocrail/rocrail-hardware/cbus/cangc1e/gcaeth.c
           CBusEthProcess   0x007b12    program     static /home/achim/proj/rocrail/rocrail-hardware/cbus/cangc1e/gcaeth.c
            CBusEthServer   0x007a7c    program     extern /home/achim/proj/rocrail/rocrail-hardware/cbus/cangc1e/gcaeth.c
              CBusEthTick   0x007d1a    program     extern /home/achim/proj/rocrail/rocrail-hardware/cbus/cangc1e/gcaeth.c
     CalcIPBufferChecksum   0x0054ae    program     extern /home/achim/proj/rocrail/rocrail-hardware/cbus/cangc1e/TCPIP Stack/ENC28J60.c
           CalcIPChecksum   0x006544    program     extern /home/achim/proj/rocrail/rocrail-hardware/cbus/cangc1e/TCPIP Stack/Helpers.c
              CloseSocket   0x002a32    program     static /home/achim/proj/rocrail/rocrail-hardware/cbus/cangc1e/TCPIP Stack/TCP.c
                    D1K_1   0x00a13c    program     static C:\MCC18\v3_39\src\traditional\delays\d1ktcyx.asm
                     D1Kx   0x00a13a    program     static C:\MCC18\v3_39\src\traditional\delays\d1ktcyx.asm
              DHCPDisable   0x007fe8    program     extern /home/achim/proj/rocrail/rocrail-hardware/cbus/cangc1e/TCPIP Stack/DHCP.c
               DHCPEnable   0x007ff8    program     extern /home/achim/proj/rocrail/rocrail-hardware/cbus/cangc1e/TCPIP Stack/DHCP.c
                 DHCPInit   0x007fb2    program     extern /home/achim/proj/rocrail/rocrail-hardware/cbus/cangc1e/TCPIP Stack/DHCP.c
              DHCPIsBound   0x00801c    program     extern /home/achim/proj/rocrail/rocrail-hardware/cbus/cangc1e/TCPIP Stack/DHCP.c
            DHCPIsEnabled   0x00800a    program     extern /home/achim/proj/rocrail/rocrail-hardware/cbus/cangc1e/TCPIP Stack/DHCP.c
     DHCPIsServerDetected   0x00803c    program     extern /home/achim/proj/rocrail/rocrail-hardware/cbus/cangc1e/TCPIP Stack/DHCP.c
         DHCPStateChanged   0x008028    program     extern /home/achim/proj/rocrail/rocrail-hardware/cbus/cangc1e/TCPIP Stack/DHCP.c
                 DHCPTask   0x00804c    program     extern /home/achim/proj/rocrail/rocrail-hardware/cbus/cangc1e/TCPIP Stack/DHCP.c
              Delay1KTCYx   0x00a130    program     extern C:\MCC18\v3_39\src\traditional\delays\d1ktcyx.asm
                 FXD1616U   0x00a0e4    program     extern C:\MCC18\v3_39\src\traditional\math\fxd1616u.c
                 FXD3232U   0x00a060    program     extern C:\MCC18\v3_39\src\traditional\math\fxd3232u.c
                 FXM1616U   0x00a0a8    program     extern C:\MCC18\v3_39\src\traditional\math\fxm1616u.asm
       FindMatchingSocket   0x00276c    program     static /home/achim/proj/rocrail/rocrail-hardware/cbus/cangc1e/TCPIP Stack/TCP.c
       FindMatchingSocket   0x00733a    program     static /home/achim/proj/rocrail/rocrail-hardware/cbus/cangc1e/TCPIP Stack/UDP.c
        FormatNetBIOSName   0x0066ce    program     extern /home/achim/proj/rocrail/rocrail-hardware/cbus/cangc1e/TCPIP Stack/Helpers.c
      GenerateRandomDWORD   0x005f10    program     extern /home/achim/proj/rocrail/rocrail-hardware/cbus/cangc1e/TCPIP Stack/Helpers.c
                GetCLKOUT   0x005a92    program     extern /home/achim/proj/rocrail/rocrail-hardware/cbus/cangc1e/TCPIP Stack/ENC28J60.c
      GetMaxSegSizeOption   0x002ad0    program     static /home/achim/proj/rocrail/rocrail-hardware/cbus/cangc1e/TCPIP Stack/TCP.c
              GetTickCopy   0x009ebe    program     static /home/achim/proj/rocrail/rocrail-hardware/cbus/cangc1e/TCPIP Stack/Tick.c
            HIGH_INT_VECT   0x000208    program     extern /home/achim/proj/rocrail/rocrail-hardware/cbus/cangc1e/cangc1e.c
             HandleTCPSeg   0x002bb4    program     static /home/achim/proj/rocrail/rocrail-hardware/cbus/cangc1e/TCPIP Stack/TCP.c
           ICMPBeginUsage   0x009326    program     extern /home/achim/proj/rocrail/rocrail-hardware/cbus/cangc1e/TCPIP Stack/ICMP.c
             ICMPEndUsage   0x009330    program     extern /home/achim/proj/rocrail/rocrail-hardware/cbus/cangc1e/TCPIP Stack/ICMP.c
             ICMPGetReply   0x0091ec    program     extern /home/achim/proj/rocrail/rocrail-hardware/cbus/cangc1e/TCPIP Stack/ICMP.c
              ICMPProcess   0x00908a    program     extern /home/achim/proj/rocrail/rocrail-hardware/cbus/cangc1e/TCPIP Stack/ICMP.c
             ICMPSendPing   0x0091c4    program     extern /home/achim/proj/rocrail/rocrail-hardware/cbus/cangc1e/TCPIP Stack/ICMP.c
              IPGetHeader   0x0093dc    program     extern /home/achim/proj/rocrail/rocrail-hardware/cbus/cangc1e/TCPIP Stack/IP.c
              IPPutHeader   0x009510    program     extern /home/achim/proj/rocrail/rocrail-hardware/cbus/cangc1e/TCPIP Stack/IP.c
            IPSetRxBuffer   0x00960a    program     extern /home/achim/proj/rocrail/rocrail-hardware/cbus/cangc1e/TCPIP Stack/IP.c
            InitAppConfig   0x009c72    program     extern /home/achim/proj/rocrail/rocrail-hardware/cbus/cangc1e/eth.c
                 LFSRRand   0x005e92    program     extern /home/achim/proj/rocrail/rocrail-hardware/cbus/cangc1e/TCPIP Stack/Helpers.c
             LFSRSeedRand   0x005df8    program     extern /home/achim/proj/rocrail/rocrail-hardware/cbus/cangc1e/TCPIP Stack/Helpers.c
             LOW_INT_VECT   0x000218    program     extern /home/achim/proj/rocrail/rocrail-hardware/cbus/cangc1e/cangc1e.c
        MACCalcRxChecksum   0x00546c    program     extern /home/achim/proj/rocrail/rocrail-hardware/cbus/cangc1e/TCPIP Stack/ENC28J60.c
             MACDiscardRx   0x004f9e    program     extern /home/achim/proj/rocrail/rocrail-hardware/cbus/cangc1e/TCPIP Stack/ENC28J60.c
                 MACFlush   0x005330    program     extern /home/achim/proj/rocrail/rocrail-hardware/cbus/cangc1e/TCPIP Stack/ENC28J60.c
                   MACGet   0x0057d4    program     extern /home/achim/proj/rocrail/rocrail-hardware/cbus/cangc1e/TCPIP Stack/ENC28J60.c
              MACGetArray   0x0057ee    program     extern /home/achim/proj/rocrail/rocrail-hardware/cbus/cangc1e/TCPIP Stack/ENC28J60.c
         MACGetFreeRxSize   0x004ffe    program     extern /home/achim/proj/rocrail/rocrail-hardware/cbus/cangc1e/TCPIP Stack/ENC28J60.c
             MACGetHeader   0x0050f4    program     extern /home/achim/proj/rocrail/rocrail-hardware/cbus/cangc1e/TCPIP Stack/ENC28J60.c
                  MACInit   0x004e04    program     extern /home/achim/proj/rocrail/rocrail-hardware/cbus/cangc1e/TCPIP Stack/ENC28J60.c
              MACIsLinked   0x004f7c    program     extern /home/achim/proj/rocrail/rocrail-hardware/cbus/cangc1e/TCPIP Stack/ENC28J60.c
         MACIsMemCopyDone   0x0057c8    program     extern /home/achim/proj/rocrail/rocrail-hardware/cbus/cangc1e/TCPIP Stack/ENC28J60.c
             MACIsTxReady   0x004f90    program     extern /home/achim/proj/rocrail/rocrail-hardware/cbus/cangc1e/TCPIP Stack/ENC28J60.c
          MACMemCopyAsync   0x005624    program     extern /home/achim/proj/rocrail/rocrail-hardware/cbus/cangc1e/TCPIP Stack/ENC28J60.c
             MACPowerDown   0x005a58    program     extern /home/achim/proj/rocrail/rocrail-hardware/cbus/cangc1e/TCPIP Stack/ENC28J60.c
               MACPowerUp   0x005a72    program     extern /home/achim/proj/rocrail/rocrail-hardware/cbus/cangc1e/TCPIP Stack/ENC28J60.c
                   MACPut   0x005878    program     extern /home/achim/proj/rocrail/rocrail-hardware/cbus/cangc1e/TCPIP Stack/ENC28J60.c
              MACPutArray   0x00588c    program     extern /home/achim/proj/rocrail/rocrail-hardware/cbus/cangc1e/TCPIP Stack/ENC28J60.c
             MACPutHeader   0x0052c0    program     extern /home/achim/proj/rocrail/rocrail-hardware/cbus/cangc1e/TCPIP Stack/ENC28J60.c
           MACPutROMArray   0x0058bc    program     extern /home/achim/proj/rocrail/rocrail-hardware/cbus/cangc1e/TCPIP Stack/ENC28J60.c
            MACSetReadPtr   0x00544c    program     extern /home/achim/proj/rocrail/rocrail-hardware/cbus/cangc1e/TCPIP Stack/ENC28J60.c
        MACSetReadPtrInRx   0x00540c    program     extern /home/achim/proj/rocrail/rocrail-hardware/cbus/cangc1e/TCPIP Stack/ENC28J60.c
           MACSetWritePtr   0x00542c    program     extern /home/achim/proj/rocrail/rocrail-hardware/cbus/cangc1e/TCPIP Stack/ENC28J60.c
               RESET_VECT   0x000200    program     extern /home/achim/proj/rocrail/rocrail-hardware/cbus/cangc1e/c018i.c
     ROMStringToIPAddress   0x0061e8    program     extern /home/achim/proj/rocrail/rocrail-hardware/cbus/cangc1e/TCPIP Stack/Helpers.c
               ReadETHReg   0x00597c    program     static /home/achim/proj/rocrail/rocrail-hardware/cbus/cangc1e/TCPIP Stack/ENC28J60.c
               ReadMACReg   0x00598e    program     static /home/achim/proj/rocrail/rocrail-hardware/cbus/cangc1e/TCPIP Stack/ENC28J60.c
               ReadPHYReg   0x0059a8    program     extern /home/achim/proj/rocrail/rocrail-hardware/cbus/cangc1e/TCPIP Stack/ENC28J60.c
          SendSystemReset   0x0058f8    program     static /home/achim/proj/rocrail/rocrail-hardware/cbus/cangc1e/TCPIP Stack/ENC28J60.c
                  SendTCP   0x00226e    program     static /home/achim/proj/rocrail/rocrail-hardware/cbus/cangc1e/TCPIP Stack/TCP.c
                SetCLKOUT   0x005a80    program     extern /home/achim/proj/rocrail/rocrail-hardware/cbus/cangc1e/TCPIP Stack/ENC28J60.c
        StackApplications   0x009922    program     extern /home/achim/proj/rocrail/rocrail-hardware/cbus/cangc1e/TCPIP Stack/StackTsk.c
                StackInit   0x0096ec    program     extern /home/achim/proj/rocrail/rocrail-hardware/cbus/cangc1e/TCPIP Stack/StackTsk.c
                StackTask   0x009752    program     extern /home/achim/proj/rocrail/rocrail-hardware/cbus/cangc1e/TCPIP Stack/StackTsk.c
        StringToIPAddress   0x006138    program     extern /home/achim/proj/rocrail/rocrail-hardware/cbus/cangc1e/TCPIP Stack/Helpers.c
            SwapARPPacket   0x008bbe    program     extern /home/achim/proj/rocrail/rocrail-hardware/cbus/cangc1e/TCPIP Stack/ARP.c
             SwapIPHeader   0x009638    program     static /home/achim/proj/rocrail/rocrail-hardware/cbus/cangc1e/TCPIP Stack/IP.c
            SwapTCPHeader   0x0029be    program     static /home/achim/proj/rocrail/rocrail-hardware/cbus/cangc1e/TCPIP Stack/TCP.c
                  SyncTCB   0x000efe    program     static /home/achim/proj/rocrail/rocrail-hardware/cbus/cangc1e/TCPIP Stack/TCP.c
        TCPAdjustFIFOSize   0x003710    program     extern /home/achim/proj/rocrail/rocrail-hardware/cbus/cangc1e/TCPIP Stack/TCP.c
                 TCPClose   0x0012f8    program     extern /home/achim/proj/rocrail/rocrail-hardware/cbus/cangc1e/TCPIP Stack/TCP.c
               TCPDiscard   0x00166e    program     extern /home/achim/proj/rocrail/rocrail-hardware/cbus/cangc1e/TCPIP Stack/TCP.c
            TCPDisconnect   0x00126c    program     extern /home/achim/proj/rocrail/rocrail-hardware/cbus/cangc1e/TCPIP Stack/TCP.c
           TCPFindArrayEx   0x0019ce    program     extern /home/achim/proj/rocrail/rocrail-hardware/cbus/cangc1e/TCPIP Stack/TCP.c
                TCPFindEx   0x001cee    program     extern /home/achim/proj/rocrail/rocrail-hardware/cbus/cangc1e/TCPIP Stack/TCP.c
        TCPFindROMArrayEx   0x001b5e    program     extern /home/achim/proj/rocrail/rocrail-hardware/cbus/cangc1e/TCPIP Stack/TCP.c
                 TCPFlush   0x001352    program     extern /home/achim/proj/rocrail/rocrail-hardware/cbus/cangc1e/TCPIP Stack/TCP.c
                   TCPGet   0x0016e4    program     extern /home/achim/proj/rocrail/rocrail-hardware/cbus/cangc1e/TCPIP Stack/TCP.c
              TCPGetArray   0x001758    program     extern /home/achim/proj/rocrail/rocrail-hardware/cbus/cangc1e/TCPIP Stack/TCP.c
         TCPGetRemoteInfo   0x001316    program     extern /home/achim/proj/rocrail/rocrail-hardware/cbus/cangc1e/TCPIP Stack/TCP.c
         TCPGetRxFIFOFree   0x001866    program     extern /home/achim/proj/rocrail/rocrail-hardware/cbus/cangc1e/TCPIP Stack/TCP.c
         TCPGetTxFIFOFull   0x001634    program     extern /home/achim/proj/rocrail/rocrail-hardware/cbus/cangc1e/TCPIP Stack/TCP.c
                  TCPInit   0x000f60    program     extern /home/achim/proj/rocrail/rocrail-hardware/cbus/cangc1e/TCPIP Stack/TCP.c
           TCPIsConnected   0x001250    program     extern /home/achim/proj/rocrail/rocrail-hardware/cbus/cangc1e/TCPIP Stack/TCP.c
            TCPIsGetReady   0x00168c    program     extern /home/achim/proj/rocrail/rocrail-hardware/cbus/cangc1e/TCPIP Stack/TCP.c
            TCPIsPutReady   0x001372    program     extern /home/achim/proj/rocrail/rocrail-hardware/cbus/cangc1e/TCPIP Stack/TCP.c
                  TCPOpen   0x0010ec    program     extern /home/achim/proj/rocrail/rocrail-hardware/cbus/cangc1e/TCPIP Stack/TCP.c
                  TCPPeek   0x0019a8    program     extern /home/achim/proj/rocrail/rocrail-hardware/cbus/cangc1e/TCPIP Stack/TCP.c
             TCPPeekArray   0x00189c    program     extern /home/achim/proj/rocrail/rocrail-hardware/cbus/cangc1e/TCPIP Stack/TCP.c
               TCPProcess   0x002122    program     extern /home/achim/proj/rocrail/rocrail-hardware/cbus/cangc1e/TCPIP Stack/TCP.c
                   TCPPut   0x0013f4    program     extern /home/achim/proj/rocrail/rocrail-hardware/cbus/cangc1e/TCPIP Stack/TCP.c
              TCPPutArray   0x0014a4    program     extern /home/achim/proj/rocrail/rocrail-hardware/cbus/cangc1e/TCPIP Stack/TCP.c
           TCPPutROMArray   0x001526    program     extern /home/achim/proj/rocrail/rocrail-hardware/cbus/cangc1e/TCPIP Stack/TCP.c
          TCPPutROMString   0x0015e2    program     extern /home/achim/proj/rocrail/rocrail-hardware/cbus/cangc1e/TCPIP Stack/TCP.c
             TCPPutString   0x0015a8    program     extern /home/achim/proj/rocrail/rocrail-hardware/cbus/cangc1e/TCPIP Stack/TCP.c
               TCPRAMCopy   0x0038c4    program     static /home/achim/proj/rocrail/rocrail-hardware/cbus/cangc1e/TCPIP Stack/TCP.c
            TCPRAMCopyROM   0x003950    program     static /home/achim/proj/rocrail/rocrail-hardware/cbus/cangc1e/TCPIP Stack/TCP.c
     TCPSocketInitializer   0x00a170    program     extern /home/achim/proj/rocrail/rocrail-hardware/cbus/cangc1e/TCPIPConfig.h
                  TCPTick   0x001d1c    program     extern /home/achim/proj/rocrail/rocrail-hardware/cbus/cangc1e/TCPIP Stack/TCP.c
              TCPWasReset   0x00122c    program     extern /home/achim/proj/rocrail/rocrail-hardware/cbus/cangc1e/TCPIP Stack/TCP.c
TickConvertToMilliseconds   0x009f40    program     extern /home/achim/proj/rocrail/rocrail-hardware/cbus/cangc1e/TCPIP Stack/Tick.c
                  TickGet   0x009ee4    program     extern /home/achim/proj/rocrail/rocrail-hardware/cbus/cangc1e/TCPIP Stack/Tick.c
            TickGetDiv256   0x009ef8    program     extern /home/achim/proj/rocrail/rocrail-hardware/cbus/cangc1e/TCPIP Stack/Tick.c
            TickGetDiv64K   0x009f1c    program     extern /home/achim/proj/rocrail/rocrail-hardware/cbus/cangc1e/TCPIP Stack/Tick.c
                 TickInit   0x009eae    program     extern /home/achim/proj/rocrail/rocrail-hardware/cbus/cangc1e/TCPIP Stack/Tick.c
               TickUpdate   0x009f7c    program     extern /home/achim/proj/rocrail/rocrail-hardware/cbus/cangc1e/TCPIP Stack/Tick.c
                 UDPClose   0x006d70    program     extern /home/achim/proj/rocrail/rocrail-hardware/cbus/cangc1e/TCPIP Stack/UDP.c
               UDPDiscard   0x0071ac    program     extern /home/achim/proj/rocrail/rocrail-hardware/cbus/cangc1e/TCPIP Stack/UDP.c
                 UDPFlush   0x006f5a    program     extern /home/achim/proj/rocrail/rocrail-hardware/cbus/cangc1e/TCPIP Stack/UDP.c
                   UDPGet   0x00711c    program     extern /home/achim/proj/rocrail/rocrail-hardware/cbus/cangc1e/TCPIP Stack/UDP.c
              UDPGetArray   0x007150    program     extern /home/achim/proj/rocrail/rocrail-hardware/cbus/cangc1e/TCPIP Stack/UDP.c
                  UDPInit   0x006ac8    program     extern /home/achim/proj/rocrail/rocrail-hardware/cbus/cangc1e/TCPIP Stack/UDP.c
            UDPIsGetReady   0x0070e8    program     extern /home/achim/proj/rocrail/rocrail-hardware/cbus/cangc1e/TCPIP Stack/UDP.c
              UDPIsOpened   0x006d56    program     extern /home/achim/proj/rocrail/rocrail-hardware/cbus/cangc1e/TCPIP Stack/UDP.c
            UDPIsPutReady   0x006e18    program     extern /home/achim/proj/rocrail/rocrail-hardware/cbus/cangc1e/TCPIP Stack/UDP.c
                UDPOpenEx   0x006ae8    program     extern /home/achim/proj/rocrail/rocrail-hardware/cbus/cangc1e/TCPIP Stack/UDP.c
               UDPProcess   0x0071c6    program     extern /home/achim/proj/rocrail/rocrail-hardware/cbus/cangc1e/TCPIP Stack/UDP.c
                   UDPPut   0x006e74    program     extern /home/achim/proj/rocrail/rocrail-hardware/cbus/cangc1e/TCPIP Stack/UDP.c
              UDPPutArray   0x006ebc    program     extern /home/achim/proj/rocrail/rocrail-hardware/cbus/cangc1e/TCPIP Stack/UDP.c
           UDPPutROMArray   0x006edc    program     extern /home/achim/proj/rocrail/rocrail-hardware/cbus/cangc1e/TCPIP Stack/UDP.c
          UDPPutROMString   0x006f1e    program     extern /home/achim/proj/rocrail/rocrail-hardware/cbus/cangc1e/TCPIP Stack/UDP.c
             UDPPutString   0x006efc    program     extern /home/achim/proj/rocrail/rocrail-hardware/cbus/cangc1e/TCPIP Stack/UDP.c
           UDPSetRxBuffer   0x006df8    program     extern /home/achim/proj/rocrail/rocrail-hardware/cbus/cangc1e/TCPIP Stack/UDP.c
           UDPSetTxBuffer   0x006dae    program     extern /home/achim/proj/rocrail/rocrail-hardware/cbus/cangc1e/TCPIP Stack/UDP.c
                  UDPTask   0x006c56    program     extern /home/achim/proj/rocrail/rocrail-hardware/cbus/cangc1e/TCPIP Stack/UDP.c
              WritePHYReg   0x005a24    program     extern /home/achim/proj/rocrail/rocrail-hardware/cbus/cangc1e/TCPIP Stack/ENC28J60.c
                 WriteReg   0x0059ee    program     static /home/achim/proj/rocrail/rocrail-hardware/cbus/cangc1e/TCPIP Stack/ENC28J60.c
             _.org_3_0034   0x000034    program     static /home/achim/proj/rocrail/rocrail-hardware/cbus/cangc1e/Boot4.asm
             _.org_3_009A   0x00009a    program     static /home/achim/proj/rocrail/rocrail-hardware/cbus/cangc1e/Boot4.asm
             _.org_3_01C4   0x0001c4    program     static /home/achim/proj/rocrail/rocrail-hardware/cbus/cangc1e/Boot4.asm
              _2jContinue   0x009a1c    program     static C:\MCC18\v3_39\src\traditional\stdclib\memset.asm
                   _2jEnd   0x009a80    program     static C:\MCC18\v3_39\src\traditional\stdclib\slenpgm.asm
              _3jContinue   0x0099e8    program     static C:\MCC18\v3_39\src\traditional\stdclib\mcpyp2r.asm
                   _3jEnd   0x009a26    program     static C:\MCC18\v3_39\src\traditional\stdclib\memset.asm
              _4jContinue   0x009aca    program     static C:\MCC18\v3_39\src\traditional\stdclib\strncpy.asm
              _4jContinue   0x009994    program     static C:\MCC18\v3_39\src\traditional\stdclib\memcpy.asm
                   _4jEnd   0x0099f2    program     static C:\MCC18\v3_39\src\traditional\stdclib\mcpyp2r.asm
                   _5jEnd   0x009ad4    program     static C:\MCC18\v3_39\src\traditional\stdclib\strncpy.asm
                   _5jEnd   0x00999e    program     static C:\MCC18\v3_39\src\traditional\stdclib\memcpy.asm
                 _CANInit   0x000040    program     static /home/achim/proj/rocrail/rocrail-hardware/cbus/cangc1e/Boot4.asm
                 _CANMain   0x000096    program     static /home/achim/proj/rocrail/rocrail-hardware/cbus/cangc1e/Boot4.asm
              _CANMainJp1   0x00009c    program     static /home/achim/proj/rocrail/rocrail-hardware/cbus/cangc1e/Boot4.asm
              _CANMainJp2   0x0000aa    program     static /home/achim/proj/rocrail/rocrail-hardware/cbus/cangc1e/Boot4.asm
             _CANSendBoot   0x0001f0    program     static /home/achim/proj/rocrail/rocrail-hardware/cbus/cangc1e/Boot4.asm
          _CANSendMessage   0x0001c2    program     static /home/achim/proj/rocrail/rocrail-hardware/cbus/cangc1e/Boot4.asm
              _CANSendNOK   0x0001e8    program     static /home/achim/proj/rocrail/rocrail-hardware/cbus/cangc1e/Boot4.asm
               _CANSendOK   0x0001e0    program     static /home/achim/proj/rocrail/rocrail-hardware/cbus/cangc1e/Boot4.asm
                _CFGWrite   0x00018a    program     static /home/achim/proj/rocrail/rocrail-hardware/cbus/cangc1e/Boot4.asm
              _ControlReg   0x0000ae    program     static /home/achim/proj/rocrail/rocrail-hardware/cbus/cangc1e/Boot4.asm
           _ControlRegLp1   0x0000b2    program     static /home/achim/proj/rocrail/rocrail-hardware/cbus/cangc1e/Boot4.asm
        _D1KTCYXCODE_0010   0x00a140    program     static C:\MCC18\v3_39\src\traditional\delays\d1ktcyx.asm
        _D1KTCYXCODE_0016   0x00a146    program     static C:\MCC18\v3_39\src\traditional\delays\d1ktcyx.asm
             _DHCPReceive   0x008218    program     static /home/achim/proj/rocrail/rocrail-hardware/cbus/cangc1e/TCPIP Stack/DHCP.c
                _DHCPSend   0x008478    program     static /home/achim/proj/rocrail/rocrail-hardware/cbus/cangc1e/TCPIP Stack/DHCP.c
                 _DataReg   0x000104    program     static /home/achim/proj/rocrail/rocrail-hardware/cbus/cangc1e/Boot4.asm
                  _Decode   0x000126    program     static /home/achim/proj/rocrail/rocrail-hardware/cbus/cangc1e/Boot4.asm
               _DecodeJp1   0x00012e    program     static /home/achim/proj/rocrail/rocrail-hardware/cbus/cangc1e/Boot4.asm
               _DecodeJp2   0x000136    program     static /home/achim/proj/rocrail/rocrail-hardware/cbus/cangc1e/Boot4.asm
                 _EEWrite   0x0001a2    program     static /home/achim/proj/rocrail/rocrail-hardware/cbus/cangc1e/Boot4.asm
                 _PMErase   0x000142    program     static /home/achim/proj/rocrail/rocrail-hardware/cbus/cangc1e/Boot4.asm
              _PMEraseJp1   0x000148    program     static /home/achim/proj/rocrail/rocrail-hardware/cbus/cangc1e/Boot4.asm
            _PMEraseWrite   0x00013e    program     static /home/achim/proj/rocrail/rocrail-hardware/cbus/cangc1e/Boot4.asm
           _PMReadBackLp1   0x00017a    program     static /home/achim/proj/rocrail/rocrail-hardware/cbus/cangc1e/Boot4.asm
                 _PMWrite   0x00014c    program     static /home/achim/proj/rocrail/rocrail-hardware/cbus/cangc1e/Boot4.asm
              _PMWriteLp1   0x00015a    program     static /home/achim/proj/rocrail/rocrail-hardware/cbus/cangc1e/Boot4.asm
              _PMWriteLp2   0x00016a    program     static /home/achim/proj/rocrail/rocrail-hardware/cbus/cangc1e/Boot4.asm
             _PointBuffer   0x008ef6    program     static /home/achim/proj/rocrail/rocrail-hardware/cbus/cangc1e/canbus.c
         _ReadWriteMemory   0x0000aa    program     static /home/achim/proj/rocrail/rocrail-hardware/cbus/cangc1e/Boot4.asm
             _SetPointers   0x000104    program     static /home/achim/proj/rocrail/rocrail-hardware/cbus/cangc1e/Boot4.asm
          _SetPointersJp1   0x000126    program     static /home/achim/proj/rocrail/rocrail-hardware/cbus/cangc1e/Boot4.asm
           _SpecialCmdJp1   0x0000e2    program     static /home/achim/proj/rocrail/rocrail-hardware/cbus/cangc1e/Boot4.asm
           _SpecialCmdJp2   0x0000fa    program     static /home/achim/proj/rocrail/rocrail-hardware/cbus/cangc1e/Boot4.asm
           _SpecialCmdJp3   0x0000fc    program     static /home/achim/proj/rocrail/rocrail-hardware/cbus/cangc1e/Boot4.asm
           _SpecialCmdJp4   0x0000d2    program     static /home/achim/proj/rocrail/rocrail-hardware/cbus/cangc1e/Boot4.asm
              _StartWrite   0x000020    program     static /home/achim/proj/rocrail/rocrail-hardware/cbus/cangc1e/Boot4.asm
            _UpdateChksum   0x000038    program     static /home/achim/proj/rocrail/rocrail-hardware/cbus/cangc1e/Boot4.asm
       ___case_0_lbl00003   0x00047c    program     static                          
     ___case_113_lbl00031   0x00078e    program     static                          
     ___case_115_lbl00009   0x0005e6    program     static                          
      ___case_13_lbl00007   0x000536    program     static                          
     ___case_150_lbl00049   0x000994    program     static                          
      ___case_16_lbl00013   0x0006a4    program     static                          
      ___case_66_lbl00011   0x000620    program     static                          
      ___case_92_lbl00015   0x000766    program     static                          
      ___default_lbl00050   0x000b48    program     static                          
           ___do_lbl00002   0x009edc    program     static                          
           ___do_lbl00003   0x009ee0    program     static                          
           ___do_lbl00004   0x009ebe    program     static                          
         ___else_lbl00021   0x000962    program     static                          
         ___else_lbl00023   0x00091a    program     static                          
         ___else_lbl00025   0x0008d2    program     static                          
         ___else_lbl00027   0x00088a    program     static                          
         ___else_lbl00029   0x000864    program     static                          
         ___else_lbl00033   0x000a08    program     static                          
         ___else_lbl00039   0x000b14    program     static                          
         ___else_lbl00041   0x000ad0    program     static                          
         ___else_lbl00043   0x000a8c    program     static                          
         ___else_lbl00045   0x000a48    program     static                          
         ___else_lbl00047   0x000a16    program     static                          
          ___for_lbl00101   0x00668a    program     static                          
          ___for_lbl00102   0x006690    program     static                          
          ___for_lbl00103   0x00666c    program     static                          
          ___for_lbl00104   0x0066a4    program     static                          
          ___for_lbl00105   0x0066a8    program     static                          
          ___for_lbl00106   0x006690    program     static                          
           ___if_lbl00001   0x00045a    program     static                          
           ___if_lbl00004   0x000482    program     static                          
           ___if_lbl00005   0x0004f8    program     static                          
           ___if_lbl00008   0x00061e    program     static                          
           ___if_lbl00010   0x0006a2    program     static                          
           ___if_lbl00012   0x000764    program     static                          
           ___if_lbl00014   0x006024    program     static                          
           ___if_lbl00014   0x00078c    program     static                          
           ___if_lbl00015   0x006042    program     static                          
           ___if_lbl00016   0x0060d4    program     static                          
           ___if_lbl00017   0x0060da    program     static                          
           ___if_lbl00019   0x000992    program     static                          
           ___if_lbl00019   0x00513a    program     static                          
           ___if_lbl00020   0x000992    program     static                          
           ___if_lbl00020   0x005146    program     static                          
           ___if_lbl00022   0x000992    program     static                          
           ___if_lbl00024   0x000992    program     static                          
           ___if_lbl00026   0x000992    program     static                          
           ___if_lbl00026   0x005228    program     static                          
           ___if_lbl00028   0x000992    program     static                          
           ___if_lbl00029   0x0052a0    program     static                          
           ___if_lbl00030   0x000992    program     static                          
           ___if_lbl00032   0x000a14    program     static                          
           ___if_lbl00037   0x000b44    program     static                          
           ___if_lbl00038   0x000b44    program     static                          
           ___if_lbl00040   0x000b44    program     static                          
           ___if_lbl00042   0x000b44    program     static                          
           ___if_lbl00044   0x000b44    program     static                          
           ___if_lbl00046   0x000b44    program     static                          
           ___if_lbl00048   0x000b46    program     static                          
       ___return_lbl00000   0x000b4e    program     static                          
       ___return_lbl00000   0x00a10e    program     static                          
       ___return_lbl00000   0x00020c    program     static                          
       ___return_lbl00000   0x00a0a6    program     static                          
       ___return_lbl00000   0x000206    program     static                          
       ___return_lbl00001   0x009ee2    program     static                          
       ___return_lbl00001   0x000e6a    program     static                          
       ___return_lbl00001   0x00021c    program     static                          
       ___return_lbl00002   0x00a05e    program     static                          
       ___return_lbl00009   0x006124    program     static                          
       ___return_lbl00018   0x0052a8    program     static                          
       ___return_lbl00100   0x0066ba    program     static                          
   ___switchexit_lbl00002   0x00047e    program     static                          
   ___switchexit_lbl00006   0x000b4a    program     static                          
        ___while_lbl00010   0x005f7e    program     static                          
        ___while_lbl00011   0x0060dc    program     static                          
        ___while_lbl00012   0x005f86    program     static                          
        ___while_lbl00013   0x005f8a    program     static                          
               __config_0   0x300001    program     static /home/achim/proj/rocrail/rocrail-hardware/cbus/cangc1e/cangc1e.c
               __config_1   0x300002    program     static /home/achim/proj/rocrail/rocrail-hardware/cbus/cangc1e/cangc1e.c
              __config_10   0x30000d    program     static /home/achim/proj/rocrail/rocrail-hardware/cbus/cangc1e/cangc1e.c
               __config_2   0x300003    program     static /home/achim/proj/rocrail/rocrail-hardware/cbus/cangc1e/cangc1e.c
               __config_3   0x300005    program     static /home/achim/proj/rocrail/rocrail-hardware/cbus/cangc1e/cangc1e.c
               __config_4   0x300006    program     static /home/achim/proj/rocrail/rocrail-hardware/cbus/cangc1e/cangc1e.c
               __config_5   0x300008    program     static /home/achim/proj/rocrail/rocrail-hardware/cbus/cangc1e/cangc1e.c
               __config_6   0x300009    program     static /home/achim/proj/rocrail/rocrail-hardware/cbus/cangc1e/cangc1e.c
               __config_7   0x30000a    program     static /home/achim/proj/rocrail/rocrail-hardware/cbus/cangc1e/cangc1e.c
               __config_8   0x30000b    program     static /home/achim/proj/rocrail/rocrail-hardware/cbus/cangc1e/cangc1e.c
               __config_9   0x30000c    program     static /home/achim/proj/rocrail/rocrail-hardware/cbus/cangc1e/cangc1e.c
                   __init   0x00a188    program     extern C:\MCC18\v3_39\src\traditional\stdclib\__init.c
                   __pa_0   0x009656    program     static /home/achim/proj/rocrail/rocrail-hardware/cbus/cangc1e/TCPIP Stack/IP.c
                   __pa_0   0x009f90    program     static /home/achim/proj/rocrail/rocrail-hardware/cbus/cangc1e/TCPIP Stack/Tick.c
                   __pa_0   0x000422    program     static /home/achim/proj/rocrail/rocrail-hardware/cbus/cangc1e/cangc1e.c
                   __pa_0   0x009924    program     static /home/achim/proj/rocrail/rocrail-hardware/cbus/cangc1e/TCPIP Stack/StackTsk.c
                   __pa_0   0x009d7c    program     static /home/achim/proj/rocrail/rocrail-hardware/cbus/cangc1e/eth.c
                   __pa_0   0x008be6    program     static /home/achim/proj/rocrail/rocrail-hardware/cbus/cangc1e/TCPIP Stack/ARP.c
                   __pa_0   0x0039fa    program     static /home/achim/proj/rocrail/rocrail-hardware/cbus/cangc1e/TCPIP Stack/TCP.c
                   __pa_0   0x006888    program     static /home/achim/proj/rocrail/rocrail-hardware/cbus/cangc1e/TCPIP Stack/Helpers.c
                   __pa_0   0x000c78    program     static /home/achim/proj/rocrail/rocrail-hardware/cbus/cangc1e/commands.c
                   __pa_0   0x0085f2    program     static /home/achim/proj/rocrail/rocrail-hardware/cbus/cangc1e/TCPIP Stack/DHCP.c
                   __pa_0   0x007d5e    program     static /home/achim/proj/rocrail/rocrail-hardware/cbus/cangc1e/gcaeth.c
                   __pa_0   0x005aa8    program     static /home/achim/proj/rocrail/rocrail-hardware/cbus/cangc1e/TCPIP Stack/ENC28J60.c
                   __pa_0   0x009c14    program     static /home/achim/proj/rocrail/rocrail-hardware/cbus/cangc1e/isr.c
                   __pa_0   0x007424    program     static /home/achim/proj/rocrail/rocrail-hardware/cbus/cangc1e/TCPIP Stack/UDP.c
                   __pa_0   0x000e30    program     static /home/achim/proj/rocrail/rocrail-hardware/cbus/cangc1e/utils.c
                   __pa_0   0x009e90    program     static /home/achim/proj/rocrail/rocrail-hardware/cbus/cangc1e/io.c
                   __pa_0   0x009336    program     static /home/achim/proj/rocrail/rocrail-hardware/cbus/cangc1e/TCPIP Stack/ICMP.c
                   __pa_0   0x008f76    program     static /home/achim/proj/rocrail/rocrail-hardware/cbus/cangc1e/canbus.c
                   __pa_1   0x0068a4    program     static /home/achim/proj/rocrail/rocrail-hardware/cbus/cangc1e/TCPIP Stack/Helpers.c
                   __pa_1   0x009c3e    program     static /home/achim/proj/rocrail/rocrail-hardware/cbus/cangc1e/isr.c
                   __pa_1   0x008bf4    program     static /home/achim/proj/rocrail/rocrail-hardware/cbus/cangc1e/TCPIP Stack/ARP.c
                   __pa_1   0x000e3e    program     static /home/achim/proj/rocrail/rocrail-hardware/cbus/cangc1e/utils.c
                   __pa_1   0x003a00    program     static /home/achim/proj/rocrail/rocrail-hardware/cbus/cangc1e/TCPIP Stack/TCP.c
                   __pa_1   0x009344    program     static /home/achim/proj/rocrail/rocrail-hardware/cbus/cangc1e/TCPIP Stack/ICMP.c
                   __pa_1   0x0085fe    program     static /home/achim/proj/rocrail/rocrail-hardware/cbus/cangc1e/TCPIP Stack/DHCP.c
                   __pa_1   0x009d88    program     static /home/achim/proj/rocrail/rocrail-hardware/cbus/cangc1e/eth.c
                   __pa_1   0x008f88    program     static /home/achim/proj/rocrail/rocrail-hardware/cbus/cangc1e/canbus.c
                   __pa_1   0x009e98    program     static /home/achim/proj/rocrail/rocrail-hardware/cbus/cangc1e/io.c
                   __pa_1   0x009934    program     static /home/achim/proj/rocrail/rocrail-hardware/cbus/cangc1e/TCPIP Stack/StackTsk.c
                   __pa_1   0x000434    program     static /home/achim/proj/rocrail/rocrail-hardware/cbus/cangc1e/cangc1e.c
                   __pa_1   0x007438    program     static /home/achim/proj/rocrail/rocrail-hardware/cbus/cangc1e/TCPIP Stack/UDP.c
                   __pa_1   0x005ab2    program     static /home/achim/proj/rocrail/rocrail-hardware/cbus/cangc1e/TCPIP Stack/ENC28J60.c
                   __pa_1   0x009faa    program     static /home/achim/proj/rocrail/rocrail-hardware/cbus/cangc1e/TCPIP Stack/Tick.c
                   __pa_1   0x007d64    program     static /home/achim/proj/rocrail/rocrail-hardware/cbus/cangc1e/gcaeth.c
                   __pa_1   0x009678    program     static /home/achim/proj/rocrail/rocrail-hardware/cbus/cangc1e/TCPIP Stack/IP.c
                  __pa_10   0x007dd6    program     static /home/achim/proj/rocrail/rocrail-hardware/cbus/cangc1e/gcaeth.c
                  __pa_10   0x0086c4    program     static /home/achim/proj/rocrail/rocrail-hardware/cbus/cangc1e/TCPIP Stack/DHCP.c
                  __pa_10   0x005b28    program     static /home/achim/proj/rocrail/rocrail-hardware/cbus/cangc1e/TCPIP Stack/ENC28J60.c
                  __pa_10   0x0074bc    program     static /home/achim/proj/rocrail/rocrail-hardware/cbus/cangc1e/TCPIP Stack/UDP.c
                  __pa_10   0x008c80    program     static /home/achim/proj/rocrail/rocrail-hardware/cbus/cangc1e/TCPIP Stack/ARP.c
                  __pa_10   0x009010    program     static /home/achim/proj/rocrail/rocrail-hardware/cbus/cangc1e/canbus.c
                  __pa_10   0x0093bc    program     static /home/achim/proj/rocrail/rocrail-hardware/cbus/cangc1e/TCPIP Stack/ICMP.c
                  __pa_10   0x00697a    program     static /home/achim/proj/rocrail/rocrail-hardware/cbus/cangc1e/TCPIP Stack/Helpers.c
                  __pa_10   0x003b0e    program     static /home/achim/proj/rocrail/rocrail-hardware/cbus/cangc1e/TCPIP Stack/TCP.c
                 __pa_100   0x0040de    program     static /home/achim/proj/rocrail/rocrail-hardware/cbus/cangc1e/TCPIP Stack/TCP.c
                 __pa_101   0x0040ee    program     static /home/achim/proj/rocrail/rocrail-hardware/cbus/cangc1e/TCPIP Stack/TCP.c
                 __pa_102   0x0040fe    program     static /home/achim/proj/rocrail/rocrail-hardware/cbus/cangc1e/TCPIP Stack/TCP.c
                 __pa_103   0x00410e    program     static /home/achim/proj/rocrail/rocrail-hardware/cbus/cangc1e/TCPIP Stack/TCP.c
                 __pa_104   0x004118    program     static /home/achim/proj/rocrail/rocrail-hardware/cbus/cangc1e/TCPIP Stack/TCP.c
                 __pa_105   0x004122    program     static /home/achim/proj/rocrail/rocrail-hardware/cbus/cangc1e/TCPIP Stack/TCP.c
                 __pa_106   0x004128    program     static /home/achim/proj/rocrail/rocrail-hardware/cbus/cangc1e/TCPIP Stack/TCP.c
                 __pa_107   0x004140    program     static /home/achim/proj/rocrail/rocrail-hardware/cbus/cangc1e/TCPIP Stack/TCP.c
                 __pa_108   0x004146    program     static /home/achim/proj/rocrail/rocrail-hardware/cbus/cangc1e/TCPIP Stack/TCP.c
                 __pa_109   0x004152    program     static /home/achim/proj/rocrail/rocrail-hardware/cbus/cangc1e/TCPIP Stack/TCP.c
                  __pa_11   0x006992    program     static /home/achim/proj/rocrail/rocrail-hardware/cbus/cangc1e/TCPIP Stack/Helpers.c
                  __pa_11   0x0086d4    program     static /home/achim/proj/rocrail/rocrail-hardware/cbus/cangc1e/TCPIP Stack/DHCP.c
                  __pa_11   0x009020    program     static /home/achim/proj/rocrail/rocrail-hardware/cbus/cangc1e/canbus.c
                  __pa_11   0x007de0    program     static /home/achim/proj/rocrail/rocrail-hardware/cbus/cangc1e/gcaeth.c
                  __pa_11   0x005b30    program     static /home/achim/proj/rocrail/rocrail-hardware/cbus/cangc1e/TCPIP Stack/ENC28J60.c
                  __pa_11   0x0074c4    program     static /home/achim/proj/rocrail/rocrail-hardware/cbus/cangc1e/TCPIP Stack/UDP.c
                  __pa_11   0x0093c6    program     static /home/achim/proj/rocrail/rocrail-hardware/cbus/cangc1e/TCPIP Stack/ICMP.c
                  __pa_11   0x008c88    program     static /home/achim/proj/rocrail/rocrail-hardware/cbus/cangc1e/TCPIP Stack/ARP.c
                  __pa_11   0x003b16    program     static /home/achim/proj/rocrail/rocrail-hardware/cbus/cangc1e/TCPIP Stack/TCP.c
                 __pa_110   0x00415e    program     static /home/achim/proj/rocrail/rocrail-hardware/cbus/cangc1e/TCPIP Stack/TCP.c
                 __pa_111   0x00416a    program     static /home/achim/proj/rocrail/rocrail-hardware/cbus/cangc1e/TCPIP Stack/TCP.c
                 __pa_112   0x004176    program     static /home/achim/proj/rocrail/rocrail-hardware/cbus/cangc1e/TCPIP Stack/TCP.c
                 __pa_113   0x004186    program     static /home/achim/proj/rocrail/rocrail-hardware/cbus/cangc1e/TCPIP Stack/TCP.c
                 __pa_114   0x00419c    program     static /home/achim/proj/rocrail/rocrail-hardware/cbus/cangc1e/TCPIP Stack/TCP.c
                 __pa_115   0x0041a8    program     static /home/achim/proj/rocrail/rocrail-hardware/cbus/cangc1e/TCPIP Stack/TCP.c
                 __pa_116   0x0041b6    program     static /home/achim/proj/rocrail/rocrail-hardware/cbus/cangc1e/TCPIP Stack/TCP.c
                 __pa_117   0x0041be    program     static /home/achim/proj/rocrail/rocrail-hardware/cbus/cangc1e/TCPIP Stack/TCP.c
                 __pa_118   0x0041cc    program     static /home/achim/proj/rocrail/rocrail-hardware/cbus/cangc1e/TCPIP Stack/TCP.c
                 __pa_119   0x0041da    program     static /home/achim/proj/rocrail/rocrail-hardware/cbus/cangc1e/TCPIP Stack/TCP.c
                  __pa_12   0x008c96    program     static /home/achim/proj/rocrail/rocrail-hardware/cbus/cangc1e/TCPIP Stack/ARP.c
                  __pa_12   0x0086e8    program     static /home/achim/proj/rocrail/rocrail-hardware/cbus/cangc1e/TCPIP Stack/DHCP.c
                  __pa_12   0x00902e    program     static /home/achim/proj/rocrail/rocrail-hardware/cbus/cangc1e/canbus.c
                  __pa_12   0x0074d2    program     static /home/achim/proj/rocrail/rocrail-hardware/cbus/cangc1e/TCPIP Stack/UDP.c
                  __pa_12   0x0093d2    program     static /home/achim/proj/rocrail/rocrail-hardware/cbus/cangc1e/TCPIP Stack/ICMP.c
                  __pa_12   0x005b44    program     static /home/achim/proj/rocrail/rocrail-hardware/cbus/cangc1e/TCPIP Stack/ENC28J60.c
                  __pa_12   0x0069a4    program     static /home/achim/proj/rocrail/rocrail-hardware/cbus/cangc1e/TCPIP Stack/Helpers.c
                  __pa_12   0x003b24    program     static /home/achim/proj/rocrail/rocrail-hardware/cbus/cangc1e/TCPIP Stack/TCP.c
                  __pa_12   0x007de6    program     static /home/achim/proj/rocrail/rocrail-hardware/cbus/cangc1e/gcaeth.c
                 __pa_120   0x0041e8    program     static /home/achim/proj/rocrail/rocrail-hardware/cbus/cangc1e/TCPIP Stack/TCP.c
                 __pa_121   0x0041f6    program     static /home/achim/proj/rocrail/rocrail-hardware/cbus/cangc1e/TCPIP Stack/TCP.c
                 __pa_122   0x004204    program     static /home/achim/proj/rocrail/rocrail-hardware/cbus/cangc1e/TCPIP Stack/TCP.c
                 __pa_123   0x004212    program     static /home/achim/proj/rocrail/rocrail-hardware/cbus/cangc1e/TCPIP Stack/TCP.c
                 __pa_124   0x004220    program     static /home/achim/proj/rocrail/rocrail-hardware/cbus/cangc1e/TCPIP Stack/TCP.c
                 __pa_125   0x00422e    program     static /home/achim/proj/rocrail/rocrail-hardware/cbus/cangc1e/TCPIP Stack/TCP.c
                 __pa_126   0x00423c    program     static /home/achim/proj/rocrail/rocrail-hardware/cbus/cangc1e/TCPIP Stack/TCP.c
                 __pa_127   0x004246    program     static /home/achim/proj/rocrail/rocrail-hardware/cbus/cangc1e/TCPIP Stack/TCP.c
                 __pa_128   0x004250    program     static /home/achim/proj/rocrail/rocrail-hardware/cbus/cangc1e/TCPIP Stack/TCP.c
                 __pa_129   0x00425a    program     static /home/achim/proj/rocrail/rocrail-hardware/cbus/cangc1e/TCPIP Stack/TCP.c
                  __pa_13   0x0074e0    program     static /home/achim/proj/rocrail/rocrail-hardware/cbus/cangc1e/TCPIP Stack/UDP.c
                  __pa_13   0x005b68    program     static /home/achim/proj/rocrail/rocrail-hardware/cbus/cangc1e/TCPIP Stack/ENC28J60.c
                  __pa_13   0x0069b4    program     static /home/achim/proj/rocrail/rocrail-hardware/cbus/cangc1e/TCPIP Stack/Helpers.c
                  __pa_13   0x0086fa    program     static /home/achim/proj/rocrail/rocrail-hardware/cbus/cangc1e/TCPIP Stack/DHCP.c
                  __pa_13   0x003b2e    program     static /home/achim/proj/rocrail/rocrail-hardware/cbus/cangc1e/TCPIP Stack/TCP.c
                  __pa_13   0x009038    program     static /home/achim/proj/rocrail/rocrail-hardware/cbus/cangc1e/canbus.c
                  __pa_13   0x008c9e    program     static /home/achim/proj/rocrail/rocrail-hardware/cbus/cangc1e/TCPIP Stack/ARP.c
                  __pa_13   0x007dec    program     static /home/achim/proj/rocrail/rocrail-hardware/cbus/cangc1e/gcaeth.c
                 __pa_130   0x004264    program     static /home/achim/proj/rocrail/rocrail-hardware/cbus/cangc1e/TCPIP Stack/TCP.c
                 __pa_131   0x00426e    program     static /home/achim/proj/rocrail/rocrail-hardware/cbus/cangc1e/TCPIP Stack/TCP.c
                 __pa_132   0x00427c    program     static /home/achim/proj/rocrail/rocrail-hardware/cbus/cangc1e/TCPIP Stack/TCP.c
                 __pa_133   0x004290    program     static /home/achim/proj/rocrail/rocrail-hardware/cbus/cangc1e/TCPIP Stack/TCP.c
                 __pa_134   0x0042a4    program     static /home/achim/proj/rocrail/rocrail-hardware/cbus/cangc1e/TCPIP Stack/TCP.c
                 __pa_135   0x0042b6    program     static /home/achim/proj/rocrail/rocrail-hardware/cbus/cangc1e/TCPIP Stack/TCP.c
                 __pa_136   0x0042c8    program     static /home/achim/proj/rocrail/rocrail-hardware/cbus/cangc1e/TCPIP Stack/TCP.c
                 __pa_137   0x0042da    program     static /home/achim/proj/rocrail/rocrail-hardware/cbus/cangc1e/TCPIP Stack/TCP.c
                 __pa_138   0x0042ec    program     static /home/achim/proj/rocrail/rocrail-hardware/cbus/cangc1e/TCPIP Stack/TCP.c
                 __pa_139   0x0042f6    program     static /home/achim/proj/rocrail/rocrail-hardware/cbus/cangc1e/TCPIP Stack/TCP.c
                  __pa_14   0x0074fc    program     static /home/achim/proj/rocrail/rocrail-hardware/cbus/cangc1e/TCPIP Stack/UDP.c
                  __pa_14   0x005b72    program     static /home/achim/proj/rocrail/rocrail-hardware/cbus/cangc1e/TCPIP Stack/ENC28J60.c
                  __pa_14   0x007df6    program     static /home/achim/proj/rocrail/rocrail-hardware/cbus/cangc1e/gcaeth.c
                  __pa_14   0x003b70    program     static /home/achim/proj/rocrail/rocrail-hardware/cbus/cangc1e/TCPIP Stack/TCP.c
                  __pa_14   0x008708    program     static /home/achim/proj/rocrail/rocrail-hardware/cbus/cangc1e/TCPIP Stack/DHCP.c
                  __pa_14   0x009042    program     static /home/achim/proj/rocrail/rocrail-hardware/cbus/cangc1e/canbus.c
                  __pa_14   0x0069c4    program     static /home/achim/proj/rocrail/rocrail-hardware/cbus/cangc1e/TCPIP Stack/Helpers.c
                 __pa_140   0x004304    program     static /home/achim/proj/rocrail/rocrail-hardware/cbus/cangc1e/TCPIP Stack/TCP.c
                 __pa_141   0x00430e    program     static /home/achim/proj/rocrail/rocrail-hardware/cbus/cangc1e/TCPIP Stack/TCP.c
                 __pa_142   0x004318    program     static /home/achim/proj/rocrail/rocrail-hardware/cbus/cangc1e/TCPIP Stack/TCP.c
                 __pa_143   0x004320    program     static /home/achim/proj/rocrail/rocrail-hardware/cbus/cangc1e/TCPIP Stack/TCP.c
                 __pa_144   0x004330    program     static /home/achim/proj/rocrail/rocrail-hardware/cbus/cangc1e/TCPIP Stack/TCP.c
                 __pa_145   0x004340    program     static /home/achim/proj/rocrail/rocrail-hardware/cbus/cangc1e/TCPIP Stack/TCP.c
                 __pa_146   0x004350    program     static /home/achim/proj/rocrail/rocrail-hardware/cbus/cangc1e/TCPIP Stack/TCP.c
                 __pa_147   0x004360    program     static /home/achim/proj/rocrail/rocrail-hardware/cbus/cangc1e/TCPIP Stack/TCP.c
                 __pa_148   0x004368    program     static /home/achim/proj/rocrail/rocrail-hardware/cbus/cangc1e/TCPIP Stack/TCP.c
                 __pa_149   0x004376    program     static /home/achim/proj/rocrail/rocrail-hardware/cbus/cangc1e/TCPIP Stack/TCP.c
                  __pa_15   0x00904c    program     static /home/achim/proj/rocrail/rocrail-hardware/cbus/cangc1e/canbus.c
                  __pa_15   0x0069d4    program     static /home/achim/proj/rocrail/rocrail-hardware/cbus/cangc1e/TCPIP Stack/Helpers.c
                  __pa_15   0x005b7e    program     static /home/achim/proj/rocrail/rocrail-hardware/cbus/cangc1e/TCPIP Stack/ENC28J60.c
                  __pa_15   0x007dfe    program     static /home/achim/proj/rocrail/rocrail-hardware/cbus/cangc1e/gcaeth.c
                  __pa_15   0x007510    program     static /home/achim/proj/rocrail/rocrail-hardware/cbus/cangc1e/TCPIP Stack/UDP.c
                  __pa_15   0x00870e    program     static /home/achim/proj/rocrail/rocrail-hardware/cbus/cangc1e/TCPIP Stack/DHCP.c
                  __pa_15   0x003b7c    program     static /home/achim/proj/rocrail/rocrail-hardware/cbus/cangc1e/TCPIP Stack/TCP.c
                 __pa_150   0x004384    program     static /home/achim/proj/rocrail/rocrail-hardware/cbus/cangc1e/TCPIP Stack/TCP.c
                 __pa_151   0x004392    program     static /home/achim/proj/rocrail/rocrail-hardware/cbus/cangc1e/TCPIP Stack/TCP.c
                 __pa_152   0x0043a0    program     static /home/achim/proj/rocrail/rocrail-hardware/cbus/cangc1e/TCPIP Stack/TCP.c
                 __pa_153   0x0043ae    program     static /home/achim/proj/rocrail/rocrail-hardware/cbus/cangc1e/TCPIP Stack/TCP.c
                 __pa_154   0x0043bc    program     static /home/achim/proj/rocrail/rocrail-hardware/cbus/cangc1e/TCPIP Stack/TCP.c
                 __pa_155   0x0043ca    program     static /home/achim/proj/rocrail/rocrail-hardware/cbus/cangc1e/TCPIP Stack/TCP.c
                 __pa_156   0x0043d8    program     static /home/achim/proj/rocrail/rocrail-hardware/cbus/cangc1e/TCPIP Stack/TCP.c
                 __pa_157   0x0043e6    program     static /home/achim/proj/rocrail/rocrail-hardware/cbus/cangc1e/TCPIP Stack/TCP.c
                 __pa_158   0x0043f4    program     static /home/achim/proj/rocrail/rocrail-hardware/cbus/cangc1e/TCPIP Stack/TCP.c
                 __pa_159   0x004402    program     static /home/achim/proj/rocrail/rocrail-hardware/cbus/cangc1e/TCPIP Stack/TCP.c
                  __pa_16   0x00871c    program     static /home/achim/proj/rocrail/rocrail-hardware/cbus/cangc1e/TCPIP Stack/DHCP.c
                  __pa_16   0x003bc8    program     static /home/achim/proj/rocrail/rocrail-hardware/cbus/cangc1e/TCPIP Stack/TCP.c
                  __pa_16   0x007e04    program     static /home/achim/proj/rocrail/rocrail-hardware/cbus/cangc1e/gcaeth.c
                  __pa_16   0x00751e    program     static /home/achim/proj/rocrail/rocrail-hardware/cbus/cangc1e/TCPIP Stack/UDP.c
                  __pa_16   0x005b8e    program     static /home/achim/proj/rocrail/rocrail-hardware/cbus/cangc1e/TCPIP Stack/ENC28J60.c
                  __pa_16   0x009056    program     static /home/achim/proj/rocrail/rocrail-hardware/cbus/cangc1e/canbus.c
                  __pa_16   0x0069dc    program     static /home/achim/proj/rocrail/rocrail-hardware/cbus/cangc1e/TCPIP Stack/Helpers.c
                 __pa_160   0x004410    program     static /home/achim/proj/rocrail/rocrail-hardware/cbus/cangc1e/TCPIP Stack/TCP.c
                 __pa_161   0x00441e    program     static /home/achim/proj/rocrail/rocrail-hardware/cbus/cangc1e/TCPIP Stack/TCP.c
                 __pa_162   0x00442c    program     static /home/achim/proj/rocrail/rocrail-hardware/cbus/cangc1e/TCPIP Stack/TCP.c
                 __pa_163   0x00443a    program     static /home/achim/proj/rocrail/rocrail-hardware/cbus/cangc1e/TCPIP Stack/TCP.c
                 __pa_164   0x004448    program     static /home/achim/proj/rocrail/rocrail-hardware/cbus/cangc1e/TCPIP Stack/TCP.c
                 __pa_165   0x004456    program     static /home/achim/proj/rocrail/rocrail-hardware/cbus/cangc1e/TCPIP Stack/TCP.c
                 __pa_166   0x004464    program     static /home/achim/proj/rocrail/rocrail-hardware/cbus/cangc1e/TCPIP Stack/TCP.c
                 __pa_167   0x004472    program     static /home/achim/proj/rocrail/rocrail-hardware/cbus/cangc1e/TCPIP Stack/TCP.c
                 __pa_168   0x004480    program     static /home/achim/proj/rocrail/rocrail-hardware/cbus/cangc1e/TCPIP Stack/TCP.c
                 __pa_169   0x00448e    program     static /home/achim/proj/rocrail/rocrail-hardware/cbus/cangc1e/TCPIP Stack/TCP.c
                  __pa_17   0x008726    program     static /home/achim/proj/rocrail/rocrail-hardware/cbus/cangc1e/TCPIP Stack/DHCP.c
                  __pa_17   0x003bdc    program     static /home/achim/proj/rocrail/rocrail-hardware/cbus/cangc1e/TCPIP Stack/TCP.c
                  __pa_17   0x007e08    program     static /home/achim/proj/rocrail/rocrail-hardware/cbus/cangc1e/gcaeth.c
                  __pa_17   0x00905e    program     static /home/achim/proj/rocrail/rocrail-hardware/cbus/cangc1e/canbus.c
                  __pa_17   0x005b9a    program     static /home/achim/proj/rocrail/rocrail-hardware/cbus/cangc1e/TCPIP Stack/ENC28J60.c
                  __pa_17   0x00752c    program     static /home/achim/proj/rocrail/rocrail-hardware/cbus/cangc1e/TCPIP Stack/UDP.c
                  __pa_17   0x0069ea    program     static /home/achim/proj/rocrail/rocrail-hardware/cbus/cangc1e/TCPIP Stack/Helpers.c
                 __pa_170   0x004498    program     static /home/achim/proj/rocrail/rocrail-hardware/cbus/cangc1e/TCPIP Stack/TCP.c
                 __pa_171   0x0044a2    program     static /home/achim/proj/rocrail/rocrail-hardware/cbus/cangc1e/TCPIP Stack/TCP.c
                 __pa_172   0x0044ac    program     static /home/achim/proj/rocrail/rocrail-hardware/cbus/cangc1e/TCPIP Stack/TCP.c
                 __pa_173   0x0044b4    program     static /home/achim/proj/rocrail/rocrail-hardware/cbus/cangc1e/TCPIP Stack/TCP.c
                 __pa_174   0x0044bc    program     static /home/achim/proj/rocrail/rocrail-hardware/cbus/cangc1e/TCPIP Stack/TCP.c
                 __pa_175   0x0044c4    program     static /home/achim/proj/rocrail/rocrail-hardware/cbus/cangc1e/TCPIP Stack/TCP.c
                 __pa_176   0x0044ce    program     static /home/achim/proj/rocrail/rocrail-hardware/cbus/cangc1e/TCPIP Stack/TCP.c
                 __pa_177   0x0044d8    program     static /home/achim/proj/rocrail/rocrail-hardware/cbus/cangc1e/TCPIP Stack/TCP.c
                 __pa_178   0x0044e2    program     static /home/achim/proj/rocrail/rocrail-hardware/cbus/cangc1e/TCPIP Stack/TCP.c
                 __pa_179   0x0044ea    program     static /home/achim/proj/rocrail/rocrail-hardware/cbus/cangc1e/TCPIP Stack/TCP.c
                  __pa_18   0x008730    program     static /home/achim/proj/rocrail/rocrail-hardware/cbus/cangc1e/TCPIP Stack/DHCP.c
                  __pa_18   0x007e12    program     static /home/achim/proj/rocrail/rocrail-hardware/cbus/cangc1e/gcaeth.c
                  __pa_18   0x003bea    program     static /home/achim/proj/rocrail/rocrail-hardware/cbus/cangc1e/TCPIP Stack/TCP.c
                  __pa_18   0x00753c    program     static /home/achim/proj/rocrail/rocrail-hardware/cbus/cangc1e/TCPIP Stack/UDP.c
                  __pa_18   0x0069f8    program     static /home/achim/proj/rocrail/rocrail-hardware/cbus/cangc1e/TCPIP Stack/Helpers.c
                  __pa_18   0x005ba4    program     static /home/achim/proj/rocrail/rocrail-hardware/cbus/cangc1e/TCPIP Stack/ENC28J60.c
                  __pa_18   0x009066    program     static /home/achim/proj/rocrail/rocrail-hardware/cbus/cangc1e/canbus.c
                 __pa_180   0x0044f4    program     static /home/achim/proj/rocrail/rocrail-hardware/cbus/cangc1e/TCPIP Stack/TCP.c
                 __pa_181   0x0044fe    program     static /home/achim/proj/rocrail/rocrail-hardware/cbus/cangc1e/TCPIP Stack/TCP.c
                 __pa_182   0x004508    program     static /home/achim/proj/rocrail/rocrail-hardware/cbus/cangc1e/TCPIP Stack/TCP.c
                 __pa_183   0x00450e    program     static /home/achim/proj/rocrail/rocrail-hardware/cbus/cangc1e/TCPIP Stack/TCP.c
                 __pa_184   0x004518    program     static /home/achim/proj/rocrail/rocrail-hardware/cbus/cangc1e/TCPIP Stack/TCP.c
                 __pa_185   0x004534    program     static /home/achim/proj/rocrail/rocrail-hardware/cbus/cangc1e/TCPIP Stack/TCP.c
                 __pa_186   0x004546    program     static /home/achim/proj/rocrail/rocrail-hardware/cbus/cangc1e/TCPIP Stack/TCP.c
                 __pa_187   0x004576    program     static /home/achim/proj/rocrail/rocrail-hardware/cbus/cangc1e/TCPIP Stack/TCP.c
                 __pa_188   0x00457e    program     static /home/achim/proj/rocrail/rocrail-hardware/cbus/cangc1e/TCPIP Stack/TCP.c
                 __pa_189   0x004588    program     static /home/achim/proj/rocrail/rocrail-hardware/cbus/cangc1e/TCPIP Stack/TCP.c
                  __pa_19   0x009070    program     static /home/achim/proj/rocrail/rocrail-hardware/cbus/cangc1e/canbus.c
                  __pa_19   0x005bb2    program     static /home/achim/proj/rocrail/rocrail-hardware/cbus/cangc1e/TCPIP Stack/ENC28J60.c
                  __pa_19   0x006a06    program     static /home/achim/proj/rocrail/rocrail-hardware/cbus/cangc1e/TCPIP Stack/Helpers.c
                  __pa_19   0x00754a    program     static /home/achim/proj/rocrail/rocrail-hardware/cbus/cangc1e/TCPIP Stack/UDP.c
                  __pa_19   0x003bf8    program     static /home/achim/proj/rocrail/rocrail-hardware/cbus/cangc1e/TCPIP Stack/TCP.c
                  __pa_19   0x00873e    program     static /home/achim/proj/rocrail/rocrail-hardware/cbus/cangc1e/TCPIP Stack/DHCP.c
                  __pa_19   0x007e1c    program     static /home/achim/proj/rocrail/rocrail-hardware/cbus/cangc1e/gcaeth.c
                 __pa_190   0x00458e    program     static /home/achim/proj/rocrail/rocrail-hardware/cbus/cangc1e/TCPIP Stack/TCP.c
                 __pa_191   0x004598    program     static /home/achim/proj/rocrail/rocrail-hardware/cbus/cangc1e/TCPIP Stack/TCP.c
                 __pa_192   0x0045a2    program     static /home/achim/proj/rocrail/rocrail-hardware/cbus/cangc1e/TCPIP Stack/TCP.c
                 __pa_193   0x0045c4    program     static /home/achim/proj/rocrail/rocrail-hardware/cbus/cangc1e/TCPIP Stack/TCP.c
                 __pa_194   0x0045ce    program     static /home/achim/proj/rocrail/rocrail-hardware/cbus/cangc1e/TCPIP Stack/TCP.c
                 __pa_195   0x0045d8    program     static /home/achim/proj/rocrail/rocrail-hardware/cbus/cangc1e/TCPIP Stack/TCP.c
                 __pa_196   0x0045f2    program     static /home/achim/proj/rocrail/rocrail-hardware/cbus/cangc1e/TCPIP Stack/TCP.c
                 __pa_197   0x0045fe    program     static /home/achim/proj/rocrail/rocrail-hardware/cbus/cangc1e/TCPIP Stack/TCP.c
                 __pa_198   0x004616    program     static /home/achim/proj/rocrail/rocrail-hardware/cbus/cangc1e/TCPIP Stack/TCP.c
                 __pa_199   0x004620    program     static /home/achim/proj/rocrail/rocrail-hardware/cbus/cangc1e/TCPIP Stack/TCP.c
                   __pa_2   0x003a08    program     static /home/achim/proj/rocrail/rocrail-hardware/cbus/cangc1e/TCPIP Stack/TCP.c
                   __pa_2   0x009d92    program     static /home/achim/proj/rocrail/rocrail-hardware/cbus/cangc1e/eth.c
                   __pa_2   0x009940    program     static /home/achim/proj/rocrail/rocrail-hardware/cbus/cangc1e/TCPIP Stack/StackTsk.c
                   __pa_2   0x009fba    program     static /home/achim/proj/rocrail/rocrail-hardware/cbus/cangc1e/TCPIP Stack/Tick.c
                   __pa_2   0x005abc    program     static /home/achim/proj/rocrail/rocrail-hardware/cbus/cangc1e/TCPIP Stack/ENC28J60.c
                   __pa_2   0x00745a    program     static /home/achim/proj/rocrail/rocrail-hardware/cbus/cangc1e/TCPIP Stack/UDP.c
                   __pa_2   0x00934e    program     static /home/achim/proj/rocrail/rocrail-hardware/cbus/cangc1e/TCPIP Stack/ICMP.c
                   __pa_2   0x009ea2    program     static /home/achim/proj/rocrail/rocrail-hardware/cbus/cangc1e/io.c
                   __pa_2   0x000e48    program     static /home/achim/proj/rocrail/rocrail-hardware/cbus/cangc1e/utils.c
                   __pa_2   0x008f9a    program     static /home/achim/proj/rocrail/rocrail-hardware/cbus/cangc1e/canbus.c
                   __pa_2   0x00967e    program     static /home/achim/proj/rocrail/rocrail-hardware/cbus/cangc1e/TCPIP Stack/IP.c
                   __pa_2   0x0068dc    program     static /home/achim/proj/rocrail/rocrail-hardware/cbus/cangc1e/TCPIP Stack/Helpers.c
                   __pa_2   0x008604    program     static /home/achim/proj/rocrail/rocrail-hardware/cbus/cangc1e/TCPIP Stack/DHCP.c
                   __pa_2   0x008bfe    program     static /home/achim/proj/rocrail/rocrail-hardware/cbus/cangc1e/TCPIP Stack/ARP.c
                   __pa_2   0x007d6a    program     static /home/achim/proj/rocrail/rocrail-hardware/cbus/cangc1e/gcaeth.c
                  __pa_20   0x00875e    program     static /home/achim/proj/rocrail/rocrail-hardware/cbus/cangc1e/TCPIP Stack/DHCP.c
                  __pa_20   0x005bc0    program     static /home/achim/proj/rocrail/rocrail-hardware/cbus/cangc1e/TCPIP Stack/ENC28J60.c
                  __pa_20   0x006a14    program     static /home/achim/proj/rocrail/rocrail-hardware/cbus/cangc1e/TCPIP Stack/Helpers.c
                  __pa_20   0x007554    program     static /home/achim/proj/rocrail/rocrail-hardware/cbus/cangc1e/TCPIP Stack/UDP.c
                  __pa_20   0x009076    program     static /home/achim/proj/rocrail/rocrail-hardware/cbus/cangc1e/canbus.c
                  __pa_20   0x007e24    program     static /home/achim/proj/rocrail/rocrail-hardware/cbus/cangc1e/gcaeth.c
                  __pa_20   0x003c06    program     static /home/achim/proj/rocrail/rocrail-hardware/cbus/cangc1e/TCPIP Stack/TCP.c
                 __pa_200   0x00462e    program     static /home/achim/proj/rocrail/rocrail-hardware/cbus/cangc1e/TCPIP Stack/TCP.c
                 __pa_201   0x00463c    program     static /home/achim/proj/rocrail/rocrail-hardware/cbus/cangc1e/TCPIP Stack/TCP.c
                 __pa_202   0x004648    program     static /home/achim/proj/rocrail/rocrail-hardware/cbus/cangc1e/TCPIP Stack/TCP.c
                 __pa_203   0x004650    program     static /home/achim/proj/rocrail/rocrail-hardware/cbus/cangc1e/TCPIP Stack/TCP.c
                 __pa_204   0x004658    program     static /home/achim/proj/rocrail/rocrail-hardware/cbus/cangc1e/TCPIP Stack/TCP.c
                 __pa_205   0x004662    program     static /home/achim/proj/rocrail/rocrail-hardware/cbus/cangc1e/TCPIP Stack/TCP.c
                 __pa_206   0x004674    program     static /home/achim/proj/rocrail/rocrail-hardware/cbus/cangc1e/TCPIP Stack/TCP.c
                 __pa_207   0x004694    program     static /home/achim/proj/rocrail/rocrail-hardware/cbus/cangc1e/TCPIP Stack/TCP.c
                 __pa_208   0x00469c    program     static /home/achim/proj/rocrail/rocrail-hardware/cbus/cangc1e/TCPIP Stack/TCP.c
                 __pa_209   0x0046a4    program     static /home/achim/proj/rocrail/rocrail-hardware/cbus/cangc1e/TCPIP Stack/TCP.c
                  __pa_21   0x003c10    program     static /home/achim/proj/rocrail/rocrail-hardware/cbus/cangc1e/TCPIP Stack/TCP.c
                  __pa_21   0x008764    program     static /home/achim/proj/rocrail/rocrail-hardware/cbus/cangc1e/TCPIP Stack/DHCP.c
                  __pa_21   0x005bc8    program     static /home/achim/proj/rocrail/rocrail-hardware/cbus/cangc1e/TCPIP Stack/ENC28J60.c
                  __pa_21   0x006a22    program     static /home/achim/proj/rocrail/rocrail-hardware/cbus/cangc1e/TCPIP Stack/Helpers.c
                  __pa_21   0x00755e    program     static /home/achim/proj/rocrail/rocrail-hardware/cbus/cangc1e/TCPIP Stack/UDP.c
                  __pa_21   0x00907c    program     static /home/achim/proj/rocrail/rocrail-hardware/cbus/cangc1e/canbus.c
                  __pa_21   0x007e2a    program     static /home/achim/proj/rocrail/rocrail-hardware/cbus/cangc1e/gcaeth.c
                 __pa_210   0x0046b4    program     static /home/achim/proj/rocrail/rocrail-hardware/cbus/cangc1e/TCPIP Stack/TCP.c
                 __pa_211   0x0046c2    program     static /home/achim/proj/rocrail/rocrail-hardware/cbus/cangc1e/TCPIP Stack/TCP.c
                 __pa_212   0x0046d0    program     static /home/achim/proj/rocrail/rocrail-hardware/cbus/cangc1e/TCPIP Stack/TCP.c
                 __pa_213   0x0046de    program     static /home/achim/proj/rocrail/rocrail-hardware/cbus/cangc1e/TCPIP Stack/TCP.c
                 __pa_214   0x0046ec    program     static /home/achim/proj/rocrail/rocrail-hardware/cbus/cangc1e/TCPIP Stack/TCP.c
                 __pa_215   0x0046f6    program     static /home/achim/proj/rocrail/rocrail-hardware/cbus/cangc1e/TCPIP Stack/TCP.c
                 __pa_216   0x0046fe    program     static /home/achim/proj/rocrail/rocrail-hardware/cbus/cangc1e/TCPIP Stack/TCP.c
[...]
               RXB0D7bits   0x000f6d       data     extern C:\MCC18\v3_39\src\traditional\proc\p18F2585.asm
                  CANSTAT   0x000f6e       data     extern C:\MCC18\v3_39\src\traditional\proc\p18F2585.asm
              CANSTATbits   0x000f6e       data     extern C:\MCC18\v3_39\src\traditional\proc\p18F2585.asm
                   CANCON   0x000f6f       data     extern C:\MCC18\v3_39\src\traditional\proc\p18F2585.asm
               CANCONbits   0x000f6f       data     extern C:\MCC18\v3_39\src\traditional\proc\p18F2585.asm
              BRGCON1bits   0x000f70       data     extern C:\MCC18\v3_39\src\traditional\proc\p18F2585.asm
                  BRGCON1   0x000f70       data     extern C:\MCC18\v3_39\src\traditional\proc\p18F2585.asm
              BRGCON2bits   0x000f71       data     extern C:\MCC18\v3_39\src\traditional\proc\p18F2585.asm
                  BRGCON2   0x000f71       data     extern C:\MCC18\v3_39\src\traditional\proc\p18F2585.asm
              BRGCON3bits   0x000f72       data     extern C:\MCC18\v3_39\src\traditional\proc\p18F2585.asm
                  BRGCON3   0x000f72       data     extern C:\MCC18\v3_39\src\traditional\proc\p18F2585.asm
               CIOCONbits   0x000f73       data     extern C:\MCC18\v3_39\src\traditional\proc\p18F2585.asm
                   CIOCON   0x000f73       data     extern C:\MCC18\v3_39\src\traditional\proc\p18F2585.asm
                  COMSTAT   0x000f74       data     extern C:\MCC18\v3_39\src\traditional\proc\p18F2585.asm
              COMSTATbits   0x000f74       data     extern C:\MCC18\v3_39\src\traditional\proc\p18F2585.asm
                 RXERRCNT   0x000f75       data     extern C:\MCC18\v3_39\src\traditional\proc\p18F2585.asm
             RXERRCNTbits   0x000f75       data     extern C:\MCC18\v3_39\src\traditional\proc\p18F2585.asm
                 TXERRCNT   0x000f76       data     extern C:\MCC18\v3_39\src\traditional\proc\p18F2585.asm
             TXERRCNTbits   0x000f76       data     extern C:\MCC18\v3_39\src\traditional\proc\p18F2585.asm
                  ECANCON   0x000f77       data     extern C:\MCC18\v3_39\src\traditional\proc\p18F2585.asm
              ECANCONbits   0x000f77       data     extern C:\MCC18\v3_39\src\traditional\proc\p18F2585.asm
                PORTAbits   0x000f80       data     extern C:\MCC18\v3_39\src\traditional\proc\p18F2585.asm
                    PORTA   0x000f80       data     extern C:\MCC18\v3_39\src\traditional\proc\p18F2585.asm
                PORTBbits   0x000f81       data     extern C:\MCC18\v3_39\src\traditional\proc\p18F2585.asm
                    PORTB   0x000f81       data     extern C:\MCC18\v3_39\src\traditional\proc\p18F2585.asm
                    PORTC   0x000f82       data     extern C:\MCC18\v3_39\src\traditional\proc\p18F2585.asm
                PORTCbits   0x000f82       data     extern C:\MCC18\v3_39\src\traditional\proc\p18F2585.asm
                    PORTE   0x000f84       data     extern C:\MCC18\v3_39\src\traditional\proc\p18F2585.asm
                PORTEbits   0x000f84       data     extern C:\MCC18\v3_39\src\traditional\proc\p18F2585.asm
                 LATAbits   0x000f89       data     extern C:\MCC18\v3_39\src\traditional\proc\p18F2585.asm
                     LATA   0x000f89       data     extern C:\MCC18\v3_39\src\traditional\proc\p18F2585.asm
                     LATB   0x000f8a       data     extern C:\MCC18\v3_39\src\traditional\proc\p18F2585.asm
                 LATBbits   0x000f8a       data     extern C:\MCC18\v3_39\src\traditional\proc\p18F2585.asm
                     LATC   0x000f8b       data     extern C:\MCC18\v3_39\src\traditional\proc\p18F2585.asm
                 LATCbits   0x000f8b       data     extern C:\MCC18\v3_39\src\traditional\proc\p18F2585.asm
                     DDRA   0x000f92       data     extern C:\MCC18\v3_39\src\traditional\proc\p18F2585.asm
                 DDRAbits   0x000f92       data     extern C:\MCC18\v3_39\src\traditional\proc\p18F2585.asm
                TRISAbits   0x000f92       data     extern C:\MCC18\v3_39\src\traditional\proc\p18F2585.asm
                    TRISA   0x000f92       data     extern C:\MCC18\v3_39\src\traditional\proc\p18F2585.asm
                 DDRBbits   0x000f93       data     extern C:\MCC18\v3_39\src\traditional\proc\p18F2585.asm
                     DDRB   0x000f93       data     extern C:\MCC18\v3_39\src\traditional\proc\p18F2585.asm
                TRISBbits   0x000f93       data     extern C:\MCC18\v3_39\src\traditional\proc\p18F2585.asm
                    TRISB   0x000f93       data     extern C:\MCC18\v3_39\src\traditional\proc\p18F2585.asm
                TRISCbits   0x000f94       data     extern C:\MCC18\v3_39\src\traditional\proc\p18F2585.asm
                    TRISC   0x000f94       data     extern C:\MCC18\v3_39\src\traditional\proc\p18F2585.asm
                     DDRC   0x000f94       data     extern C:\MCC18\v3_39\src\traditional\proc\p18F2585.asm
                 DDRCbits   0x000f94       data     extern C:\MCC18\v3_39\src\traditional\proc\p18F2585.asm
                  OSCTUNE   0x000f9b       data     extern C:\MCC18\v3_39\src\traditional\proc\p18F2585.asm
              OSCTUNEbits   0x000f9b       data     extern C:\MCC18\v3_39\src\traditional\proc\p18F2585.asm
                 PIE1bits   0x000f9d       data     extern C:\MCC18\v3_39\src\traditional\proc\p18F2585.asm
                     PIE1   0x000f9d       data     extern C:\MCC18\v3_39\src\traditional\proc\p18F2585.asm
                     PIR1   0x000f9e       data     extern C:\MCC18\v3_39\src\traditional\proc\p18F2585.asm
                 PIR1bits   0x000f9e       data     extern C:\MCC18\v3_39\src\traditional\proc\p18F2585.asm
                 IPR1bits   0x000f9f       data     extern C:\MCC18\v3_39\src\traditional\proc\p18F2585.asm
                     IPR1   0x000f9f       data     extern C:\MCC18\v3_39\src\traditional\proc\p18F2585.asm
                 PIE2bits   0x000fa0       data     extern C:\MCC18\v3_39\src\traditional\proc\p18F2585.asm
                     PIE2   0x000fa0       data     extern C:\MCC18\v3_39\src\traditional\proc\p18F2585.asm
                     PIR2   0x000fa1       data     extern C:\MCC18\v3_39\src\traditional\proc\p18F2585.asm
                 PIR2bits   0x000fa1       data     extern C:\MCC18\v3_39\src\traditional\proc\p18F2585.asm
                     IPR2   0x000fa2       data     extern C:\MCC18\v3_39\src\traditional\proc\p18F2585.asm
                 IPR2bits   0x000fa2       data     extern C:\MCC18\v3_39\src\traditional\proc\p18F2585.asm
                     PIE3   0x000fa3       data     extern C:\MCC18\v3_39\src\traditional\proc\p18F2585.asm
                 PIE3bits   0x000fa3       data     extern C:\MCC18\v3_39\src\traditional\proc\p18F2585.asm
                     PIR3   0x000fa4       data     extern C:\MCC18\v3_39\src\traditional\proc\p18F2585.asm
                 PIR3bits   0x000fa4       data     extern C:\MCC18\v3_39\src\traditional\proc\p18F2585.asm
                 IPR3bits   0x000fa5       data     extern C:\MCC18\v3_39\src\traditional\proc\p18F2585.asm
                     IPR3   0x000fa5       data     extern C:\MCC18\v3_39\src\traditional\proc\p18F2585.asm
               EECON1bits   0x000fa6       data     extern C:\MCC18\v3_39\src\traditional\proc\p18F2585.asm
                   EECON1   0x000fa6       data     extern C:\MCC18\v3_39\src\traditional\proc\p18F2585.asm
                   EECON2   0x000fa7       data     extern C:\MCC18\v3_39\src\traditional\proc\p18F2585.asm
                   EEDATA   0x000fa8       data     extern C:\MCC18\v3_39\src\traditional\proc\p18F2585.asm
                    EEADR   0x000fa9       data     extern C:\MCC18\v3_39\src\traditional\proc\p18F2585.asm
                   EEADRH   0x000faa       data     extern C:\MCC18\v3_39\src\traditional\proc\p18F2585.asm
                RCSTAbits   0x000fab       data     extern C:\MCC18\v3_39\src\traditional\proc\p18F2585.asm
                    RCSTA   0x000fab       data     extern C:\MCC18\v3_39\src\traditional\proc\p18F2585.asm
                    TXSTA   0x000fac       data     extern C:\MCC18\v3_39\src\traditional\proc\p18F2585.asm
                TXSTAbits   0x000fac       data     extern C:\MCC18\v3_39\src\traditional\proc\p18F2585.asm
                    TXREG   0x000fad       data     extern C:\MCC18\v3_39\src\traditional\proc\p18F2585.asm
                    RCREG   0x000fae       data     extern C:\MCC18\v3_39\src\traditional\proc\p18F2585.asm
                    SPBRG   0x000faf       data     extern C:\MCC18\v3_39\src\traditional\proc\p18F2585.asm
                   SPBRGH   0x000fb0       data     extern C:\MCC18\v3_39\src\traditional\proc\p18F2585.asm
                T3CONbits   0x000fb1       data     extern C:\MCC18\v3_39\src\traditional\proc\p18F2585.asm
                    T3CON   0x000fb1       data     extern C:\MCC18\v3_39\src\traditional\proc\p18F2585.asm
                    TMR3L   0x000fb2       data     extern C:\MCC18\v3_39\src\traditional\proc\p18F2585.asm
                    TMR3H   0x000fb3       data     extern C:\MCC18\v3_39\src\traditional\proc\p18F2585.asm
                  BAUDCON   0x000fb8       data     extern C:\MCC18\v3_39\src\traditional\proc\p18F2585.asm
              BAUDCONbits   0x000fb8       data     extern C:\MCC18\v3_39\src\traditional\proc\p18F2585.asm
                  BAUDCTL   0x000fb8       data     extern C:\MCC18\v3_39\src\traditional\proc\p18F2585.asm
              BAUDCTLbits   0x000fb8       data     extern C:\MCC18\v3_39\src\traditional\proc\p18F2585.asm
              CCP1CONbits   0x000fbd       data     extern C:\MCC18\v3_39\src\traditional\proc\p18F2585.asm
                  CCP1CON   0x000fbd       data     extern C:\MCC18\v3_39\src\traditional\proc\p18F2585.asm
                    CCPR1   0x000fbe       data     extern C:\MCC18\v3_39\src\traditional\proc\p18F2585.asm
                   CCPR1L   0x000fbe       data     extern C:\MCC18\v3_39\src\traditional\proc\p18F2585.asm
                   CCPR1H   0x000fbf       data     extern C:\MCC18\v3_39\src\traditional\proc\p18F2585.asm
               ADCON2bits   0x000fc0       data     extern C:\MCC18\v3_39\src\traditional\proc\p18F2585.asm
                   ADCON2   0x000fc0       data     extern C:\MCC18\v3_39\src\traditional\proc\p18F2585.asm
               ADCON1bits   0x000fc1       data     extern C:\MCC18\v3_39\src\traditional\proc\p18F2585.asm
                   ADCON1   0x000fc1       data     extern C:\MCC18\v3_39\src\traditional\proc\p18F2585.asm
                   ADCON0   0x000fc2       data     extern C:\MCC18\v3_39\src\traditional\proc\p18F2585.asm
               ADCON0bits   0x000fc2       data     extern C:\MCC18\v3_39\src\traditional\proc\p18F2585.asm
                    ADRES   0x000fc3       data     extern C:\MCC18\v3_39\src\traditional\proc\p18F2585.asm
                   ADRESL   0x000fc3       data     extern C:\MCC18\v3_39\src\traditional\proc\p18F2585.asm
                   ADRESH   0x000fc4       data     extern C:\MCC18\v3_39\src\traditional\proc\p18F2585.asm
              SSPCON2bits   0x000fc5       data     extern C:\MCC18\v3_39\src\traditional\proc\p18F2585.asm
                  SSPCON2   0x000fc5       data     extern C:\MCC18\v3_39\src\traditional\proc\p18F2585.asm
                  SSPCON1   0x000fc6       data     extern C:\MCC18\v3_39\src\traditional\proc\p18F2585.asm
              SSPCON1bits   0x000fc6       data     extern C:\MCC18\v3_39\src\traditional\proc\p18F2585.asm
                  SSPSTAT   0x000fc7       data     extern C:\MCC18\v3_39\src\traditional\proc\p18F2585.asm
              SSPSTATbits   0x000fc7       data     extern C:\MCC18\v3_39\src\traditional\proc\p18F2585.asm
                   SSPADD   0x000fc8       data     extern C:\MCC18\v3_39\src\traditional\proc\p18F2585.asm
                   SSPBUF   0x000fc9       data     extern C:\MCC18\v3_39\src\traditional\proc\p18F2585.asm
                T2CONbits   0x000fca       data     extern C:\MCC18\v3_39\src\traditional\proc\p18F2585.asm
                    T2CON   0x000fca       data     extern C:\MCC18\v3_39\src\traditional\proc\p18F2585.asm
                      PR2   0x000fcb       data     extern C:\MCC18\v3_39\src\traditional\proc\p18F2585.asm
                     TMR2   0x000fcc       data     extern C:\MCC18\v3_39\src\traditional\proc\p18F2585.asm
                T1CONbits   0x000fcd       data     extern C:\MCC18\v3_39\src\traditional\proc\p18F2585.asm
                    T1CON   0x000fcd       data     extern C:\MCC18\v3_39\src\traditional\proc\p18F2585.asm
                    TMR1L   0x000fce       data     extern C:\MCC18\v3_39\src\traditional\proc\p18F2585.asm
                    TMR1H   0x000fcf       data     extern C:\MCC18\v3_39\src\traditional\proc\p18F2585.asm
                     RCON   0x000fd0       data     extern C:\MCC18\v3_39\src\traditional\proc\p18F2585.asm
                 RCONbits   0x000fd0       data     extern C:\MCC18\v3_39\src\traditional\proc\p18F2585.asm
                   WDTCON   0x000fd1       data     extern C:\MCC18\v3_39\src\traditional\proc\p18F2585.asm
               WDTCONbits   0x000fd1       data     extern C:\MCC18\v3_39\src\traditional\proc\p18F2585.asm
              HLVDCONbits   0x000fd2       data     extern C:\MCC18\v3_39\src\traditional\proc\p18F2585.asm
                  HLVDCON   0x000fd2       data     extern C:\MCC18\v3_39\src\traditional\proc\p18F2585.asm
                   LVDCON   0x000fd2       data     extern C:\MCC18\v3_39\src\traditional\proc\p18F2585.asm
               LVDCONbits   0x000fd2       data     extern C:\MCC18\v3_39\src\traditional\proc\p18F2585.asm
               OSCCONbits   0x000fd3       data     extern C:\MCC18\v3_39\src\traditional\proc\p18F2585.asm
                   OSCCON   0x000fd3       data     extern C:\MCC18\v3_39\src\traditional\proc\p18F2585.asm
                T0CONbits   0x000fd5       data     extern C:\MCC18\v3_39\src\traditional\proc\p18F2585.asm
                    T0CON   0x000fd5       data     extern C:\MCC18\v3_39\src\traditional\proc\p18F2585.asm
                    TMR0L   0x000fd6       data     extern C:\MCC18\v3_39\src\traditional\proc\p18F2585.asm
                    TMR0H   0x000fd7       data     extern C:\MCC18\v3_39\src\traditional\proc\p18F2585.asm
               STATUSbits   0x000fd8       data     extern C:\MCC18\v3_39\src\traditional\proc\p18F2585.asm
                   STATUS   0x000fd8       data     extern C:\MCC18\v3_39\src\traditional\proc\p18F2585.asm
                     FSR2   0x000fd9       data     extern C:\MCC18\v3_39\src\traditional\proc\p18F2585.asm
                    FSR2L   0x000fd9       data     extern C:\MCC18\v3_39\src\traditional\proc\p18F2585.asm
                    FSR2H   0x000fda       data     extern C:\MCC18\v3_39\src\traditional\proc\p18F2585.asm
                   PLUSW2   0x000fdb       data     extern C:\MCC18\v3_39\src\traditional\proc\p18F2585.asm
                  PREINC2   0x000fdc       data     extern C:\MCC18\v3_39\src\traditional\proc\p18F2585.asm
                 POSTDEC2   0x000fdd       data     extern C:\MCC18\v3_39\src\traditional\proc\p18F2585.asm
                 POSTINC2   0x000fde       data     extern C:\MCC18\v3_39\src\traditional\proc\p18F2585.asm
                    INDF2   0x000fdf       data     extern C:\MCC18\v3_39\src\traditional\proc\p18F2585.asm
                      BSR   0x000fe0       data     extern C:\MCC18\v3_39\src\traditional\proc\p18F2585.asm
                     FSR1   0x000fe1       data     extern C:\MCC18\v3_39\src\traditional\proc\p18F2585.asm
                    FSR1L   0x000fe1       data     extern C:\MCC18\v3_39\src\traditional\proc\p18F2585.asm
                    FSR1H   0x000fe2       data     extern C:\MCC18\v3_39\src\traditional\proc\p18F2585.asm
                   PLUSW1   0x000fe3       data     extern C:\MCC18\v3_39\src\traditional\proc\p18F2585.asm
                  PREINC1   0x000fe4       data     extern C:\MCC18\v3_39\src\traditional\proc\p18F2585.asm
                 POSTDEC1   0x000fe5       data     extern C:\MCC18\v3_39\src\traditional\proc\p18F2585.asm
                 POSTINC1   0x000fe6       data     extern C:\MCC18\v3_39\src\traditional\proc\p18F2585.asm
                    INDF1   0x000fe7       data     extern C:\MCC18\v3_39\src\traditional\proc\p18F2585.asm
                     WREG   0x000fe8       data     extern C:\MCC18\v3_39\src\traditional\proc\p18F2585.asm
                     FSR0   0x000fe9       data     extern C:\MCC18\v3_39\src\traditional\proc\p18F2585.asm
                    FSR0L   0x000fe9       data     extern C:\MCC18\v3_39\src\traditional\proc\p18F2585.asm
                    FSR0H   0x000fea       data     extern C:\MCC18\v3_39\src\traditional\proc\p18F2585.asm
                   PLUSW0   0x000feb       data     extern C:\MCC18\v3_39\src\traditional\proc\p18F2585.asm
                  PREINC0   0x000fec       data     extern C:\MCC18\v3_39\src\traditional\proc\p18F2585.asm
                 POSTDEC0   0x000fed       data     extern C:\MCC18\v3_39\src\traditional\proc\p18F2585.asm
                 POSTINC0   0x000fee       data     extern C:\MCC18\v3_39\src\traditional\proc\p18F2585.asm
                    INDF0   0x000fef       data     extern C:\MCC18\v3_39\src\traditional\proc\p18F2585.asm
                  INTCON3   0x000ff0       data     extern C:\MCC18\v3_39\src\traditional\proc\p18F2585.asm
              INTCON3bits   0x000ff0       data     extern C:\MCC18\v3_39\src\traditional\proc\p18F2585.asm
              INTCON2bits   0x000ff1       data     extern C:\MCC18\v3_39\src\traditional\proc\p18F2585.asm
                  INTCON2   0x000ff1       data     extern C:\MCC18\v3_39\src\traditional\proc\p18F2585.asm
               INTCONbits   0x000ff2       data     extern C:\MCC18\v3_39\src\traditional\proc\p18F2585.asm
                   INTCON   0x000ff2       data     extern C:\MCC18\v3_39\src\traditional\proc\p18F2585.asm
                     PROD   0x000ff3       data     extern C:\MCC18\v3_39\src\traditional\proc\p18F2585.asm
                    PRODL   0x000ff3       data     extern C:\MCC18\v3_39\src\traditional\proc\p18F2585.asm
                    PRODH   0x000ff4       data     extern C:\MCC18\v3_39\src\traditional\proc\p18F2585.asm
                   TABLAT   0x000ff5       data     extern C:\MCC18\v3_39\src\traditional\proc\p18F2585.asm
                   TBLPTR   0x000ff6       data     extern C:\MCC18\v3_39\src\traditional\proc\p18F2585.asm
                  TBLPTRL   0x000ff6       data     extern C:\MCC18\v3_39\src\traditional\proc\p18F2585.asm
                  TBLPTRH   0x000ff7       data     extern C:\MCC18\v3_39\src\traditional\proc\p18F2585.asm
                  TBLPTRU   0x000ff8       data     extern C:\MCC18\v3_39\src\traditional\proc\p18F2585.asm
                      PCL   0x000ff9       data     extern C:\MCC18\v3_39\src\traditional\proc\p18F2585.asm
                       PC   0x000ff9       data     extern C:\MCC18\v3_39\src\traditional\proc\p18F2585.asm
                   PCLATH   0x000ffa       data     extern C:\MCC18\v3_39\src\traditional\proc\p18F2585.asm
                   PCLATU   0x000ffb       data     extern C:\MCC18\v3_39\src\traditional\proc\p18F2585.asm
                   STKPTR   0x000ffc       data     extern C:\MCC18\v3_39\src\traditional\proc\p18F2585.asm
               STKPTRbits   0x000ffc       data     extern C:\MCC18\v3_39\src\traditional\proc\p18F2585.asm
                      TOS   0x000ffd       data     extern C:\MCC18\v3_39\src\traditional\proc\p18F2585.asm
                     TOSL   0x000ffd       data     extern C:\MCC18\v3_39\src\traditional\proc\p18F2585.asm
                     TOSH   0x000ffe       data     extern C:\MCC18\v3_39\src\traditional\proc\p18F2585.asm
                     TOSU   0x000fff       data     extern C:\MCC18\v3_39\src\traditional\proc\p18F2585.asm


