MPLINK 4.40, Linker
Linker Map File - Created Tue Oct 30 12:12:24 2012

                                 Section Info
                  Section       Type    Address   Location Size(Bytes)
                ---------  ---------  ---------  ---------  ---------
                   .org_0       code   0x000000    program   0x000004
                   .org_1       code   0x000008    program   0x000004
                   .org_2       code   0x000018    program   0x000004
                   .org_3       code   0x000020    program   0x0001da
               _entry_scn       code   0x000200    program   0x000008
              high_vector       code   0x000208    program   0x000006
               low_vector       code   0x000218    program   0x000006
                      APP       code   0x00022a    program   0x00096e
                   .cinit    romdata   0x000b98    program   0x000092
              .code_TCP.o       code   0x000c2a    program   0x003f06
         .code_ENC28J60.o       code   0x004b30    program   0x000ff4
          .code_Helpers.o       code   0x005b24    program   0x000cd0
              .code_UDP.o       code   0x0067f4    program   0x000c86
           .code_gcaeth.o       code   0x00747a    program   0x000864
             .code_DHCP.o       code   0x007cde    program   0x000816
              .code_ARP.o       code   0x0084f4    program   0x0004e0
           .code_canbus.o       code   0x0089d4    program   0x0003ee
             .code_ICMP.o       code   0x008dc2    program   0x000352
               .code_IP.o       code   0x009114    program   0x000310
         .code_StackTsk.o       code   0x009424    program   0x000274
                   STRING       code   0x009698    program   0x0001bc
              .code_isr.o       code   0x009854    program   0x000148
              .code_eth.o       code   0x00999c    program   0x000134
               .code_io.o       code   0x009ad0    program   0x000116
             .code_Tick.o       code   0x009be6    program   0x000114
               _cinit_scn       code   0x009cfa    program   0x00009e
         .code_fxd3232u.o       code   0x009d98    program   0x000048
                     PROG       code   0x009de0    program   0x00003c
         .code_fxd1616u.o       code   0x009e1c    program   0x00002c
               parameters    romdata   0x009e48    program   0x000020
              D1KTCYXCODE       code   0x009e68    program   0x000020
                    .code       code   0x009e88    program   0x000020
           .romdata_TCP.o    romdata   0x009ea8    program   0x000018
           .code___init.o       code   0x009ec0    program   0x000002
      .romdata_fxd3232u.o    romdata   0x009ec2    program   0x000000
      .romdata_StackTsk.o    romdata   0x009ec2    program   0x000000
           .romdata_eth.o    romdata   0x009ec2    program   0x000000
       .romdata_Helpers.o    romdata   0x009ec2    program   0x000000
            .romdata_IP.o    romdata   0x009ec2    program   0x000000
        .romdata___init.o    romdata   0x009ec2    program   0x000000
        .romdata_canbus.o    romdata   0x009ec2    program   0x000000
        .romdata_gcaeth.o    romdata   0x009ec2    program   0x000000
       .romdata_cangc1e.o    romdata   0x009ec2    program   0x000000
           .romdata_UDP.o    romdata   0x009ec2    program   0x000000
           .romdata_isr.o    romdata   0x009ec2    program   0x000000
           .idata_isr.o_i    romdata   0x009ec2    program   0x000000
         .idata_utils.o_i    romdata   0x009ec2    program   0x000000
         .romdata_utils.o    romdata   0x009ec2    program   0x000000
            .romdata_io.o    romdata   0x009ec2    program   0x000000
            .idata_io.o_i    romdata   0x009ec2    program   0x000001
           .romdata_ARP.o    romdata   0x009ec2    program   0x000000
      .romdata_commands.o    romdata   0x009ec2    program   0x000000
      .romdata_ENC28J60.o    romdata   0x009ec2    program   0x000000
         .romdata_c018i.o    romdata   0x009ec2    program   0x000000
          .romdata_ICMP.o    romdata   0x009ec2    program   0x000000
      .romdata_fxd1616u.o    romdata   0x009ec2    program   0x000000
          .romdata_DHCP.o    romdata   0x009ec2    program   0x000000
          .romdata_Tick.o    romdata   0x009ec2    program   0x000000
        .idata_gcaeth.o_i    romdata   0x009ec3    program   0x000028
           .idata_eth.o_i    romdata   0x009eeb    program   0x000000
      .idata_fxd1616u.o_i    romdata   0x009eeb    program   0x000000
      .idata_fxd3232u.o_i    romdata   0x009eeb    program   0x000000
       .idata_cangc1e.o_i    romdata   0x009eeb    program   0x000000
        .idata_canbus.o_i    romdata   0x009eeb    program   0x000004
      .idata_commands.o_i    romdata   0x009eeb    program   0x000000
        .idata___init.o_i    romdata   0x009eef    program   0x000000
         .idata_c018i.o_i    romdata   0x009eef    program   0x000000
           .idata_UDP.o_i    romdata   0x009eef    program   0x000002
          .idata_Tick.o_i    romdata   0x009ef1    program   0x000004
           .idata_TCP.o_i    romdata   0x009ef5    program   0x000002
      .idata_StackTsk.o_i    romdata   0x009ef7    program   0x000002
            .idata_IP.o_i    romdata   0x009ef9    program   0x000002
          .idata_ICMP.o_i    romdata   0x009efb    program   0x000001
       .idata_Helpers.o_i    romdata   0x009efc    program   0x000004
          .idata_DHCP.o_i    romdata   0x009f00    program   0x000001
      .idata_ENC28J60.o_i    romdata   0x009f00    program   0x000000
           .idata_ARP.o_i    romdata   0x009f01    program   0x000001
         .code_commands.o       code   0x009f02    program   0x000000
            .code_utils.o       code   0x009f02    program   0x000000
          .code_cangc1e.o       code   0x009f02    program   0x000000
            .code_c018i.o       code   0x009f02    program   0x000000
 .config_300001_cangc1e.o    romdata   0x300001    program   0x000001
 .config_300002_cangc1e.o    romdata   0x300002    program   0x000001
 .config_300003_cangc1e.o    romdata   0x300003    program   0x000001
 .config_300005_cangc1e.o    romdata   0x300005    program   0x000001
 .config_300006_cangc1e.o    romdata   0x300006    program   0x000001
 .config_300008_cangc1e.o    romdata   0x300008    program   0x000001
 .config_300009_cangc1e.o    romdata   0x300009    program   0x000001
 .config_30000a_cangc1e.o    romdata   0x30000a    program   0x000001
 .config_30000b_cangc1e.o    romdata   0x30000b    program   0x000001
 .config_30000c_cangc1e.o    romdata   0x30000c    program   0x000001
 .config_30000d_cangc1e.o    romdata   0x30000d    program   0x000001
                 BOOTFLAG    romdata   0xf003ff    program   0x000001
                MATH_DATA      udata   0x000000       data   0x000014
                 .tmpdata      udata   0x000014       data   0x00000e
             isr_high_tmp      udata   0x000022       data   0x000002
                DELAYDAT1      udata   0x000024       data   0x000001
                 TCB_uRAM      udata   0x000060       data   0x000070
          .idata_gcaeth.o      idata   0x0000d0       data   0x000028
          .udata_gcaeth.o      udata   0x0000f8       data   0x000008
              VARS_FIFO_1      udata   0x000100       data   0x0000fc
         .udata_Helpers.o      udata   0x0001fc       data   0x000004
              VARS_FIFO_0      udata   0x000200       data   0x0000fc
          .idata_canbus.o      idata   0x0002fc       data   0x000004
             .udata_UDP.o      udata   0x000300       data   0x0000c4
       SYN_QUEUE_RAM_SECT      udata   0x0003c4       data   0x00003c
             .udata_TCP.o      udata   0x000400       data   0x000035
             .udata_eth.o      udata   0x000435       data   0x000033
            .udata_DHCP.o      udata   0x000468       data   0x00001c
             .udata_ARP.o      udata   0x000484       data   0x000014
         .udata_cangc1e.o      udata   0x000498       data   0x000011
            .udata_ICMP.o      udata   0x0004a9       data   0x000011
        .udata_StackTsk.o      udata   0x0004ba       data   0x00000b
           .udata_c018i.o      udata   0x0004c5       data   0x00000a
             .udata_isr.o      udata   0x0004cf       data   0x000007
            .udata_Tick.o      udata   0x0004d6       data   0x000006
        .udata_ENC28J60.o      udata   0x0004dc       data   0x000006
            .idata_Tick.o      idata   0x0004e2       data   0x000004
         .idata_Helpers.o      idata   0x0004e6       data   0x000004
             .idata_UDP.o      idata   0x0004ea       data   0x000002
             .idata_TCP.o      idata   0x0004ec       data   0x000002
        .idata_StackTsk.o      idata   0x0004ee       data   0x000002
              .idata_IP.o      idata   0x0004f0       data   0x000002
              .udata_IP.o      udata   0x0004f2       data   0x000001
              .idata_io.o      idata   0x0004f3       data   0x000001
            .idata_ICMP.o      idata   0x0004f4       data   0x000001
            .idata_DHCP.o      idata   0x0004f5       data   0x000001
             .idata_ARP.o      idata   0x0004f6       data   0x000001
             .idata_isr.o      idata   0x0004f7       data   0x000000
        .udata_fxd1616u.o      udata   0x0004f7       data   0x000000
        .idata_fxd1616u.o      idata   0x0004f7       data   0x000000
        .udata_fxd3232u.o      udata   0x0004f7       data   0x000000
        .idata_fxd3232u.o      idata   0x0004f7       data   0x000000
          .udata___init.o      udata   0x0004f7       data   0x000000
          .idata___init.o      idata   0x0004f7       data   0x000000
           .idata_c018i.o      idata   0x0004f7       data   0x000000
           .udata_utils.o      udata   0x0004f7       data   0x000000
             .idata_eth.o      idata   0x0004f7       data   0x000000
           .idata_utils.o      idata   0x0004f7       data   0x000000
        .idata_ENC28J60.o      idata   0x0004f7       data   0x000000
         .idata_cangc1e.o      idata   0x0004f7       data   0x000000
        .udata_commands.o      udata   0x0004f7       data   0x000000
        .idata_commands.o      idata   0x0004f7       data   0x000000
          .udata_canbus.o      udata   0x0004f7       data   0x000000
              .udata_io.o      udata   0x0004f7       data   0x000000
                   .stack      udata   0x000c00       data   0x000100
              SFR_BANKED0      udata   0x000d60       data   0x00000c
              SFR_BANKED1      udata   0x000d70       data   0x00000c
              SFR_BANKED2      udata   0x000d80       data   0x00000c
              SFR_BANKED3      udata   0x000d90       data   0x000004
              SFR_BANKED4      udata   0x000dd4       data   0x000002
              SFR_BANKED5      udata   0x000dd8       data   0x000001
              SFR_BANKED6      udata   0x000de0       data   0x000008
              SFR_BANKED7      udata   0x000df0       data   0x000004
              SFR_BANKED8      udata   0x000df8       data   0x000001
              SFR_BANKED9      udata   0x000dfa       data   0x000001
             SFR_BANKED10      udata   0x000dfc       data   0x000001
             SFR_BANKED11      udata   0x000e20       data   0x000060
             SFR_BANKED12      udata   0x000f00       data   0x000060
            SFR_UNBANKED0      udata   0x000f60       data   0x000018
            SFR_UNBANKED1      udata   0x000f80       data   0x000080



                              Program Memory Usage 
                               Start         End      
                           ---------   ---------      
                            0x000000    0x000003      
                            0x000008    0x00000b      
                            0x000018    0x00001b      
                            0x000020    0x0001f9      
                            0x000200    0x00020d      
                            0x000218    0x00021d      
                            0x00022a    0x009f01      
                            0x300001    0x300003      
                            0x300005    0x300006      
                            0x300008    0x30000d      
                            0xf003ff    0xf003ff      
            40670 out of 50200 program addresses used, program memory utilization is 81%



                              Symbols - Sorted by Name
                     Name    Address   Location    Storage File                     
                ---------  ---------  ---------  --------- ---------                
                  ARPInit   0x00861c    program     extern /home/achim/proj/rocrail/rocrail-hardware/cbus/cangc1e/TCPIP Stack/ARP.c
            ARPIsResolved   0x008848    program     extern /home/achim/proj/rocrail/rocrail-hardware/cbus/cangc1e/TCPIP Stack/ARP.c
               ARPProcess   0x008634    program     extern /home/achim/proj/rocrail/rocrail-hardware/cbus/cangc1e/TCPIP Stack/ARP.c
                   ARPPut   0x008564    program     static /home/achim/proj/rocrail/rocrail-hardware/cbus/cangc1e/TCPIP Stack/ARP.c
               ARPResolve   0x0087be    program     extern /home/achim/proj/rocrail/rocrail-hardware/cbus/cangc1e/TCPIP Stack/ARP.c
               ARPSendPkt   0x0084f4    program     extern /home/achim/proj/rocrail/rocrail-hardware/cbus/cangc1e/TCPIP Stack/ARP.c
                ASCII2Msg   0x0075ae    program     static /home/achim/proj/rocrail/rocrail-hardware/cbus/cangc1e/gcaeth.c
                   BFCReg   0x00572c    program     static /home/achim/proj/rocrail/rocrail-hardware/cbus/cangc1e/TCPIP Stack/ENC28J60.c
                   BFSReg   0x00573e    program     static /home/achim/proj/rocrail/rocrail-hardware/cbus/cangc1e/TCPIP Stack/ENC28J60.c
                  BankSel   0x005778    program     static /home/achim/proj/rocrail/rocrail-hardware/cbus/cangc1e/TCPIP Stack/ENC28J60.c
         CBusEthBroadcast   0x0079a2    program     extern /home/achim/proj/rocrail/rocrail-hardware/cbus/cangc1e/gcaeth.c
              CBusEthInit   0x007766    program     extern /home/achim/proj/rocrail/rocrail-hardware/cbus/cangc1e/gcaeth.c
           CBusEthProcess   0x00783e    program     static /home/achim/proj/rocrail/rocrail-hardware/cbus/cangc1e/gcaeth.c
            CBusEthServer   0x0077a8    program     extern /home/achim/proj/rocrail/rocrail-hardware/cbus/cangc1e/gcaeth.c
              CBusEthTick   0x007a46    program     extern /home/achim/proj/rocrail/rocrail-hardware/cbus/cangc1e/gcaeth.c
     CalcIPBufferChecksum   0x0051da    program     extern /home/achim/proj/rocrail/rocrail-hardware/cbus/cangc1e/TCPIP Stack/ENC28J60.c
           CalcIPChecksum   0x006270    program     extern /home/achim/proj/rocrail/rocrail-hardware/cbus/cangc1e/TCPIP Stack/Helpers.c
              CloseSocket   0x00275e    program     static /home/achim/proj/rocrail/rocrail-hardware/cbus/cangc1e/TCPIP Stack/TCP.c
                    D1K_1   0x009e74    program     static C:\MCC18\v3_39\src\traditional\delays\d1ktcyx.asm
                     D1Kx   0x009e72    program     static C:\MCC18\v3_39\src\traditional\delays\d1ktcyx.asm
              DHCPDisable   0x007d14    program     extern /home/achim/proj/rocrail/rocrail-hardware/cbus/cangc1e/TCPIP Stack/DHCP.c
               DHCPEnable   0x007d24    program     extern /home/achim/proj/rocrail/rocrail-hardware/cbus/cangc1e/TCPIP Stack/DHCP.c
                 DHCPInit   0x007cde    program     extern /home/achim/proj/rocrail/rocrail-hardware/cbus/cangc1e/TCPIP Stack/DHCP.c
              DHCPIsBound   0x007d48    program     extern /home/achim/proj/rocrail/rocrail-hardware/cbus/cangc1e/TCPIP Stack/DHCP.c
            DHCPIsEnabled   0x007d36    program     extern /home/achim/proj/rocrail/rocrail-hardware/cbus/cangc1e/TCPIP Stack/DHCP.c
     DHCPIsServerDetected   0x007d68    program     extern /home/achim/proj/rocrail/rocrail-hardware/cbus/cangc1e/TCPIP Stack/DHCP.c
         DHCPStateChanged   0x007d54    program     extern /home/achim/proj/rocrail/rocrail-hardware/cbus/cangc1e/TCPIP Stack/DHCP.c
                 DHCPTask   0x007d78    program     extern /home/achim/proj/rocrail/rocrail-hardware/cbus/cangc1e/TCPIP Stack/DHCP.c
              Delay1KTCYx   0x009e68    program     extern C:\MCC18\v3_39\src\traditional\delays\d1ktcyx.asm
                 FXD1616U   0x009e1c    program     extern C:\MCC18\v3_39\src\traditional\math\fxd1616u.c
                 FXD3232U   0x009d98    program     extern C:\MCC18\v3_39\src\traditional\math\fxd3232u.c
                 FXM1616U   0x009de0    program     extern C:\MCC18\v3_39\src\traditional\math\fxm1616u.asm
       FindMatchingSocket   0x007066    program     static /home/achim/proj/rocrail/rocrail-hardware/cbus/cangc1e/TCPIP Stack/UDP.c
       FindMatchingSocket   0x002498    program     static /home/achim/proj/rocrail/rocrail-hardware/cbus/cangc1e/TCPIP Stack/TCP.c
        FormatNetBIOSName   0x0063fa    program     extern /home/achim/proj/rocrail/rocrail-hardware/cbus/cangc1e/TCPIP Stack/Helpers.c
      GenerateRandomDWORD   0x005c3c    program     extern /home/achim/proj/rocrail/rocrail-hardware/cbus/cangc1e/TCPIP Stack/Helpers.c
                GetCLKOUT   0x0057be    program     extern /home/achim/proj/rocrail/rocrail-hardware/cbus/cangc1e/TCPIP Stack/ENC28J60.c
      GetMaxSegSizeOption   0x0027fc    program     static /home/achim/proj/rocrail/rocrail-hardware/cbus/cangc1e/TCPIP Stack/TCP.c
              GetTickCopy   0x009bf6    program     static /home/achim/proj/rocrail/rocrail-hardware/cbus/cangc1e/TCPIP Stack/Tick.c
            HIGH_INT_VECT   0x000208    program     extern /home/achim/proj/rocrail/rocrail-hardware/cbus/cangc1e/cangc1e.c
             HandleTCPSeg   0x0028e0    program     static /home/achim/proj/rocrail/rocrail-hardware/cbus/cangc1e/TCPIP Stack/TCP.c
           ICMPBeginUsage   0x00905e    program     extern /home/achim/proj/rocrail/rocrail-hardware/cbus/cangc1e/TCPIP Stack/ICMP.c
             ICMPEndUsage   0x009068    program     extern /home/achim/proj/rocrail/rocrail-hardware/cbus/cangc1e/TCPIP Stack/ICMP.c
             ICMPGetReply   0x008f24    program     extern /home/achim/proj/rocrail/rocrail-hardware/cbus/cangc1e/TCPIP Stack/ICMP.c
              ICMPProcess   0x008dc2    program     extern /home/achim/proj/rocrail/rocrail-hardware/cbus/cangc1e/TCPIP Stack/ICMP.c
             ICMPSendPing   0x008efc    program     extern /home/achim/proj/rocrail/rocrail-hardware/cbus/cangc1e/TCPIP Stack/ICMP.c
              IPGetHeader   0x009114    program     extern /home/achim/proj/rocrail/rocrail-hardware/cbus/cangc1e/TCPIP Stack/IP.c
              IPPutHeader   0x009248    program     extern /home/achim/proj/rocrail/rocrail-hardware/cbus/cangc1e/TCPIP Stack/IP.c
            IPSetRxBuffer   0x009342    program     extern /home/achim/proj/rocrail/rocrail-hardware/cbus/cangc1e/TCPIP Stack/IP.c
            InitAppConfig   0x0099aa    program     extern /home/achim/proj/rocrail/rocrail-hardware/cbus/cangc1e/eth.c
                 LFSRRand   0x005bbe    program     extern /home/achim/proj/rocrail/rocrail-hardware/cbus/cangc1e/TCPIP Stack/Helpers.c
             LFSRSeedRand   0x005b24    program     extern /home/achim/proj/rocrail/rocrail-hardware/cbus/cangc1e/TCPIP Stack/Helpers.c
             LOW_INT_VECT   0x000218    program     extern /home/achim/proj/rocrail/rocrail-hardware/cbus/cangc1e/cangc1e.c
        MACCalcRxChecksum   0x005198    program     extern /home/achim/proj/rocrail/rocrail-hardware/cbus/cangc1e/TCPIP Stack/ENC28J60.c
             MACDiscardRx   0x004cca    program     extern /home/achim/proj/rocrail/rocrail-hardware/cbus/cangc1e/TCPIP Stack/ENC28J60.c
                 MACFlush   0x00505c    program     extern /home/achim/proj/rocrail/rocrail-hardware/cbus/cangc1e/TCPIP Stack/ENC28J60.c
                   MACGet   0x005500    program     extern /home/achim/proj/rocrail/rocrail-hardware/cbus/cangc1e/TCPIP Stack/ENC28J60.c
              MACGetArray   0x00551a    program     extern /home/achim/proj/rocrail/rocrail-hardware/cbus/cangc1e/TCPIP Stack/ENC28J60.c
         MACGetFreeRxSize   0x004d2a    program     extern /home/achim/proj/rocrail/rocrail-hardware/cbus/cangc1e/TCPIP Stack/ENC28J60.c
             MACGetHeader   0x004e20    program     extern /home/achim/proj/rocrail/rocrail-hardware/cbus/cangc1e/TCPIP Stack/ENC28J60.c
                  MACInit   0x004b30    program     extern /home/achim/proj/rocrail/rocrail-hardware/cbus/cangc1e/TCPIP Stack/ENC28J60.c
              MACIsLinked   0x004ca8    program     extern /home/achim/proj/rocrail/rocrail-hardware/cbus/cangc1e/TCPIP Stack/ENC28J60.c
         MACIsMemCopyDone   0x0054f4    program     extern /home/achim/proj/rocrail/rocrail-hardware/cbus/cangc1e/TCPIP Stack/ENC28J60.c
             MACIsTxReady   0x004cbc    program     extern /home/achim/proj/rocrail/rocrail-hardware/cbus/cangc1e/TCPIP Stack/ENC28J60.c
          MACMemCopyAsync   0x005350    program     extern /home/achim/proj/rocrail/rocrail-hardware/cbus/cangc1e/TCPIP Stack/ENC28J60.c
             MACPowerDown   0x005784    program     extern /home/achim/proj/rocrail/rocrail-hardware/cbus/cangc1e/TCPIP Stack/ENC28J60.c
               MACPowerUp   0x00579e    program     extern /home/achim/proj/rocrail/rocrail-hardware/cbus/cangc1e/TCPIP Stack/ENC28J60.c
                   MACPut   0x0055a4    program     extern /home/achim/proj/rocrail/rocrail-hardware/cbus/cangc1e/TCPIP Stack/ENC28J60.c
              MACPutArray   0x0055b8    program     extern /home/achim/proj/rocrail/rocrail-hardware/cbus/cangc1e/TCPIP Stack/ENC28J60.c
             MACPutHeader   0x004fec    program     extern /home/achim/proj/rocrail/rocrail-hardware/cbus/cangc1e/TCPIP Stack/ENC28J60.c
           MACPutROMArray   0x0055e8    program     extern /home/achim/proj/rocrail/rocrail-hardware/cbus/cangc1e/TCPIP Stack/ENC28J60.c
            MACSetReadPtr   0x005178    program     extern /home/achim/proj/rocrail/rocrail-hardware/cbus/cangc1e/TCPIP Stack/ENC28J60.c
        MACSetReadPtrInRx   0x005138    program     extern /home/achim/proj/rocrail/rocrail-hardware/cbus/cangc1e/TCPIP Stack/ENC28J60.c
           MACSetWritePtr   0x005158    program     extern /home/achim/proj/rocrail/rocrail-hardware/cbus/cangc1e/TCPIP Stack/ENC28J60.c
               RESET_VECT   0x000200    program     extern /home/achim/proj/rocrail/rocrail-hardware/cbus/cangc1e/c018i.c
     ROMStringToIPAddress   0x005f14    program     extern /home/achim/proj/rocrail/rocrail-hardware/cbus/cangc1e/TCPIP Stack/Helpers.c
               ReadETHReg   0x0056a8    program     static /home/achim/proj/rocrail/rocrail-hardware/cbus/cangc1e/TCPIP Stack/ENC28J60.c
               ReadMACReg   0x0056ba    program     static /home/achim/proj/rocrail/rocrail-hardware/cbus/cangc1e/TCPIP Stack/ENC28J60.c
               ReadPHYReg   0x0056d4    program     extern /home/achim/proj/rocrail/rocrail-hardware/cbus/cangc1e/TCPIP Stack/ENC28J60.c
          SendSystemReset   0x005624    program     static /home/achim/proj/rocrail/rocrail-hardware/cbus/cangc1e/TCPIP Stack/ENC28J60.c
                  SendTCP   0x001f9a    program     static /home/achim/proj/rocrail/rocrail-hardware/cbus/cangc1e/TCPIP Stack/TCP.c
                SetCLKOUT   0x0057ac    program     extern /home/achim/proj/rocrail/rocrail-hardware/cbus/cangc1e/TCPIP Stack/ENC28J60.c
        StackApplications   0x00965a    program     extern /home/achim/proj/rocrail/rocrail-hardware/cbus/cangc1e/TCPIP Stack/StackTsk.c
                StackInit   0x009424    program     extern /home/achim/proj/rocrail/rocrail-hardware/cbus/cangc1e/TCPIP Stack/StackTsk.c
                StackTask   0x00948a    program     extern /home/achim/proj/rocrail/rocrail-hardware/cbus/cangc1e/TCPIP Stack/StackTsk.c
        StringToIPAddress   0x005e64    program     extern /home/achim/proj/rocrail/rocrail-hardware/cbus/cangc1e/TCPIP Stack/Helpers.c
            SwapARPPacket   0x0088ea    program     extern /home/achim/proj/rocrail/rocrail-hardware/cbus/cangc1e/TCPIP Stack/ARP.c
             SwapIPHeader   0x009370    program     static /home/achim/proj/rocrail/rocrail-hardware/cbus/cangc1e/TCPIP Stack/IP.c
            SwapTCPHeader   0x0026ea    program     static /home/achim/proj/rocrail/rocrail-hardware/cbus/cangc1e/TCPIP Stack/TCP.c
                  SyncTCB   0x000c2a    program     static /home/achim/proj/rocrail/rocrail-hardware/cbus/cangc1e/TCPIP Stack/TCP.c
        TCPAdjustFIFOSize   0x00343c    program     extern /home/achim/proj/rocrail/rocrail-hardware/cbus/cangc1e/TCPIP Stack/TCP.c
                 TCPClose   0x001024    program     extern /home/achim/proj/rocrail/rocrail-hardware/cbus/cangc1e/TCPIP Stack/TCP.c
               TCPDiscard   0x00139a    program     extern /home/achim/proj/rocrail/rocrail-hardware/cbus/cangc1e/TCPIP Stack/TCP.c
            TCPDisconnect   0x000f98    program     extern /home/achim/proj/rocrail/rocrail-hardware/cbus/cangc1e/TCPIP Stack/TCP.c
           TCPFindArrayEx   0x0016fa    program     extern /home/achim/proj/rocrail/rocrail-hardware/cbus/cangc1e/TCPIP Stack/TCP.c
                TCPFindEx   0x001a1a    program     extern /home/achim/proj/rocrail/rocrail-hardware/cbus/cangc1e/TCPIP Stack/TCP.c
        TCPFindROMArrayEx   0x00188a    program     extern /home/achim/proj/rocrail/rocrail-hardware/cbus/cangc1e/TCPIP Stack/TCP.c
                 TCPFlush   0x00107e    program     extern /home/achim/proj/rocrail/rocrail-hardware/cbus/cangc1e/TCPIP Stack/TCP.c
                   TCPGet   0x001410    program     extern /home/achim/proj/rocrail/rocrail-hardware/cbus/cangc1e/TCPIP Stack/TCP.c
              TCPGetArray   0x001484    program     extern /home/achim/proj/rocrail/rocrail-hardware/cbus/cangc1e/TCPIP Stack/TCP.c
         TCPGetRemoteInfo   0x001042    program     extern /home/achim/proj/rocrail/rocrail-hardware/cbus/cangc1e/TCPIP Stack/TCP.c
         TCPGetRxFIFOFree   0x001592    program     extern /home/achim/proj/rocrail/rocrail-hardware/cbus/cangc1e/TCPIP Stack/TCP.c
         TCPGetTxFIFOFull   0x001360    program     extern /home/achim/proj/rocrail/rocrail-hardware/cbus/cangc1e/TCPIP Stack/TCP.c
                  TCPInit   0x000c8c    program     extern /home/achim/proj/rocrail/rocrail-hardware/cbus/cangc1e/TCPIP Stack/TCP.c
           TCPIsConnected   0x000f7c    program     extern /home/achim/proj/rocrail/rocrail-hardware/cbus/cangc1e/TCPIP Stack/TCP.c
            TCPIsGetReady   0x0013b8    program     extern /home/achim/proj/rocrail/rocrail-hardware/cbus/cangc1e/TCPIP Stack/TCP.c
            TCPIsPutReady   0x00109e    program     extern /home/achim/proj/rocrail/rocrail-hardware/cbus/cangc1e/TCPIP Stack/TCP.c
                  TCPOpen   0x000e18    program     extern /home/achim/proj/rocrail/rocrail-hardware/cbus/cangc1e/TCPIP Stack/TCP.c
                  TCPPeek   0x0016d4    program     extern /home/achim/proj/rocrail/rocrail-hardware/cbus/cangc1e/TCPIP Stack/TCP.c
             TCPPeekArray   0x0015c8    program     extern /home/achim/proj/rocrail/rocrail-hardware/cbus/cangc1e/TCPIP Stack/TCP.c
               TCPProcess   0x001e4e    program     extern /home/achim/proj/rocrail/rocrail-hardware/cbus/cangc1e/TCPIP Stack/TCP.c
                   TCPPut   0x001120    program     extern /home/achim/proj/rocrail/rocrail-hardware/cbus/cangc1e/TCPIP Stack/TCP.c
              TCPPutArray   0x0011d0    program     extern /home/achim/proj/rocrail/rocrail-hardware/cbus/cangc1e/TCPIP Stack/TCP.c
           TCPPutROMArray   0x001252    program     extern /home/achim/proj/rocrail/rocrail-hardware/cbus/cangc1e/TCPIP Stack/TCP.c
          TCPPutROMString   0x00130e    program     extern /home/achim/proj/rocrail/rocrail-hardware/cbus/cangc1e/TCPIP Stack/TCP.c
             TCPPutString   0x0012d4    program     extern /home/achim/proj/rocrail/rocrail-hardware/cbus/cangc1e/TCPIP Stack/TCP.c
               TCPRAMCopy   0x0035f0    program     static /home/achim/proj/rocrail/rocrail-hardware/cbus/cangc1e/TCPIP Stack/TCP.c
            TCPRAMCopyROM   0x00367c    program     static /home/achim/proj/rocrail/rocrail-hardware/cbus/cangc1e/TCPIP Stack/TCP.c
     TCPSocketInitializer   0x009ea8    program     extern /home/achim/proj/rocrail/rocrail-hardware/cbus/cangc1e/TCPIPConfig.h
                  TCPTick   0x001a48    program     extern /home/achim/proj/rocrail/rocrail-hardware/cbus/cangc1e/TCPIP Stack/TCP.c
              TCPWasReset   0x000f58    program     extern /home/achim/proj/rocrail/rocrail-hardware/cbus/cangc1e/TCPIP Stack/TCP.c
TickConvertToMilliseconds   0x009c78    program     extern /home/achim/proj/rocrail/rocrail-hardware/cbus/cangc1e/TCPIP Stack/Tick.c
                  TickGet   0x009c1c    program     extern /home/achim/proj/rocrail/rocrail-hardware/cbus/cangc1e/TCPIP Stack/Tick.c
            TickGetDiv256   0x009c30    program     extern /home/achim/proj/rocrail/rocrail-hardware/cbus/cangc1e/TCPIP Stack/Tick.c
            TickGetDiv64K   0x009c54    program     extern /home/achim/proj/rocrail/rocrail-hardware/cbus/cangc1e/TCPIP Stack/Tick.c
                 TickInit   0x009be6    program     extern /home/achim/proj/rocrail/rocrail-hardware/cbus/cangc1e/TCPIP Stack/Tick.c
               TickUpdate   0x009cb4    program     extern /home/achim/proj/rocrail/rocrail-hardware/cbus/cangc1e/TCPIP Stack/Tick.c
                 UDPClose   0x006a9c    program     extern /home/achim/proj/rocrail/rocrail-hardware/cbus/cangc1e/TCPIP Stack/UDP.c
               UDPDiscard   0x006ed8    program     extern /home/achim/proj/rocrail/rocrail-hardware/cbus/cangc1e/TCPIP Stack/UDP.c
                 UDPFlush   0x006c86    program     extern /home/achim/proj/rocrail/rocrail-hardware/cbus/cangc1e/TCPIP Stack/UDP.c
                   UDPGet   0x006e48    program     extern /home/achim/proj/rocrail/rocrail-hardware/cbus/cangc1e/TCPIP Stack/UDP.c
              UDPGetArray   0x006e7c    program     extern /home/achim/proj/rocrail/rocrail-hardware/cbus/cangc1e/TCPIP Stack/UDP.c
                  UDPInit   0x0067f4    program     extern /home/achim/proj/rocrail/rocrail-hardware/cbus/cangc1e/TCPIP Stack/UDP.c
            UDPIsGetReady   0x006e14    program     extern /home/achim/proj/rocrail/rocrail-hardware/cbus/cangc1e/TCPIP Stack/UDP.c
              UDPIsOpened   0x006a82    program     extern /home/achim/proj/rocrail/rocrail-hardware/cbus/cangc1e/TCPIP Stack/UDP.c
            UDPIsPutReady   0x006b44    program     extern /home/achim/proj/rocrail/rocrail-hardware/cbus/cangc1e/TCPIP Stack/UDP.c
                UDPOpenEx   0x006814    program     extern /home/achim/proj/rocrail/rocrail-hardware/cbus/cangc1e/TCPIP Stack/UDP.c
               UDPProcess   0x006ef2    program     extern /home/achim/proj/rocrail/rocrail-hardware/cbus/cangc1e/TCPIP Stack/UDP.c
                   UDPPut   0x006ba0    program     extern /home/achim/proj/rocrail/rocrail-hardware/cbus/cangc1e/TCPIP Stack/UDP.c
              UDPPutArray   0x006be8    program     extern /home/achim/proj/rocrail/rocrail-hardware/cbus/cangc1e/TCPIP Stack/UDP.c
           UDPPutROMArray   0x006c08    program     extern /home/achim/proj/rocrail/rocrail-hardware/cbus/cangc1e/TCPIP Stack/UDP.c
          UDPPutROMString   0x006c4a    program     extern /home/achim/proj/rocrail/rocrail-hardware/cbus/cangc1e/TCPIP Stack/UDP.c
             UDPPutString   0x006c28    program     extern /home/achim/proj/rocrail/rocrail-hardware/cbus/cangc1e/TCPIP Stack/UDP.c
           UDPSetRxBuffer   0x006b24    program     extern /home/achim/proj/rocrail/rocrail-hardware/cbus/cangc1e/TCPIP Stack/UDP.c
           UDPSetTxBuffer   0x006ada    program     extern /home/achim/proj/rocrail/rocrail-hardware/cbus/cangc1e/TCPIP Stack/UDP.c
                  UDPTask   0x006982    program     extern /home/achim/proj/rocrail/rocrail-hardware/cbus/cangc1e/TCPIP Stack/UDP.c
              WritePHYReg   0x005750    program     extern /home/achim/proj/rocrail/rocrail-hardware/cbus/cangc1e/TCPIP Stack/ENC28J60.c
                 WriteReg   0x00571a    program     static /home/achim/proj/rocrail/rocrail-hardware/cbus/cangc1e/TCPIP Stack/ENC28J60.c
             _.org_3_0034   0x000034    program     static /home/achim/proj/rocrail/rocrail-hardware/cbus/cangc1e/Boot4.asm
             _.org_3_009A   0x00009a    program     static /home/achim/proj/rocrail/rocrail-hardware/cbus/cangc1e/Boot4.asm
             _.org_3_01C4   0x0001c4    program     static /home/achim/proj/rocrail/rocrail-hardware/cbus/cangc1e/Boot4.asm
              _2jContinue   0x009754    program     static C:\MCC18\v3_39\src\traditional\stdclib\memset.asm
                   _2jEnd   0x0097b8    program     static C:\MCC18\v3_39\src\traditional\stdclib\slenpgm.asm
              _3jContinue   0x009720    program     static C:\MCC18\v3_39\src\traditional\stdclib\mcpyp2r.asm
                   _3jEnd   0x00975e    program     static C:\MCC18\v3_39\src\traditional\stdclib\memset.asm
              _4jContinue   0x009802    program     static C:\MCC18\v3_39\src\traditional\stdclib\strncpy.asm
              _4jContinue   0x0096cc    program     static C:\MCC18\v3_39\src\traditional\stdclib\memcpy.asm
                   _4jEnd   0x00972a    program     static C:\MCC18\v3_39\src\traditional\stdclib\mcpyp2r.asm
                   _5jEnd   0x00980c    program     static C:\MCC18\v3_39\src\traditional\stdclib\strncpy.asm
                   _5jEnd   0x0096d6    program     static C:\MCC18\v3_39\src\traditional\stdclib\memcpy.asm
                 _CANInit   0x000040    program     static /home/achim/proj/rocrail/rocrail-hardware/cbus/cangc1e/Boot4.asm
                 _CANMain   0x000096    program     static /home/achim/proj/rocrail/rocrail-hardware/cbus/cangc1e/Boot4.asm
              _CANMainJp1   0x00009c    program     static /home/achim/proj/rocrail/rocrail-hardware/cbus/cangc1e/Boot4.asm
              _CANMainJp2   0x0000aa    program     static /home/achim/proj/rocrail/rocrail-hardware/cbus/cangc1e/Boot4.asm
             _CANSendBoot   0x0001f0    program     static /home/achim/proj/rocrail/rocrail-hardware/cbus/cangc1e/Boot4.asm
          _CANSendMessage   0x0001c2    program     static /home/achim/proj/rocrail/rocrail-hardware/cbus/cangc1e/Boot4.asm
              _CANSendNOK   0x0001e8    program     static /home/achim/proj/rocrail/rocrail-hardware/cbus/cangc1e/Boot4.asm
               _CANSendOK   0x0001e0    program     static /home/achim/proj/rocrail/rocrail-hardware/cbus/cangc1e/Boot4.asm
                _CFGWrite   0x00018a    program     static /home/achim/proj/rocrail/rocrail-hardware/cbus/cangc1e/Boot4.asm
              _ControlReg   0x0000ae    program     static /home/achim/proj/rocrail/rocrail-hardware/cbus/cangc1e/Boot4.asm
           _ControlRegLp1   0x0000b2    program     static /home/achim/proj/rocrail/rocrail-hardware/cbus/cangc1e/Boot4.asm
        _D1KTCYXCODE_0010   0x009e78    program     static C:\MCC18\v3_39\src\traditional\delays\d1ktcyx.asm
        _D1KTCYXCODE_0016   0x009e7e    program     static C:\MCC18\v3_39\src\traditional\delays\d1ktcyx.asm
             _DHCPReceive   0x007f44    program     static /home/achim/proj/rocrail/rocrail-hardware/cbus/cangc1e/TCPIP Stack/DHCP.c
                _DHCPSend   0x0081a4    program     static /home/achim/proj/rocrail/rocrail-hardware/cbus/cangc1e/TCPIP Stack/DHCP.c
                 _DataReg   0x000104    program     static /home/achim/proj/rocrail/rocrail-hardware/cbus/cangc1e/Boot4.asm
                  _Decode   0x000126    program     static /home/achim/proj/rocrail/rocrail-hardware/cbus/cangc1e/Boot4.asm
               _DecodeJp1   0x00012e    program     static /home/achim/proj/rocrail/rocrail-hardware/cbus/cangc1e/Boot4.asm
               _DecodeJp2   0x000136    program     static /home/achim/proj/rocrail/rocrail-hardware/cbus/cangc1e/Boot4.asm
                 _EEWrite   0x0001a2    program     static /home/achim/proj/rocrail/rocrail-hardware/cbus/cangc1e/Boot4.asm
                 _PMErase   0x000142    program     static /home/achim/proj/rocrail/rocrail-hardware/cbus/cangc1e/Boot4.asm
              _PMEraseJp1   0x000148    program     static /home/achim/proj/rocrail/rocrail-hardware/cbus/cangc1e/Boot4.asm
            _PMEraseWrite   0x00013e    program     static /home/achim/proj/rocrail/rocrail-hardware/cbus/cangc1e/Boot4.asm
           _PMReadBackLp1   0x00017a    program     static /home/achim/proj/rocrail/rocrail-hardware/cbus/cangc1e/Boot4.asm
                 _PMWrite   0x00014c    program     static /home/achim/proj/rocrail/rocrail-hardware/cbus/cangc1e/Boot4.asm
              _PMWriteLp1   0x00015a    program     static /home/achim/proj/rocrail/rocrail-hardware/cbus/cangc1e/Boot4.asm
              _PMWriteLp2   0x00016a    program     static /home/achim/proj/rocrail/rocrail-hardware/cbus/cangc1e/Boot4.asm
             _PointBuffer   0x008c2e    program     static /home/achim/proj/rocrail/rocrail-hardware/cbus/cangc1e/canbus.c
         _ReadWriteMemory   0x0000aa    program     static /home/achim/proj/rocrail/rocrail-hardware/cbus/cangc1e/Boot4.asm
             _SetPointers   0x000104    program     static /home/achim/proj/rocrail/rocrail-hardware/cbus/cangc1e/Boot4.asm
          _SetPointersJp1   0x000126    program     static /home/achim/proj/rocrail/rocrail-hardware/cbus/cangc1e/Boot4.asm
           _SpecialCmdJp1   0x0000e2    program     static /home/achim/proj/rocrail/rocrail-hardware/cbus/cangc1e/Boot4.asm
           _SpecialCmdJp2   0x0000fa    program     static /home/achim/proj/rocrail/rocrail-hardware/cbus/cangc1e/Boot4.asm
           _SpecialCmdJp3   0x0000fc    program     static /home/achim/proj/rocrail/rocrail-hardware/cbus/cangc1e/Boot4.asm
           _SpecialCmdJp4   0x0000d2    program     static /home/achim/proj/rocrail/rocrail-hardware/cbus/cangc1e/Boot4.asm
              _StartWrite   0x000020    program     static /home/achim/proj/rocrail/rocrail-hardware/cbus/cangc1e/Boot4.asm
            _UpdateChksum   0x000038    program     static /home/achim/proj/rocrail/rocrail-hardware/cbus/cangc1e/Boot4.asm
           ___do_lbl00002   0x009c14    program     static                          
           ___do_lbl00003   0x009c18    program     static                          
           ___do_lbl00004   0x009bf6    program     static                          
          ___for_lbl00101   0x0063b6    program     static                          
          ___for_lbl00102   0x0063bc    program     static                          
          ___for_lbl00103   0x006398    program     static                          
          ___for_lbl00104   0x0063d0    program     static                          
          ___for_lbl00105   0x0063d4    program     static                          
          ___for_lbl00106   0x0063bc    program     static                          
           ___if_lbl00014   0x005d50    program     static                          
           ___if_lbl00015   0x005d6e    program     static                          
           ___if_lbl00016   0x005e00    program     static                          
           ___if_lbl00017   0x005e06    program     static                          
           ___if_lbl00019   0x004e66    program     static                          
           ___if_lbl00020   0x004e72    program     static                          
           ___if_lbl00026   0x004f54    program     static                          
           ___if_lbl00029   0x004fcc    program     static                          
       ___return_lbl00000   0x009dde    program     static                          
       ___return_lbl00000   0x00020c    program     static                          
       ___return_lbl00000   0x000206    program     static                          
       ___return_lbl00000   0x009e46    program     static                          
       ___return_lbl00001   0x00021c    program     static                          
       ___return_lbl00001   0x000b96    program     static                          
       ___return_lbl00001   0x009c1a    program     static                          
       ___return_lbl00002   0x009d96    program     static                          
       ___return_lbl00009   0x005e50    program     static                          
       ___return_lbl00018   0x004fd4    program     static                          
       ___return_lbl00100   0x0063e6    program     static                          
        ___while_lbl00010   0x005caa    program     static                          
        ___while_lbl00011   0x005e08    program     static                          
        ___while_lbl00012   0x005cb2    program     static                          
        ___while_lbl00013   0x005cb6    program     static                          
               __config_0   0x300001    program     static /home/achim/proj/rocrail/rocrail-hardware/cbus/cangc1e/cangc1e.c
               __config_1   0x300002    program     static /home/achim/proj/rocrail/rocrail-hardware/cbus/cangc1e/cangc1e.c
              __config_10   0x30000d    program     static /home/achim/proj/rocrail/rocrail-hardware/cbus/cangc1e/cangc1e.c
               __config_2   0x300003    program     static /home/achim/proj/rocrail/rocrail-hardware/cbus/cangc1e/cangc1e.c
               __config_3   0x300005    program     static /home/achim/proj/rocrail/rocrail-hardware/cbus/cangc1e/cangc1e.c
               __config_4   0x300006    program     static /home/achim/proj/rocrail/rocrail-hardware/cbus/cangc1e/cangc1e.c
               __config_5   0x300008    program     static /home/achim/proj/rocrail/rocrail-hardware/cbus/cangc1e/cangc1e.c
               __config_6   0x300009    program     static /home/achim/proj/rocrail/rocrail-hardware/cbus/cangc1e/cangc1e.c
               __config_7   0x30000a    program     static /home/achim/proj/rocrail/rocrail-hardware/cbus/cangc1e/cangc1e.c
               __config_8   0x30000b    program     static /home/achim/proj/rocrail/rocrail-hardware/cbus/cangc1e/cangc1e.c
               __config_9   0x30000c    program     static /home/achim/proj/rocrail/rocrail-hardware/cbus/cangc1e/cangc1e.c
                   __init   0x009ec0    program     extern C:\MCC18\v3_39\src\traditional\stdclib\__init.c
                   __pa_0   0x009bc8    program     static /home/achim/proj/rocrail/rocrail-hardware/cbus/cangc1e/io.c
                   __pa_0   0x00965c    program     static /home/achim/proj/rocrail/rocrail-hardware/cbus/cangc1e/TCPIP Stack/StackTsk.c
                   __pa_0   0x00938e    program     static /home/achim/proj/rocrail/rocrail-hardware/cbus/cangc1e/TCPIP Stack/IP.c
                   __pa_0   0x000882    program     static /home/achim/proj/rocrail/rocrail-hardware/cbus/cangc1e/commands.c
                   __pa_0   0x009ab4    program     static /home/achim/proj/rocrail/rocrail-hardware/cbus/cangc1e/eth.c
                   __pa_0   0x009cc8    program     static /home/achim/proj/rocrail/rocrail-hardware/cbus/cangc1e/TCPIP Stack/Tick.c
                   __pa_0   0x0057d4    program     static /home/achim/proj/rocrail/rocrail-hardware/cbus/cangc1e/TCPIP Stack/ENC28J60.c
                   __pa_0   0x00831e    program     static /home/achim/proj/rocrail/rocrail-hardware/cbus/cangc1e/TCPIP Stack/DHCP.c
                   __pa_0   0x003726    program     static /home/achim/proj/rocrail/rocrail-hardware/cbus/cangc1e/TCPIP Stack/TCP.c
                   __pa_0   0x00043c    program     static /home/achim/proj/rocrail/rocrail-hardware/cbus/cangc1e/cangc1e.c
                   __pa_0   0x000b5c    program     static /home/achim/proj/rocrail/rocrail-hardware/cbus/cangc1e/utils.c
                   __pa_0   0x0065b4    program     static /home/achim/proj/rocrail/rocrail-hardware/cbus/cangc1e/TCPIP Stack/Helpers.c
                   __pa_0   0x008912    program     static /home/achim/proj/rocrail/rocrail-hardware/cbus/cangc1e/TCPIP Stack/ARP.c
                   __pa_0   0x007a8a    program     static /home/achim/proj/rocrail/rocrail-hardware/cbus/cangc1e/gcaeth.c
                   __pa_0   0x007150    program     static /home/achim/proj/rocrail/rocrail-hardware/cbus/cangc1e/TCPIP Stack/UDP.c
                   __pa_0   0x00906e    program     static /home/achim/proj/rocrail/rocrail-hardware/cbus/cangc1e/TCPIP Stack/ICMP.c
                   __pa_0   0x008cae    program     static /home/achim/proj/rocrail/rocrail-hardware/cbus/cangc1e/canbus.c
                   __pa_0   0x00994c    program     static /home/achim/proj/rocrail/rocrail-hardware/cbus/cangc1e/isr.c
                   __pa_1   0x00832a    program     static /home/achim/proj/rocrail/rocrail-hardware/cbus/cangc1e/TCPIP Stack/DHCP.c
                   __pa_1   0x000b6a    program     static /home/achim/proj/rocrail/rocrail-hardware/cbus/cangc1e/utils.c
                   __pa_1   0x00372c    program     static /home/achim/proj/rocrail/rocrail-hardware/cbus/cangc1e/TCPIP Stack/TCP.c
                   __pa_1   0x009bd0    program     static /home/achim/proj/rocrail/rocrail-hardware/cbus/cangc1e/io.c
                   __pa_1   0x0065d0    program     static /home/achim/proj/rocrail/rocrail-hardware/cbus/cangc1e/TCPIP Stack/Helpers.c
                   __pa_1   0x00044e    program     static /home/achim/proj/rocrail/rocrail-hardware/cbus/cangc1e/cangc1e.c
                   __pa_1   0x009976    program     static /home/achim/proj/rocrail/rocrail-hardware/cbus/cangc1e/isr.c
                   __pa_1   0x009ac0    program     static /home/achim/proj/rocrail/rocrail-hardware/cbus/cangc1e/eth.c
                   __pa_1   0x008cc0    program     static /home/achim/proj/rocrail/rocrail-hardware/cbus/cangc1e/canbus.c
                   __pa_1   0x009ce2    program     static /home/achim/proj/rocrail/rocrail-hardware/cbus/cangc1e/TCPIP Stack/Tick.c
                   __pa_1   0x007a90    program     static /home/achim/proj/rocrail/rocrail-hardware/cbus/cangc1e/gcaeth.c
                   __pa_1   0x0093b0    program     static /home/achim/proj/rocrail/rocrail-hardware/cbus/cangc1e/TCPIP Stack/IP.c
                   __pa_1   0x00907c    program     static /home/achim/proj/rocrail/rocrail-hardware/cbus/cangc1e/TCPIP Stack/ICMP.c
                   __pa_1   0x008920    program     static /home/achim/proj/rocrail/rocrail-hardware/cbus/cangc1e/TCPIP Stack/ARP.c
                   __pa_1   0x000890    program     static /home/achim/proj/rocrail/rocrail-hardware/cbus/cangc1e/commands.c
                   __pa_1   0x00966c    program     static /home/achim/proj/rocrail/rocrail-hardware/cbus/cangc1e/TCPIP Stack/StackTsk.c
                   __pa_1   0x007164    program     static /home/achim/proj/rocrail/rocrail-hardware/cbus/cangc1e/TCPIP Stack/UDP.c
                   __pa_1   0x0057de    program     static /home/achim/proj/rocrail/rocrail-hardware/cbus/cangc1e/TCPIP Stack/ENC28J60.c
                  __pa_10   0x0083f0    program     static /home/achim/proj/rocrail/rocrail-hardware/cbus/cangc1e/TCPIP Stack/DHCP.c
                  __pa_10   0x008d48    program     static /home/achim/proj/rocrail/rocrail-hardware/cbus/cangc1e/canbus.c
                  __pa_10   0x00092e    program     static /home/achim/proj/rocrail/rocrail-hardware/cbus/cangc1e/commands.c
                  __pa_10   0x0089ac    program     static /home/achim/proj/rocrail/rocrail-hardware/cbus/cangc1e/TCPIP Stack/ARP.c
                  __pa_10   0x0066a6    program     static /home/achim/proj/rocrail/rocrail-hardware/cbus/cangc1e/TCPIP Stack/Helpers.c
                  __pa_10   0x005854    program     static /home/achim/proj/rocrail/rocrail-hardware/cbus/cangc1e/TCPIP Stack/ENC28J60.c
                  __pa_10   0x0090f4    program     static /home/achim/proj/rocrail/rocrail-hardware/cbus/cangc1e/TCPIP Stack/ICMP.c
                  __pa_10   0x007b02    program     static /home/achim/proj/rocrail/rocrail-hardware/cbus/cangc1e/gcaeth.c
                  __pa_10   0x0071e8    program     static /home/achim/proj/rocrail/rocrail-hardware/cbus/cangc1e/TCPIP Stack/UDP.c
                  __pa_10   0x00383a    program     static /home/achim/proj/rocrail/rocrail-hardware/cbus/cangc1e/TCPIP Stack/TCP.c
                 __pa_100   0x003e0a    program     static /home/achim/proj/rocrail/rocrail-hardware/cbus/cangc1e/TCPIP Stack/TCP.c
                 __pa_101   0x003e1a    program     static /home/achim/proj/rocrail/rocrail-hardware/cbus/cangc1e/TCPIP Stack/TCP.c
                 __pa_102   0x003e2a    program     static /home/achim/proj/rocrail/rocrail-hardware/cbus/cangc1e/TCPIP Stack/TCP.c
                 __pa_103   0x003e3a    program     static /home/achim/proj/rocrail/rocrail-hardware/cbus/cangc1e/TCPIP Stack/TCP.c
                 __pa_104   0x003e44    program     static /home/achim/proj/rocrail/rocrail-hardware/cbus/cangc1e/TCPIP Stack/TCP.c
                 __pa_105   0x003e4e    program     static /home/achim/proj/rocrail/rocrail-hardware/cbus/cangc1e/TCPIP Stack/TCP.c
                 __pa_106   0x003e54    program     static /home/achim/proj/rocrail/rocrail-hardware/cbus/cangc1e/TCPIP Stack/TCP.c
                 __pa_107   0x003e6c    program     static /home/achim/proj/rocrail/rocrail-hardware/cbus/cangc1e/TCPIP Stack/TCP.c
                 __pa_108   0x003e72    program     static /home/achim/proj/rocrail/rocrail-hardware/cbus/cangc1e/TCPIP Stack/TCP.c
                 __pa_109   0x003e7e    program     static /home/achim/proj/rocrail/rocrail-hardware/cbus/cangc1e/TCPIP Stack/TCP.c
                  __pa_11   0x00585c    program     static /home/achim/proj/rocrail/rocrail-hardware/cbus/cangc1e/TCPIP Stack/ENC28J60.c
                  __pa_11   0x007b0c    program     static /home/achim/proj/rocrail/rocrail-hardware/cbus/cangc1e/gcaeth.c
                  __pa_11   0x008d58    program     static /home/achim/proj/rocrail/rocrail-hardware/cbus/cangc1e/canbus.c
                  __pa_11   0x0071f0    program     static /home/achim/proj/rocrail/rocrail-hardware/cbus/cangc1e/TCPIP Stack/UDP.c
                  __pa_11   0x0066be    program     static /home/achim/proj/rocrail/rocrail-hardware/cbus/cangc1e/TCPIP Stack/Helpers.c
                  __pa_11   0x003842    program     static /home/achim/proj/rocrail/rocrail-hardware/cbus/cangc1e/TCPIP Stack/TCP.c
                  __pa_11   0x0090fe    program     static /home/achim/proj/rocrail/rocrail-hardware/cbus/cangc1e/TCPIP Stack/ICMP.c
                  __pa_11   0x0089b4    program     static /home/achim/proj/rocrail/rocrail-hardware/cbus/cangc1e/TCPIP Stack/ARP.c
                  __pa_11   0x008400    program     static /home/achim/proj/rocrail/rocrail-hardware/cbus/cangc1e/TCPIP Stack/DHCP.c
                  __pa_11   0x000938    program     static /home/achim/proj/rocrail/rocrail-hardware/cbus/cangc1e/commands.c
                 __pa_110   0x003e8a    program     static /home/achim/proj/rocrail/rocrail-hardware/cbus/cangc1e/TCPIP Stack/TCP.c
                 __pa_111   0x003e96    program     static /home/achim/proj/rocrail/rocrail-hardware/cbus/cangc1e/TCPIP Stack/TCP.c
                 __pa_112   0x003ea2    program     static /home/achim/proj/rocrail/rocrail-hardware/cbus/cangc1e/TCPIP Stack/TCP.c
                 __pa_113   0x003eb2    program     static /home/achim/proj/rocrail/rocrail-hardware/cbus/cangc1e/TCPIP Stack/TCP.c
                 __pa_114   0x003ec8    program     static /home/achim/proj/rocrail/rocrail-hardware/cbus/cangc1e/TCPIP Stack/TCP.c
                 __pa_115   0x003ed4    program     static /home/achim/proj/rocrail/rocrail-hardware/cbus/cangc1e/TCPIP Stack/TCP.c
                 __pa_116   0x003ee2    program     static /home/achim/proj/rocrail/rocrail-hardware/cbus/cangc1e/TCPIP Stack/TCP.c
                 __pa_117   0x003eea    program     static /home/achim/proj/rocrail/rocrail-hardware/cbus/cangc1e/TCPIP Stack/TCP.c
                 __pa_118   0x003ef8    program     static /home/achim/proj/rocrail/rocrail-hardware/cbus/cangc1e/TCPIP Stack/TCP.c
                 __pa_119   0x003f06    program     static /home/achim/proj/rocrail/rocrail-hardware/cbus/cangc1e/TCPIP Stack/TCP.c
                  __pa_12   0x003850    program     static /home/achim/proj/rocrail/rocrail-hardware/cbus/cangc1e/TCPIP Stack/TCP.c
                  __pa_12   0x0066d0    program     static /home/achim/proj/rocrail/rocrail-hardware/cbus/cangc1e/TCPIP Stack/Helpers.c
                  __pa_12   0x00910a    program     static /home/achim/proj/rocrail/rocrail-hardware/cbus/cangc1e/TCPIP Stack/ICMP.c
                  __pa_12   0x008d66    program     static /home/achim/proj/rocrail/rocrail-hardware/cbus/cangc1e/canbus.c
                  __pa_12   0x007b12    program     static /home/achim/proj/rocrail/rocrail-hardware/cbus/cangc1e/gcaeth.c
                  __pa_12   0x0071fe    program     static /home/achim/proj/rocrail/rocrail-hardware/cbus/cangc1e/TCPIP Stack/UDP.c
                  __pa_12   0x005870    program     static /home/achim/proj/rocrail/rocrail-hardware/cbus/cangc1e/TCPIP Stack/ENC28J60.c
                  __pa_12   0x008414    program     static /home/achim/proj/rocrail/rocrail-hardware/cbus/cangc1e/TCPIP Stack/DHCP.c
                  __pa_12   0x0089c2    program     static /home/achim/proj/rocrail/rocrail-hardware/cbus/cangc1e/TCPIP Stack/ARP.c
                  __pa_12   0x000942    program     static /home/achim/proj/rocrail/rocrail-hardware/cbus/cangc1e/commands.c
                 __pa_120   0x003f14    program     static /home/achim/proj/rocrail/rocrail-hardware/cbus/cangc1e/TCPIP Stack/TCP.c
                 __pa_121   0x003f22    program     static /home/achim/proj/rocrail/rocrail-hardware/cbus/cangc1e/TCPIP Stack/TCP.c
                 __pa_122   0x003f30    program     static /home/achim/proj/rocrail/rocrail-hardware/cbus/cangc1e/TCPIP Stack/TCP.c
                 __pa_123   0x003f3e    program     static /home/achim/proj/rocrail/rocrail-hardware/cbus/cangc1e/TCPIP Stack/TCP.c
                 __pa_124   0x003f4c    program     static /home/achim/proj/rocrail/rocrail-hardware/cbus/cangc1e/TCPIP Stack/TCP.c
                 __pa_125   0x003f5a    program     static /home/achim/proj/rocrail/rocrail-hardware/cbus/cangc1e/TCPIP Stack/TCP.c
                 __pa_126   0x003f68    program     static /home/achim/proj/rocrail/rocrail-hardware/cbus/cangc1e/TCPIP Stack/TCP.c
                 __pa_127   0x003f72    program     static /home/achim/proj/rocrail/rocrail-hardware/cbus/cangc1e/TCPIP Stack/TCP.c
                 __pa_128   0x003f7c    program     static /home/achim/proj/rocrail/rocrail-hardware/cbus/cangc1e/TCPIP Stack/TCP.c
                 __pa_129   0x003f86    program     static /home/achim/proj/rocrail/rocrail-hardware/cbus/cangc1e/TCPIP Stack/TCP.c
                  __pa_13   0x008d70    program     static /home/achim/proj/rocrail/rocrail-hardware/cbus/cangc1e/canbus.c
                  __pa_13   0x0066e0    program     static /home/achim/proj/rocrail/rocrail-hardware/cbus/cangc1e/TCPIP Stack/Helpers.c
                  __pa_13   0x0089ca    program     static /home/achim/proj/rocrail/rocrail-hardware/cbus/cangc1e/TCPIP Stack/ARP.c
                  __pa_13   0x00720c    program     static /home/achim/proj/rocrail/rocrail-hardware/cbus/cangc1e/TCPIP Stack/UDP.c
                  __pa_13   0x00385a    program     static /home/achim/proj/rocrail/rocrail-hardware/cbus/cangc1e/TCPIP Stack/TCP.c
                  __pa_13   0x008426    program     static /home/achim/proj/rocrail/rocrail-hardware/cbus/cangc1e/TCPIP Stack/DHCP.c
                  __pa_13   0x007b18    program     static /home/achim/proj/rocrail/rocrail-hardware/cbus/cangc1e/gcaeth.c
                  __pa_13   0x00094c    program     static /home/achim/proj/rocrail/rocrail-hardware/cbus/cangc1e/commands.c
                  __pa_13   0x005894    program     static /home/achim/proj/rocrail/rocrail-hardware/cbus/cangc1e/TCPIP Stack/ENC28J60.c
                 __pa_130   0x003f90    program     static /home/achim/proj/rocrail/rocrail-hardware/cbus/cangc1e/TCPIP Stack/TCP.c
                 __pa_131   0x003f9a    program     static /home/achim/proj/rocrail/rocrail-hardware/cbus/cangc1e/TCPIP Stack/TCP.c
                 __pa_132   0x003fa8    program     static /home/achim/proj/rocrail/rocrail-hardware/cbus/cangc1e/TCPIP Stack/TCP.c
                 __pa_133   0x003fbc    program     static /home/achim/proj/rocrail/rocrail-hardware/cbus/cangc1e/TCPIP Stack/TCP.c
                 __pa_134   0x003fd0    program     static /home/achim/proj/rocrail/rocrail-hardware/cbus/cangc1e/TCPIP Stack/TCP.c
                 __pa_135   0x003fe2    program     static /home/achim/proj/rocrail/rocrail-hardware/cbus/cangc1e/TCPIP Stack/TCP.c
                 __pa_136   0x003ff4    program     static /home/achim/proj/rocrail/rocrail-hardware/cbus/cangc1e/TCPIP Stack/TCP.c
                 __pa_137   0x004006    program     static /home/achim/proj/rocrail/rocrail-hardware/cbus/cangc1e/TCPIP Stack/TCP.c
                 __pa_138   0x004018    program     static /home/achim/proj/rocrail/rocrail-hardware/cbus/cangc1e/TCPIP Stack/TCP.c
                 __pa_139   0x004022    program     static /home/achim/proj/rocrail/rocrail-hardware/cbus/cangc1e/TCPIP Stack/TCP.c
                  __pa_14   0x0066f0    program     static /home/achim/proj/rocrail/rocrail-hardware/cbus/cangc1e/TCPIP Stack/Helpers.c
                  __pa_14   0x007228    program     static /home/achim/proj/rocrail/rocrail-hardware/cbus/cangc1e/TCPIP Stack/UDP.c
                  __pa_14   0x00389c    program     static /home/achim/proj/rocrail/rocrail-hardware/cbus/cangc1e/TCPIP Stack/TCP.c
                  __pa_14   0x008d7a    program     static /home/achim/proj/rocrail/rocrail-hardware/cbus/cangc1e/canbus.c
                  __pa_14   0x008434    program     static /home/achim/proj/rocrail/rocrail-hardware/cbus/cangc1e/TCPIP Stack/DHCP.c
                  __pa_14   0x007b22    program     static /home/achim/proj/rocrail/rocrail-hardware/cbus/cangc1e/gcaeth.c
                  __pa_14   0x000954    program     static /home/achim/proj/rocrail/rocrail-hardware/cbus/cangc1e/commands.c
                  __pa_14   0x00589e    program     static /home/achim/proj/rocrail/rocrail-hardware/cbus/cangc1e/TCPIP Stack/ENC28J60.c
                 __pa_140   0x004030    program     static /home/achim/proj/rocrail/rocrail-hardware/cbus/cangc1e/TCPIP Stack/TCP.c
                 __pa_141   0x00403a    program     static /home/achim/proj/rocrail/rocrail-hardware/cbus/cangc1e/TCPIP Stack/TCP.c
                 __pa_142   0x004044    program     static /home/achim/proj/rocrail/rocrail-hardware/cbus/cangc1e/TCPIP Stack/TCP.c
                 __pa_143   0x00404c    program     static /home/achim/proj/rocrail/rocrail-hardware/cbus/cangc1e/TCPIP Stack/TCP.c
                 __pa_144   0x00405c    program     static /home/achim/proj/rocrail/rocrail-hardware/cbus/cangc1e/TCPIP Stack/TCP.c
                 __pa_145   0x00406c    program     static /home/achim/proj/rocrail/rocrail-hardware/cbus/cangc1e/TCPIP Stack/TCP.c
                 __pa_146   0x00407c    program     static /home/achim/proj/rocrail/rocrail-hardware/cbus/cangc1e/TCPIP Stack/TCP.c
                 __pa_147   0x00408c    program     static /home/achim/proj/rocrail/rocrail-hardware/cbus/cangc1e/TCPIP Stack/TCP.c
                 __pa_148   0x004094    program     static /home/achim/proj/rocrail/rocrail-hardware/cbus/cangc1e/TCPIP Stack/TCP.c
                 __pa_149   0x0040a2    program     static /home/achim/proj/rocrail/rocrail-hardware/cbus/cangc1e/TCPIP Stack/TCP.c
                  __pa_15   0x0038a8    program     static /home/achim/proj/rocrail/rocrail-hardware/cbus/cangc1e/TCPIP Stack/TCP.c
                  __pa_15   0x00095c    program     static /home/achim/proj/rocrail/rocrail-hardware/cbus/cangc1e/commands.c
                  __pa_15   0x00843a    program     static /home/achim/proj/rocrail/rocrail-hardware/cbus/cangc1e/TCPIP Stack/DHCP.c
                  __pa_15   0x008d84    program     static /home/achim/proj/rocrail/rocrail-hardware/cbus/cangc1e/canbus.c
                  __pa_15   0x0058aa    program     static /home/achim/proj/rocrail/rocrail-hardware/cbus/cangc1e/TCPIP Stack/ENC28J60.c
                  __pa_15   0x007b2a    program     static /home/achim/proj/rocrail/rocrail-hardware/cbus/cangc1e/gcaeth.c
                  __pa_15   0x00723c    program     static /home/achim/proj/rocrail/rocrail-hardware/cbus/cangc1e/TCPIP Stack/UDP.c
                  __pa_15   0x006700    program     static /home/achim/proj/rocrail/rocrail-hardware/cbus/cangc1e/TCPIP Stack/Helpers.c
                 __pa_150   0x0040b0    program     static /home/achim/proj/rocrail/rocrail-hardware/cbus/cangc1e/TCPIP Stack/TCP.c
                 __pa_151   0x0040be    program     static /home/achim/proj/rocrail/rocrail-hardware/cbus/cangc1e/TCPIP Stack/TCP.c
                 __pa_152   0x0040cc    program     static /home/achim/proj/rocrail/rocrail-hardware/cbus/cangc1e/TCPIP Stack/TCP.c
                 __pa_153   0x0040da    program     static /home/achim/proj/rocrail/rocrail-hardware/cbus/cangc1e/TCPIP Stack/TCP.c
                 __pa_154   0x0040e8    program     static /home/achim/proj/rocrail/rocrail-hardware/cbus/cangc1e/TCPIP Stack/TCP.c
                 __pa_155   0x0040f6    program     static /home/achim/proj/rocrail/rocrail-hardware/cbus/cangc1e/TCPIP Stack/TCP.c
                 __pa_156   0x004104    program     static /home/achim/proj/rocrail/rocrail-hardware/cbus/cangc1e/TCPIP Stack/TCP.c
                 __pa_157   0x004112    program     static /home/achim/proj/rocrail/rocrail-hardware/cbus/cangc1e/TCPIP Stack/TCP.c
                 __pa_158   0x004120    program     static /home/achim/proj/rocrail/rocrail-hardware/cbus/cangc1e/TCPIP Stack/TCP.c
                 __pa_159   0x00412e    program     static /home/achim/proj/rocrail/rocrail-hardware/cbus/cangc1e/TCPIP Stack/TCP.c
                  __pa_16   0x008d8e    program     static /home/achim/proj/rocrail/rocrail-hardware/cbus/cangc1e/canbus.c
                  __pa_16   0x000966    program     static /home/achim/proj/rocrail/rocrail-hardware/cbus/cangc1e/commands.c
                  __pa_16   0x008448    program     static /home/achim/proj/rocrail/rocrail-hardware/cbus/cangc1e/TCPIP Stack/DHCP.c
                  __pa_16   0x007b30    program     static /home/achim/proj/rocrail/rocrail-hardware/cbus/cangc1e/gcaeth.c
                  __pa_16   0x00724a    program     static /home/achim/proj/rocrail/rocrail-hardware/cbus/cangc1e/TCPIP Stack/UDP.c
                  __pa_16   0x0038f4    program     static /home/achim/proj/rocrail/rocrail-hardware/cbus/cangc1e/TCPIP Stack/TCP.c
                  __pa_16   0x006708    program     static /home/achim/proj/rocrail/rocrail-hardware/cbus/cangc1e/TCPIP Stack/Helpers.c
                  __pa_16   0x0058ba    program     static /home/achim/proj/rocrail/rocrail-hardware/cbus/cangc1e/TCPIP Stack/ENC28J60.c
                 __pa_160   0x00413c    program     static /home/achim/proj/rocrail/rocrail-hardware/cbus/cangc1e/TCPIP Stack/TCP.c
                 __pa_161   0x00414a    program     static /home/achim/proj/rocrail/rocrail-hardware/cbus/cangc1e/TCPIP Stack/TCP.c
                 __pa_162   0x004158    program     static /home/achim/proj/rocrail/rocrail-hardware/cbus/cangc1e/TCPIP Stack/TCP.c
                 __pa_163   0x004166    program     static /home/achim/proj/rocrail/rocrail-hardware/cbus/cangc1e/TCPIP Stack/TCP.c
                 __pa_164   0x004174    program     static /home/achim/proj/rocrail/rocrail-hardware/cbus/cangc1e/TCPIP Stack/TCP.c
                 __pa_165   0x004182    program     static /home/achim/proj/rocrail/rocrail-hardware/cbus/cangc1e/TCPIP Stack/TCP.c
                 __pa_166   0x004190    program     static /home/achim/proj/rocrail/rocrail-hardware/cbus/cangc1e/TCPIP Stack/TCP.c
                 __pa_167   0x00419e    program     static /home/achim/proj/rocrail/rocrail-hardware/cbus/cangc1e/TCPIP Stack/TCP.c
                 __pa_168   0x0041ac    program     static /home/achim/proj/rocrail/rocrail-hardware/cbus/cangc1e/TCPIP Stack/TCP.c
                 __pa_169   0x0041ba    program     static /home/achim/proj/rocrail/rocrail-hardware/cbus/cangc1e/TCPIP Stack/TCP.c
                  __pa_17   0x008452    program     static /home/achim/proj/rocrail/rocrail-hardware/cbus/cangc1e/TCPIP Stack/DHCP.c
                  __pa_17   0x007258    program     static /home/achim/proj/rocrail/rocrail-hardware/cbus/cangc1e/TCPIP Stack/UDP.c
                  __pa_17   0x008d96    program     static /home/achim/proj/rocrail/rocrail-hardware/cbus/cangc1e/canbus.c
                  __pa_17   0x003908    program     static /home/achim/proj/rocrail/rocrail-hardware/cbus/cangc1e/TCPIP Stack/TCP.c
                  __pa_17   0x007b34    program     static /home/achim/proj/rocrail/rocrail-hardware/cbus/cangc1e/gcaeth.c
                  __pa_17   0x006716    program     static /home/achim/proj/rocrail/rocrail-hardware/cbus/cangc1e/TCPIP Stack/Helpers.c
                  __pa_17   0x00096e    program     static /home/achim/proj/rocrail/rocrail-hardware/cbus/cangc1e/commands.c
                  __pa_17   0x0058c6    program     static /home/achim/proj/rocrail/rocrail-hardware/cbus/cangc1e/TCPIP Stack/ENC28J60.c
                 __pa_170   0x0041c4    program     static /home/achim/proj/rocrail/rocrail-hardware/cbus/cangc1e/TCPIP Stack/TCP.c
                 __pa_171   0x0041ce    program     static /home/achim/proj/rocrail/rocrail-hardware/cbus/cangc1e/TCPIP Stack/TCP.c
                 __pa_172   0x0041d8    program     static /home/achim/proj/rocrail/rocrail-hardware/cbus/cangc1e/TCPIP Stack/TCP.c
                 __pa_173   0x0041e0    program     static /home/achim/proj/rocrail/rocrail-hardware/cbus/cangc1e/TCPIP Stack/TCP.c
                 __pa_174   0x0041e8    program     static /home/achim/proj/rocrail/rocrail-hardware/cbus/cangc1e/TCPIP Stack/TCP.c
                 __pa_175   0x0041f0    program     static /home/achim/proj/rocrail/rocrail-hardware/cbus/cangc1e/TCPIP Stack/TCP.c
                 __pa_176   0x0041fa    program     static /home/achim/proj/rocrail/rocrail-hardware/cbus/cangc1e/TCPIP Stack/TCP.c
                 __pa_177   0x004204    program     static /home/achim/proj/rocrail/rocrail-hardware/cbus/cangc1e/TCPIP Stack/TCP.c
                 __pa_178   0x00420e    program     static /home/achim/proj/rocrail/rocrail-hardware/cbus/cangc1e/TCPIP Stack/TCP.c
                 __pa_179   0x004216    program     static /home/achim/proj/rocrail/rocrail-hardware/cbus/cangc1e/TCPIP Stack/TCP.c
                  __pa_18   0x00845c    program     static /home/achim/proj/rocrail/rocrail-hardware/cbus/cangc1e/TCPIP Stack/DHCP.c
                  __pa_18   0x007268    program     static /home/achim/proj/rocrail/rocrail-hardware/cbus/cangc1e/TCPIP Stack/UDP.c
                  __pa_18   0x007b3e    program     static /home/achim/proj/rocrail/rocrail-hardware/cbus/cangc1e/gcaeth.c
                  __pa_18   0x008d9e    program     static /home/achim/proj/rocrail/rocrail-hardware/cbus/cangc1e/canbus.c
                  __pa_18   0x0058d0    program     static /home/achim/proj/rocrail/rocrail-hardware/cbus/cangc1e/TCPIP Stack/ENC28J60.c
                  __pa_18   0x006724    program     static /home/achim/proj/rocrail/rocrail-hardware/cbus/cangc1e/TCPIP Stack/Helpers.c
                  __pa_18   0x003916    program     static /home/achim/proj/rocrail/rocrail-hardware/cbus/cangc1e/TCPIP Stack/TCP.c
                  __pa_18   0x000976    program     static /home/achim/proj/rocrail/rocrail-hardware/cbus/cangc1e/commands.c
                 __pa_180   0x004220    program     static /home/achim/proj/rocrail/rocrail-hardware/cbus/cangc1e/TCPIP Stack/TCP.c
                 __pa_181   0x00422a    program     static /home/achim/proj/rocrail/rocrail-hardware/cbus/cangc1e/TCPIP Stack/TCP.c
                 __pa_182   0x004234    program     static /home/achim/proj/rocrail/rocrail-hardware/cbus/cangc1e/TCPIP Stack/TCP.c
                 __pa_183   0x00423a    program     static /home/achim/proj/rocrail/rocrail-hardware/cbus/cangc1e/TCPIP Stack/TCP.c
                 __pa_184   0x004244    program     static /home/achim/proj/rocrail/rocrail-hardware/cbus/cangc1e/TCPIP Stack/TCP.c
                 __pa_185   0x004260    program     static /home/achim/proj/rocrail/rocrail-hardware/cbus/cangc1e/TCPIP Stack/TCP.c
                 __pa_186   0x004272    program     static /home/achim/proj/rocrail/rocrail-hardware/cbus/cangc1e/TCPIP Stack/TCP.c
                 __pa_187   0x0042a2    program     static /home/achim/proj/rocrail/rocrail-hardware/cbus/cangc1e/TCPIP Stack/TCP.c
                 __pa_188   0x0042aa    program     static /home/achim/proj/rocrail/rocrail-hardware/cbus/cangc1e/TCPIP Stack/TCP.c
                 __pa_189   0x0042b4    program     static /home/achim/proj/rocrail/rocrail-hardware/cbus/cangc1e/TCPIP Stack/TCP.c
                  __pa_19   0x0058de    program     static /home/achim/proj/rocrail/rocrail-hardware/cbus/cangc1e/TCPIP Stack/ENC28J60.c
                  __pa_19   0x003924    program     static /home/achim/proj/rocrail/rocrail-hardware/cbus/cangc1e/TCPIP Stack/TCP.c
                  __pa_19   0x006732    program     static /home/achim/proj/rocrail/rocrail-hardware/cbus/cangc1e/TCPIP Stack/Helpers.c
                  __pa_19   0x000980    program     static /home/achim/proj/rocrail/rocrail-hardware/cbus/cangc1e/commands.c
                  __pa_19   0x00846a    program     static /home/achim/proj/rocrail/rocrail-hardware/cbus/cangc1e/TCPIP Stack/DHCP.c
                  __pa_19   0x007b48    program     static /home/achim/proj/rocrail/rocrail-hardware/cbus/cangc1e/gcaeth.c
                  __pa_19   0x007276    program     static /home/achim/proj/rocrail/rocrail-hardware/cbus/cangc1e/TCPIP Stack/UDP.c
                  __pa_19   0x008da8    program     static /home/achim/proj/rocrail/rocrail-hardware/cbus/cangc1e/canbus.c
                 __pa_190   0x0042ba    program     static /home/achim/proj/rocrail/rocrail-hardware/cbus/cangc1e/TCPIP Stack/TCP.c
                 __pa_191   0x0042c4    program     static /home/achim/proj/rocrail/rocrail-hardware/cbus/cangc1e/TCPIP Stack/TCP.c
                 __pa_192   0x0042ce    program     static /home/achim/proj/rocrail/rocrail-hardware/cbus/cangc1e/TCPIP Stack/TCP.c
                 __pa_193   0x0042f0    program     static /home/achim/proj/rocrail/rocrail-hardware/cbus/cangc1e/TCPIP Stack/TCP.c
                 __pa_194   0x0042fa    program     static /home/achim/proj/rocrail/rocrail-hardware/cbus/cangc1e/TCPIP Stack/TCP.c
                 __pa_195   0x004304    program     static /home/achim/proj/rocrail/rocrail-hardware/cbus/cangc1e/TCPIP Stack/TCP.c
                 __pa_196   0x00431e    program     static /home/achim/proj/rocrail/rocrail-hardware/cbus/cangc1e/TCPIP Stack/TCP.c
                 __pa_197   0x00432a    program     static /home/achim/proj/rocrail/rocrail-hardware/cbus/cangc1e/TCPIP Stack/TCP.c
                 __pa_198   0x004342    program     static /home/achim/proj/rocrail/rocrail-hardware/cbus/cangc1e/TCPIP Stack/TCP.c
                 __pa_199   0x00434c    program     static /home/achim/proj/rocrail/rocrail-hardware/cbus/cangc1e/TCPIP Stack/TCP.c
                   __pa_2   0x009086    program     static /home/achim/proj/rocrail/rocrail-hardware/cbus/cangc1e/TCPIP Stack/ICMP.c
                   __pa_2   0x006608    program     static /home/achim/proj/rocrail/rocrail-hardware/cbus/cangc1e/TCPIP Stack/Helpers.c
                   __pa_2   0x000b74    program     static /home/achim/proj/rocrail/rocrail-hardware/cbus/cangc1e/utils.c
                   __pa_2   0x0057e8    program     static /home/achim/proj/rocrail/rocrail-hardware/cbus/cangc1e/TCPIP Stack/ENC28J60.c
                   __pa_2   0x007186    program     static /home/achim/proj/rocrail/rocrail-hardware/cbus/cangc1e/TCPIP Stack/UDP.c
                   __pa_2   0x007a96    program     static /home/achim/proj/rocrail/rocrail-hardware/cbus/cangc1e/gcaeth.c
                   __pa_2   0x003734    program     static /home/achim/proj/rocrail/rocrail-hardware/cbus/cangc1e/TCPIP Stack/TCP.c
                   __pa_2   0x009678    program     static /home/achim/proj/rocrail/rocrail-hardware/cbus/cangc1e/TCPIP Stack/StackTsk.c
                   __pa_2   0x008330    program     static /home/achim/proj/rocrail/rocrail-hardware/cbus/cangc1e/TCPIP Stack/DHCP.c
                   __pa_2   0x0093b6    program     static /home/achim/proj/rocrail/rocrail-hardware/cbus/cangc1e/TCPIP Stack/IP.c
                   __pa_2   0x0008b0    program     static /home/achim/proj/rocrail/rocrail-hardware/cbus/cangc1e/commands.c
                   __pa_2   0x008cd2    program     static /home/achim/proj/rocrail/rocrail-hardware/cbus/cangc1e/canbus.c
                   __pa_2   0x009aca    program     static /home/achim/proj/rocrail/rocrail-hardware/cbus/cangc1e/eth.c
                   __pa_2   0x00892a    program     static /home/achim/proj/rocrail/rocrail-hardware/cbus/cangc1e/TCPIP Stack/ARP.c
                   __pa_2   0x009cf2    program     static /home/achim/proj/rocrail/rocrail-hardware/cbus/cangc1e/TCPIP Stack/Tick.c
                   __pa_2   0x009bda    program     static /home/achim/proj/rocrail/rocrail-hardware/cbus/cangc1e/io.c
                  __pa_20   0x00848a    program     static /home/achim/proj/rocrail/rocrail-hardware/cbus/cangc1e/TCPIP Stack/DHCP.c
                  __pa_20   0x00098a    program     static /home/achim/proj/rocrail/rocrail-hardware/cbus/cangc1e/commands.c
                  __pa_20   0x007b50    program     static /home/achim/proj/rocrail/rocrail-hardware/cbus/cangc1e/gcaeth.c
                  __pa_20   0x007280    program     static /home/achim/proj/rocrail/rocrail-hardware/cbus/cangc1e/TCPIP Stack/UDP.c
                  __pa_20   0x003932    program     static /home/achim/proj/rocrail/rocrail-hardware/cbus/cangc1e/TCPIP Stack/TCP.c
                  __pa_20   0x0058ec    program     static /home/achim/proj/rocrail/rocrail-hardware/cbus/cangc1e/TCPIP Stack/ENC28J60.c
                  __pa_20   0x008dae    program     static /home/achim/proj/rocrail/rocrail-hardware/cbus/cangc1e/canbus.c
                  __pa_20   0x006740    program     static /home/achim/proj/rocrail/rocrail-hardware/cbus/cangc1e/TCPIP Stack/Helpers.c
                 __pa_200   0x00435a    program     static /home/achim/proj/rocrail/rocrail-hardware/cbus/cangc1e/TCPIP Stack/TCP.c
                 __pa_201   0x004368    program     static /home/achim/proj/rocrail/rocrail-hardware/cbus/cangc1e/TCPIP Stack/TCP.c
                 __pa_202   0x004374    program     static /home/achim/proj/rocrail/rocrail-hardware/cbus/cangc1e/TCPIP Stack/TCP.c
                 __pa_203   0x00437c    program     static /home/achim/proj/rocrail/rocrail-hardware/cbus/cangc1e/TCPIP Stack/TCP.c
                 __pa_204   0x004384    program     static /home/achim/proj/rocrail/rocrail-hardware/cbus/cangc1e/TCPIP Stack/TCP.c
                 __pa_205   0x00438e    program     static /home/achim/proj/rocrail/rocrail-hardware/cbus/cangc1e/TCPIP Stack/TCP.c
                 __pa_206   0x0043a0    program     static /home/achim/proj/rocrail/rocrail-hardware/cbus/cangc1e/TCPIP Stack/TCP.c
                 __pa_207   0x0043c0    program     static /home/achim/proj/rocrail/rocrail-hardware/cbus/cangc1e/TCPIP Stack/TCP.c
                 __pa_208   0x0043c8    program     static /home/achim/proj/rocrail/rocrail-hardware/cbus/cangc1e/TCPIP Stack/TCP.c
                 __pa_209   0x0043d0    program     static /home/achim/proj/rocrail/rocrail-hardware/cbus/cangc1e/TCPIP Stack/TCP.c
                  __pa_21   0x008490    program     static /home/achim/proj/rocrail/rocrail-hardware/cbus/cangc1e/TCPIP Stack/DHCP.c
                  __pa_21   0x007b56    program     static /home/achim/proj/rocrail/rocrail-hardware/cbus/cangc1e/gcaeth.c
                  __pa_21   0x000992    program     static /home/achim/proj/rocrail/rocrail-hardware/cbus/cangc1e/commands.c
                  __pa_21   0x008db4    program     static /home/achim/proj/rocrail/rocrail-hardware/cbus/cangc1e/canbus.c
                  __pa_21   0x0058f4    program     static /home/achim/proj/rocrail/rocrail-hardware/cbus/cangc1e/TCPIP Stack/ENC28J60.c
                  __pa_21   0x00674e    program     static /home/achim/proj/rocrail/rocrail-hardware/cbus/cangc1e/TCPIP Stack/Helpers.c
                  __pa_21   0x00393c    program     static /home/achim/proj/rocrail/rocrail-hardware/cbus/cangc1e/TCPIP Stack/TCP.c
                  __pa_21   0x00728a    program     static /home/achim/proj/rocrail/rocrail-hardware/cbus/cangc1e/TCPIP Stack/UDP.c
                 __pa_210   0x0043e0    program     static /home/achim/proj/rocrail/rocrail-hardware/cbus/cangc1e/TCPIP Stack/TCP.c
                 __pa_211   0x0043ee    program     static /home/achim/proj/rocrail/rocrail-hardware/cbus/cangc1e/TCPIP Stack/TCP.c
                 __pa_212   0x0043fc    program     static /home/achim/proj/rocrail/rocrail-hardware/cbus/cangc1e/TCPIP Stack/TCP.c
                 __pa_213   0x00440a    program     static /home/achim/proj/rocrail/rocrail-hardware/cbus/cangc1e/TCPIP Stack/TCP.c
                 __pa_214   0x004418    program     static /home/achim/proj/rocrail/rocrail-hardware/cbus/cangc1e/TCPIP Stack/TCP.c
                 __pa_215   0x004422    program     static /home/achim/proj/rocrail/rocrail-hardware/cbus/cangc1e/TCPIP Stack/TCP.c
                 __pa_216   0x00442a    program     static /home/achim/proj/rocrail/rocrail-hardware/cbus/cangc1e/TCPIP Stack/TCP.c
                 __pa_217   0x004432    program     static /home/achim/proj/rocrail/rocrail-hardware/cbus/cangc1e/TCPIP Stack/TCP.c
                 __pa_218   0x00443a    program     static /home/achim/proj/rocrail/rocrail-hardware/cbus/cangc1e/TCPIP Stack/TCP.c
                 __pa_219   0x00444e    program     static /home/achim/proj/rocrail/rocrail-hardware/cbus/cangc1e/TCPIP Stack/TCP.c
                  __pa_22   0x003944    program     static /home/achim/proj/rocrail/rocrail-hardware/cbus/cangc1e/TCPIP Stack/TCP.c
                  __pa_22   0x005904    program     static /home/achim/proj/rocrail/rocrail-hardware/cbus/cangc1e/TCPIP Stack/ENC28J60.c
                  __pa_22   0x008dba    program     static /home/achim/proj/rocrail/rocrail-hardware/cbus/cangc1e/canbus.c
                  __pa_22   0x00099a    program     static /home/achim/proj/rocrail/rocrail-hardware/cbus/cangc1e/commands.c
                  __pa_22   0x008498    program     static /home/achim/proj/rocrail/rocrail-hardware/cbus/cangc1e/TCPIP Stack/DHCP.c
                  __pa_22   0x007b5a    program     static /home/achim/proj/rocrail/rocrail-hardware/cbus/cangc1e/gcaeth.c
                  __pa_22   0x00729c    program     static /home/achim/proj/rocrail/rocrail-hardware/cbus/cangc1e/TCPIP Stack/UDP.c
                  __pa_22   0x00675c    program     static /home/achim/proj/rocrail/rocrail-hardware/cbus/cangc1e/TCPIP Stack/Helpers.c
                 __pa_220   0x004456    program     static /home/achim/proj/rocrail/rocrail-hardware/cbus/cangc1e/TCPIP Stack/TCP.c
                 __pa_221   0x004466    program     static /home/achim/proj/rocrail/rocrail-hardware/cbus/cangc1e/TCPIP Stack/TCP.c
                 __pa_222   0x00447c    program     static /home/achim/proj/rocrail/rocrail-hardware/cbus/cangc1e/TCPIP Stack/TCP.c
                 __pa_223   0x004486    program     static /home/achim/proj/rocrail/rocrail-hardware/cbus/cangc1e/TCPIP Stack/TCP.c
                 __pa_224   0x00448e    program     static /home/achim/proj/rocrail/rocrail-hardware/cbus/cangc1e/TCPIP Stack/TCP.c
[...]
                   RXB0D7   0x000f6d       data     extern C:\MCC18\v3_39\src\traditional\proc\p18F2585.asm
                  CANSTAT   0x000f6e       data     extern C:\MCC18\v3_39\src\traditional\proc\p18F2585.asm
              CANSTATbits   0x000f6e       data     extern C:\MCC18\v3_39\src\traditional\proc\p18F2585.asm
               CANCONbits   0x000f6f       data     extern C:\MCC18\v3_39\src\traditional\proc\p18F2585.asm
                   CANCON   0x000f6f       data     extern C:\MCC18\v3_39\src\traditional\proc\p18F2585.asm
                  BRGCON1   0x000f70       data     extern C:\MCC18\v3_39\src\traditional\proc\p18F2585.asm
              BRGCON1bits   0x000f70       data     extern C:\MCC18\v3_39\src\traditional\proc\p18F2585.asm
                  BRGCON2   0x000f71       data     extern C:\MCC18\v3_39\src\traditional\proc\p18F2585.asm
              BRGCON2bits   0x000f71       data     extern C:\MCC18\v3_39\src\traditional\proc\p18F2585.asm
                  BRGCON3   0x000f72       data     extern C:\MCC18\v3_39\src\traditional\proc\p18F2585.asm
              BRGCON3bits   0x000f72       data     extern C:\MCC18\v3_39\src\traditional\proc\p18F2585.asm
                   CIOCON   0x000f73       data     extern C:\MCC18\v3_39\src\traditional\proc\p18F2585.asm
               CIOCONbits   0x000f73       data     extern C:\MCC18\v3_39\src\traditional\proc\p18F2585.asm
                  COMSTAT   0x000f74       data     extern C:\MCC18\v3_39\src\traditional\proc\p18F2585.asm
              COMSTATbits   0x000f74       data     extern C:\MCC18\v3_39\src\traditional\proc\p18F2585.asm
             RXERRCNTbits   0x000f75       data     extern C:\MCC18\v3_39\src\traditional\proc\p18F2585.asm
                 RXERRCNT   0x000f75       data     extern C:\MCC18\v3_39\src\traditional\proc\p18F2585.asm
                 TXERRCNT   0x000f76       data     extern C:\MCC18\v3_39\src\traditional\proc\p18F2585.asm
             TXERRCNTbits   0x000f76       data     extern C:\MCC18\v3_39\src\traditional\proc\p18F2585.asm
                  ECANCON   0x000f77       data     extern C:\MCC18\v3_39\src\traditional\proc\p18F2585.asm
              ECANCONbits   0x000f77       data     extern C:\MCC18\v3_39\src\traditional\proc\p18F2585.asm
                    PORTA   0x000f80       data     extern C:\MCC18\v3_39\src\traditional\proc\p18F2585.asm
                PORTAbits   0x000f80       data     extern C:\MCC18\v3_39\src\traditional\proc\p18F2585.asm
                    PORTB   0x000f81       data     extern C:\MCC18\v3_39\src\traditional\proc\p18F2585.asm
                PORTBbits   0x000f81       data     extern C:\MCC18\v3_39\src\traditional\proc\p18F2585.asm
                    PORTC   0x000f82       data     extern C:\MCC18\v3_39\src\traditional\proc\p18F2585.asm
                PORTCbits   0x000f82       data     extern C:\MCC18\v3_39\src\traditional\proc\p18F2585.asm
                    PORTE   0x000f84       data     extern C:\MCC18\v3_39\src\traditional\proc\p18F2585.asm
                PORTEbits   0x000f84       data     extern C:\MCC18\v3_39\src\traditional\proc\p18F2585.asm
                     LATA   0x000f89       data     extern C:\MCC18\v3_39\src\traditional\proc\p18F2585.asm
                 LATAbits   0x000f89       data     extern C:\MCC18\v3_39\src\traditional\proc\p18F2585.asm
                     LATB   0x000f8a       data     extern C:\MCC18\v3_39\src\traditional\proc\p18F2585.asm
                 LATBbits   0x000f8a       data     extern C:\MCC18\v3_39\src\traditional\proc\p18F2585.asm
                 LATCbits   0x000f8b       data     extern C:\MCC18\v3_39\src\traditional\proc\p18F2585.asm
                     LATC   0x000f8b       data     extern C:\MCC18\v3_39\src\traditional\proc\p18F2585.asm
                 DDRAbits   0x000f92       data     extern C:\MCC18\v3_39\src\traditional\proc\p18F2585.asm
                     DDRA   0x000f92       data     extern C:\MCC18\v3_39\src\traditional\proc\p18F2585.asm
                    TRISA   0x000f92       data     extern C:\MCC18\v3_39\src\traditional\proc\p18F2585.asm
                TRISAbits   0x000f92       data     extern C:\MCC18\v3_39\src\traditional\proc\p18F2585.asm
                     DDRB   0x000f93       data     extern C:\MCC18\v3_39\src\traditional\proc\p18F2585.asm
                 DDRBbits   0x000f93       data     extern C:\MCC18\v3_39\src\traditional\proc\p18F2585.asm
                    TRISB   0x000f93       data     extern C:\MCC18\v3_39\src\traditional\proc\p18F2585.asm
                TRISBbits   0x000f93       data     extern C:\MCC18\v3_39\src\traditional\proc\p18F2585.asm
                     DDRC   0x000f94       data     extern C:\MCC18\v3_39\src\traditional\proc\p18F2585.asm
                 DDRCbits   0x000f94       data     extern C:\MCC18\v3_39\src\traditional\proc\p18F2585.asm
                    TRISC   0x000f94       data     extern C:\MCC18\v3_39\src\traditional\proc\p18F2585.asm
                TRISCbits   0x000f94       data     extern C:\MCC18\v3_39\src\traditional\proc\p18F2585.asm
              OSCTUNEbits   0x000f9b       data     extern C:\MCC18\v3_39\src\traditional\proc\p18F2585.asm
                  OSCTUNE   0x000f9b       data     extern C:\MCC18\v3_39\src\traditional\proc\p18F2585.asm
                 PIE1bits   0x000f9d       data     extern C:\MCC18\v3_39\src\traditional\proc\p18F2585.asm
                     PIE1   0x000f9d       data     extern C:\MCC18\v3_39\src\traditional\proc\p18F2585.asm
                     PIR1   0x000f9e       data     extern C:\MCC18\v3_39\src\traditional\proc\p18F2585.asm
                 PIR1bits   0x000f9e       data     extern C:\MCC18\v3_39\src\traditional\proc\p18F2585.asm
                 IPR1bits   0x000f9f       data     extern C:\MCC18\v3_39\src\traditional\proc\p18F2585.asm
                     IPR1   0x000f9f       data     extern C:\MCC18\v3_39\src\traditional\proc\p18F2585.asm
                     PIE2   0x000fa0       data     extern C:\MCC18\v3_39\src\traditional\proc\p18F2585.asm
                 PIE2bits   0x000fa0       data     extern C:\MCC18\v3_39\src\traditional\proc\p18F2585.asm
                 PIR2bits   0x000fa1       data     extern C:\MCC18\v3_39\src\traditional\proc\p18F2585.asm
                     PIR2   0x000fa1       data     extern C:\MCC18\v3_39\src\traditional\proc\p18F2585.asm
                 IPR2bits   0x000fa2       data     extern C:\MCC18\v3_39\src\traditional\proc\p18F2585.asm
                     IPR2   0x000fa2       data     extern C:\MCC18\v3_39\src\traditional\proc\p18F2585.asm
                     PIE3   0x000fa3       data     extern C:\MCC18\v3_39\src\traditional\proc\p18F2585.asm
                 PIE3bits   0x000fa3       data     extern C:\MCC18\v3_39\src\traditional\proc\p18F2585.asm
                 PIR3bits   0x000fa4       data     extern C:\MCC18\v3_39\src\traditional\proc\p18F2585.asm
                     PIR3   0x000fa4       data     extern C:\MCC18\v3_39\src\traditional\proc\p18F2585.asm
                     IPR3   0x000fa5       data     extern C:\MCC18\v3_39\src\traditional\proc\p18F2585.asm
                 IPR3bits   0x000fa5       data     extern C:\MCC18\v3_39\src\traditional\proc\p18F2585.asm
               EECON1bits   0x000fa6       data     extern C:\MCC18\v3_39\src\traditional\proc\p18F2585.asm
                   EECON1   0x000fa6       data     extern C:\MCC18\v3_39\src\traditional\proc\p18F2585.asm
                   EECON2   0x000fa7       data     extern C:\MCC18\v3_39\src\traditional\proc\p18F2585.asm
                   EEDATA   0x000fa8       data     extern C:\MCC18\v3_39\src\traditional\proc\p18F2585.asm
                    EEADR   0x000fa9       data     extern C:\MCC18\v3_39\src\traditional\proc\p18F2585.asm
                   EEADRH   0x000faa       data     extern C:\MCC18\v3_39\src\traditional\proc\p18F2585.asm
                    RCSTA   0x000fab       data     extern C:\MCC18\v3_39\src\traditional\proc\p18F2585.asm
                RCSTAbits   0x000fab       data     extern C:\MCC18\v3_39\src\traditional\proc\p18F2585.asm
                    TXSTA   0x000fac       data     extern C:\MCC18\v3_39\src\traditional\proc\p18F2585.asm
                TXSTAbits   0x000fac       data     extern C:\MCC18\v3_39\src\traditional\proc\p18F2585.asm
                    TXREG   0x000fad       data     extern C:\MCC18\v3_39\src\traditional\proc\p18F2585.asm
                    RCREG   0x000fae       data     extern C:\MCC18\v3_39\src\traditional\proc\p18F2585.asm
                    SPBRG   0x000faf       data     extern C:\MCC18\v3_39\src\traditional\proc\p18F2585.asm
                   SPBRGH   0x000fb0       data     extern C:\MCC18\v3_39\src\traditional\proc\p18F2585.asm
                    T3CON   0x000fb1       data     extern C:\MCC18\v3_39\src\traditional\proc\p18F2585.asm
                T3CONbits   0x000fb1       data     extern C:\MCC18\v3_39\src\traditional\proc\p18F2585.asm
                    TMR3L   0x000fb2       data     extern C:\MCC18\v3_39\src\traditional\proc\p18F2585.asm
                    TMR3H   0x000fb3       data     extern C:\MCC18\v3_39\src\traditional\proc\p18F2585.asm
                  BAUDCON   0x000fb8       data     extern C:\MCC18\v3_39\src\traditional\proc\p18F2585.asm
              BAUDCONbits   0x000fb8       data     extern C:\MCC18\v3_39\src\traditional\proc\p18F2585.asm
                  BAUDCTL   0x000fb8       data     extern C:\MCC18\v3_39\src\traditional\proc\p18F2585.asm
              BAUDCTLbits   0x000fb8       data     extern C:\MCC18\v3_39\src\traditional\proc\p18F2585.asm
                  CCP1CON   0x000fbd       data     extern C:\MCC18\v3_39\src\traditional\proc\p18F2585.asm
              CCP1CONbits   0x000fbd       data     extern C:\MCC18\v3_39\src\traditional\proc\p18F2585.asm
                   CCPR1L   0x000fbe       data     extern C:\MCC18\v3_39\src\traditional\proc\p18F2585.asm
                    CCPR1   0x000fbe       data     extern C:\MCC18\v3_39\src\traditional\proc\p18F2585.asm
                   CCPR1H   0x000fbf       data     extern C:\MCC18\v3_39\src\traditional\proc\p18F2585.asm
               ADCON2bits   0x000fc0       data     extern C:\MCC18\v3_39\src\traditional\proc\p18F2585.asm
                   ADCON2   0x000fc0       data     extern C:\MCC18\v3_39\src\traditional\proc\p18F2585.asm
               ADCON1bits   0x000fc1       data     extern C:\MCC18\v3_39\src\traditional\proc\p18F2585.asm
                   ADCON1   0x000fc1       data     extern C:\MCC18\v3_39\src\traditional\proc\p18F2585.asm
                   ADCON0   0x000fc2       data     extern C:\MCC18\v3_39\src\traditional\proc\p18F2585.asm
               ADCON0bits   0x000fc2       data     extern C:\MCC18\v3_39\src\traditional\proc\p18F2585.asm
                    ADRES   0x000fc3       data     extern C:\MCC18\v3_39\src\traditional\proc\p18F2585.asm
                   ADRESL   0x000fc3       data     extern C:\MCC18\v3_39\src\traditional\proc\p18F2585.asm
                   ADRESH   0x000fc4       data     extern C:\MCC18\v3_39\src\traditional\proc\p18F2585.asm
              SSPCON2bits   0x000fc5       data     extern C:\MCC18\v3_39\src\traditional\proc\p18F2585.asm
                  SSPCON2   0x000fc5       data     extern C:\MCC18\v3_39\src\traditional\proc\p18F2585.asm
              SSPCON1bits   0x000fc6       data     extern C:\MCC18\v3_39\src\traditional\proc\p18F2585.asm
                  SSPCON1   0x000fc6       data     extern C:\MCC18\v3_39\src\traditional\proc\p18F2585.asm
                  SSPSTAT   0x000fc7       data     extern C:\MCC18\v3_39\src\traditional\proc\p18F2585.asm
              SSPSTATbits   0x000fc7       data     extern C:\MCC18\v3_39\src\traditional\proc\p18F2585.asm
                   SSPADD   0x000fc8       data     extern C:\MCC18\v3_39\src\traditional\proc\p18F2585.asm
                   SSPBUF   0x000fc9       data     extern C:\MCC18\v3_39\src\traditional\proc\p18F2585.asm
                    T2CON   0x000fca       data     extern C:\MCC18\v3_39\src\traditional\proc\p18F2585.asm
                T2CONbits   0x000fca       data     extern C:\MCC18\v3_39\src\traditional\proc\p18F2585.asm
                      PR2   0x000fcb       data     extern C:\MCC18\v3_39\src\traditional\proc\p18F2585.asm
                     TMR2   0x000fcc       data     extern C:\MCC18\v3_39\src\traditional\proc\p18F2585.asm
                    T1CON   0x000fcd       data     extern C:\MCC18\v3_39\src\traditional\proc\p18F2585.asm
                T1CONbits   0x000fcd       data     extern C:\MCC18\v3_39\src\traditional\proc\p18F2585.asm
                    TMR1L   0x000fce       data     extern C:\MCC18\v3_39\src\traditional\proc\p18F2585.asm
                    TMR1H   0x000fcf       data     extern C:\MCC18\v3_39\src\traditional\proc\p18F2585.asm
                 RCONbits   0x000fd0       data     extern C:\MCC18\v3_39\src\traditional\proc\p18F2585.asm
                     RCON   0x000fd0       data     extern C:\MCC18\v3_39\src\traditional\proc\p18F2585.asm
               WDTCONbits   0x000fd1       data     extern C:\MCC18\v3_39\src\traditional\proc\p18F2585.asm
                   WDTCON   0x000fd1       data     extern C:\MCC18\v3_39\src\traditional\proc\p18F2585.asm
                  HLVDCON   0x000fd2       data     extern C:\MCC18\v3_39\src\traditional\proc\p18F2585.asm
                   LVDCON   0x000fd2       data     extern C:\MCC18\v3_39\src\traditional\proc\p18F2585.asm
               LVDCONbits   0x000fd2       data     extern C:\MCC18\v3_39\src\traditional\proc\p18F2585.asm
              HLVDCONbits   0x000fd2       data     extern C:\MCC18\v3_39\src\traditional\proc\p18F2585.asm
                   OSCCON   0x000fd3       data     extern C:\MCC18\v3_39\src\traditional\proc\p18F2585.asm
               OSCCONbits   0x000fd3       data     extern C:\MCC18\v3_39\src\traditional\proc\p18F2585.asm
                    T0CON   0x000fd5       data     extern C:\MCC18\v3_39\src\traditional\proc\p18F2585.asm
                T0CONbits   0x000fd5       data     extern C:\MCC18\v3_39\src\traditional\proc\p18F2585.asm
                    TMR0L   0x000fd6       data     extern C:\MCC18\v3_39\src\traditional\proc\p18F2585.asm
                    TMR0H   0x000fd7       data     extern C:\MCC18\v3_39\src\traditional\proc\p18F2585.asm
               STATUSbits   0x000fd8       data     extern C:\MCC18\v3_39\src\traditional\proc\p18F2585.asm
                   STATUS   0x000fd8       data     extern C:\MCC18\v3_39\src\traditional\proc\p18F2585.asm
                     FSR2   0x000fd9       data     extern C:\MCC18\v3_39\src\traditional\proc\p18F2585.asm
                    FSR2L   0x000fd9       data     extern C:\MCC18\v3_39\src\traditional\proc\p18F2585.asm
                    FSR2H   0x000fda       data     extern C:\MCC18\v3_39\src\traditional\proc\p18F2585.asm
                   PLUSW2   0x000fdb       data     extern C:\MCC18\v3_39\src\traditional\proc\p18F2585.asm
                  PREINC2   0x000fdc       data     extern C:\MCC18\v3_39\src\traditional\proc\p18F2585.asm
                 POSTDEC2   0x000fdd       data     extern C:\MCC18\v3_39\src\traditional\proc\p18F2585.asm
                 POSTINC2   0x000fde       data     extern C:\MCC18\v3_39\src\traditional\proc\p18F2585.asm
                    INDF2   0x000fdf       data     extern C:\MCC18\v3_39\src\traditional\proc\p18F2585.asm
                      BSR   0x000fe0       data     extern C:\MCC18\v3_39\src\traditional\proc\p18F2585.asm
                     FSR1   0x000fe1       data     extern C:\MCC18\v3_39\src\traditional\proc\p18F2585.asm
                    FSR1L   0x000fe1       data     extern C:\MCC18\v3_39\src\traditional\proc\p18F2585.asm
                    FSR1H   0x000fe2       data     extern C:\MCC18\v3_39\src\traditional\proc\p18F2585.asm
                   PLUSW1   0x000fe3       data     extern C:\MCC18\v3_39\src\traditional\proc\p18F2585.asm
                  PREINC1   0x000fe4       data     extern C:\MCC18\v3_39\src\traditional\proc\p18F2585.asm
                 POSTDEC1   0x000fe5       data     extern C:\MCC18\v3_39\src\traditional\proc\p18F2585.asm
                 POSTINC1   0x000fe6       data     extern C:\MCC18\v3_39\src\traditional\proc\p18F2585.asm
                    INDF1   0x000fe7       data     extern C:\MCC18\v3_39\src\traditional\proc\p18F2585.asm
                     WREG   0x000fe8       data     extern C:\MCC18\v3_39\src\traditional\proc\p18F2585.asm
                    FSR0L   0x000fe9       data     extern C:\MCC18\v3_39\src\traditional\proc\p18F2585.asm
                     FSR0   0x000fe9       data     extern C:\MCC18\v3_39\src\traditional\proc\p18F2585.asm
                    FSR0H   0x000fea       data     extern C:\MCC18\v3_39\src\traditional\proc\p18F2585.asm
                   PLUSW0   0x000feb       data     extern C:\MCC18\v3_39\src\traditional\proc\p18F2585.asm
                  PREINC0   0x000fec       data     extern C:\MCC18\v3_39\src\traditional\proc\p18F2585.asm
                 POSTDEC0   0x000fed       data     extern C:\MCC18\v3_39\src\traditional\proc\p18F2585.asm
                 POSTINC0   0x000fee       data     extern C:\MCC18\v3_39\src\traditional\proc\p18F2585.asm
                    INDF0   0x000fef       data     extern C:\MCC18\v3_39\src\traditional\proc\p18F2585.asm
                  INTCON3   0x000ff0       data     extern C:\MCC18\v3_39\src\traditional\proc\p18F2585.asm
              INTCON3bits   0x000ff0       data     extern C:\MCC18\v3_39\src\traditional\proc\p18F2585.asm
                  INTCON2   0x000ff1       data     extern C:\MCC18\v3_39\src\traditional\proc\p18F2585.asm
              INTCON2bits   0x000ff1       data     extern C:\MCC18\v3_39\src\traditional\proc\p18F2585.asm
                   INTCON   0x000ff2       data     extern C:\MCC18\v3_39\src\traditional\proc\p18F2585.asm
               INTCONbits   0x000ff2       data     extern C:\MCC18\v3_39\src\traditional\proc\p18F2585.asm
                     PROD   0x000ff3       data     extern C:\MCC18\v3_39\src\traditional\proc\p18F2585.asm
                    PRODL   0x000ff3       data     extern C:\MCC18\v3_39\src\traditional\proc\p18F2585.asm
                    PRODH   0x000ff4       data     extern C:\MCC18\v3_39\src\traditional\proc\p18F2585.asm
                   TABLAT   0x000ff5       data     extern C:\MCC18\v3_39\src\traditional\proc\p18F2585.asm
                  TBLPTRL   0x000ff6       data     extern C:\MCC18\v3_39\src\traditional\proc\p18F2585.asm
                   TBLPTR   0x000ff6       data     extern C:\MCC18\v3_39\src\traditional\proc\p18F2585.asm
                  TBLPTRH   0x000ff7       data     extern C:\MCC18\v3_39\src\traditional\proc\p18F2585.asm
                  TBLPTRU   0x000ff8       data     extern C:\MCC18\v3_39\src\traditional\proc\p18F2585.asm
                       PC   0x000ff9       data     extern C:\MCC18\v3_39\src\traditional\proc\p18F2585.asm
                      PCL   0x000ff9       data     extern C:\MCC18\v3_39\src\traditional\proc\p18F2585.asm
                   PCLATH   0x000ffa       data     extern C:\MCC18\v3_39\src\traditional\proc\p18F2585.asm
                   PCLATU   0x000ffb       data     extern C:\MCC18\v3_39\src\traditional\proc\p18F2585.asm
                   STKPTR   0x000ffc       data     extern C:\MCC18\v3_39\src\traditional\proc\p18F2585.asm
               STKPTRbits   0x000ffc       data     extern C:\MCC18\v3_39\src\traditional\proc\p18F2585.asm
                      TOS   0x000ffd       data     extern C:\MCC18\v3_39\src\traditional\proc\p18F2585.asm
                     TOSL   0x000ffd       data     extern C:\MCC18\v3_39\src\traditional\proc\p18F2585.asm
                     TOSH   0x000ffe       data     extern C:\MCC18\v3_39\src\traditional\proc\p18F2585.asm
                     TOSU   0x000fff       data     extern C:\MCC18\v3_39\src\traditional\proc\p18F2585.asm


