EESchema (2007-01-15)  >> Creation date: 14/7/2008-20:07:29

#Cmp ( order = Reference )
| C1         18pF        
| C2         18pF        
| C3         470µF      
| C4         100nF       
| C5         100µF      
| C6         100nF       
| C7         100µF      
| C8         100nF       
| D1         1N4148      
| D10        LED         
| D11        B80C1500    
| D2         LED         
| D3         LED         
| D4         LED         
| D5         LED         
| D6         LED         
| D7         LED         
| D8         LED         
| D9         LED         
| F1         Multifuse 0,5A
| JP1        JUMPER      
| JP2        JUMPER      
| K1         CONN_3      
| K2         CONN_3      
| K3         CONN_3      
| K4         CONN_3      
| O1         6N136       
| P1         ISP         
| P2         CONN_2      
| P3         CONN_2      
| Q1         BD678       
| Q2         BD678       
| Q3         BD678       
| Q4         BD678       
| Q5         BD678       
| Q6         BD678       
| Q7         BD678       
| Q8         BD678       
| R1         1K5         
| R10        1K5         
| R11        5K6         
| R12        1K5         
| R13        5K6         
| R14        1K          
| R15        1K5         
| R16        5K6         
| R17        1K5         
| R18        5K6         
| R19        1K          
| R2         10K         
| R20        1K5         
| R21        5K6         
| R22        1K5         
| R23        5K6         
| R24        1K          
| R25        470R        
| R26        1K5         
| R27        10k         
| R3         10K         
| R4         1K5         
| R5         1K5         
| R6         5K6         
| R7         1K5         
| R8         5K6         
| R9         1K          
| RV1        5K          
| SW1        SW_PUSH     
| U1         ATTINY2313DIP/SO
| U2         ULN2803A    
| U3         ULN2803A    
| U4         LM7805      
| U5         LM317       
| X1         10MHz       
#End Cmp

#Cmp ( order = Value )
| 100nF        C4        
| 100nF        C6        
| 100nF        C8        
| 100µF       C5        
| 100µF       C7        
| 10K          R2        
| 10k          R27       
| 10K          R3        
| 10MHz        X1        
| 18pF         C1        
| 18pF         C2        
| 1K           R14       
| 1K           R19       
| 1K           R24       
| 1K           R9        
| 1K5          R1        
| 1K5          R10       
| 1K5          R12       
| 1K5          R15       
| 1K5          R17       
| 1K5          R20       
| 1K5          R22       
| 1K5          R26       
| 1K5          R4        
| 1K5          R5        
| 1K5          R7        
| 1N4148       D1        
| 470R         R25       
| 470µF       C3        
| 5K           RV1       
| 5K6          R11       
| 5K6          R13       
| 5K6          R16       
| 5K6          R18       
| 5K6          R21       
| 5K6          R23       
| 5K6          R6        
| 5K6          R8        
| 6N136        O1        
| ATTINY2313DIP/SO U1        
| B80C1500     D11       
| BD678        Q1        
| BD678        Q2        
| BD678        Q3        
| BD678        Q4        
| BD678        Q5        
| BD678        Q6        
| BD678        Q7        
| BD678        Q8        
| CONN_2       P2        
| CONN_2       P3        
| CONN_3       K1        
| CONN_3       K2        
| CONN_3       K3        
| CONN_3       K4        
| ISP          P1        
| JUMPER       JP1       
| JUMPER       JP2       
| LED          D10       
| LED          D2        
| LED          D3        
| LED          D4        
| LED          D5        
| LED          D6        
| LED          D7        
| LED          D8        
| LED          D9        
| LM317        U5        
| LM7805       U4        
| Multifuse 0,5A F1        
| SW_PUSH      SW1       
| ULN2803A     U2        
| ULN2803A     U3        
#End Cmp

#End List
