EESchema (2007-01-15)  >> Creation date: 27/9/2007-21:11:11

#Cmp ( order = Reference )
| C1         100uF       
| C10        2200uF      
| C11        2200uF      
| C12        2200uF      
| C13        2200uF      
| C14        2200uF      
| C2         100uF       
| C3         100nF       
| C4         100nF       
| C5         10000uF     
| C6         10000uF     
| C7         2200uF      
| C8         2200uF      
| C9         2200uF      
| D1         6A10        
| D10        1N4148      
| D11        LED         
| D12        LED         
| D2         6A10        
| D3         6A10        
| D4         6A10        
| D5         1N4001      
| D6         1N4001      
| D7         1N4148      
| D8         1N4148      
| D9         1N4148      
| F1         3,15A       
| F2         3,15A       
| J1         CONN_3      
| J2         CONN_2      
| J3         CONN_2      
| P1         CONN_5      
| P2         CONN_5      
| P3         CONN_3      
| P4         CONN_2      
| Q1         TIP141      
| Q2         TIP146      
| Q3         BC337       
| Q4         BC327       
| Q5         BC337       
| Q6         BC337       
| R1         0R15        
| R10        100k        
| R11        10k         
| R12        560R        
| R13        10k         
| R14        100k        
| R15        22k         
| R16        3k3         
| R17        240R        
| R18        2k2         
| R2         0R15        
| R3         1000k       
| R4         100k        
| R5         22k         
| R6         1k          
| R7         100R        
| R8         100R        
| R9         15k         
| U1         7805        
| U2         7905        
| U3         NE5534      
| U4         LM317       
| Z1         15V         
| Z2         15V         
| Z3         15V         
#End Cmp

#Cmp ( order = Value )
| 0R15         R1        
| 0R15         R2        
| 10000uF      C5        
| 10000uF      C6        
| 1000k        R3        
| 100k         R10       
| 100k         R14       
| 100k         R4        
| 100nF        C3        
| 100nF        C4        
| 100R         R7        
| 100R         R8        
| 100uF        C1        
| 100uF        C2        
| 10k          R11       
| 10k          R13       
| 15k          R9        
| 15V          Z1        
| 15V          Z2        
| 15V          Z3        
| 1k           R6        
| 1N4001       D5        
| 1N4001       D6        
| 1N4148       D10       
| 1N4148       D7        
| 1N4148       D8        
| 1N4148       D9        
| 2200uF       C10       
| 2200uF       C11       
| 2200uF       C12       
| 2200uF       C13       
| 2200uF       C14       
| 2200uF       C7        
| 2200uF       C8        
| 2200uF       C9        
| 22k          R15       
| 22k          R5        
| 240R         R17       
| 2k2          R18       
| 3,15A        F1        
| 3,15A        F2        
| 3k3          R16       
| 560R         R12       
| 6A10         D1        
| 6A10         D2        
| 6A10         D3        
| 6A10         D4        
| 7805         U1        
| 7905         U2        
| BC327        Q4        
| BC337        Q3        
| BC337        Q5        
| BC337        Q6        
| CONN_2       J2        
| CONN_2       J3        
| CONN_2       P4        
| CONN_3       J1        
| CONN_3       P3        
| CONN_5       P1        
| CONN_5       P2        
| LED          D11       
| LED          D12       
| LM317        U4        
| NE5534       U3        
| TIP141       Q1        
| TIP146       Q2        
#End Cmp

#End List
